Archive member included to satisfy reference by file (symbol)

G:/devkitPro/libctru/lib\libctru.a(console.o)
                              main.o (consoleInit)
G:/devkitPro/libctru/lib\libctru.a(gfx.o)
                              G:/devkitPro/libctru/lib\libctru.a(console.o) (gfxIsWide)
G:/devkitPro/libctru/lib\libctru.a(srv.o)
                              main.o (srvInit)
G:/devkitPro/libctru/lib\libctru.a(apt.o)
                              main.o (aptExit)
G:/devkitPro/libctru/lib\libctru.a(fs.o)
                              main.o (fsInit)
G:/devkitPro/libctru/lib\libctru.a(gspgpu.o)
                              G:/devkitPro/libctru/lib\libctru.a(gfx.o) (gspInit)
G:/devkitPro/libctru/lib\libctru.a(hid.o)
                              main.o (hidScanInput)
G:/devkitPro/libctru/lib\libctru.a(irrst.o)
                              G:/devkitPro/libctru/lib\libctru.a(hid.o) (irrstInit)
G:/devkitPro/libctru/lib\libctru.a(srvpm.o)
                              G:/devkitPro/libctru/lib\libctru.a(srv.o) (srvPmGetSessionHandle)
G:/devkitPro/libctru/lib\libctru.a(ctru_init.o)
                              G:/devkitPro/libctru/lib\libctru.a(apt.o) (__system_retAddr)
G:/devkitPro/libctru/lib\libctru.a(initArgv.o)
                              G:/devkitPro/libctru/lib\libctru.a(ctru_init.o) (__system_initArgv)
G:/devkitPro/libctru/lib\libctru.a(syscalls.o)
                              G:/devkitPro/libctru/lib\libctru.a(ctru_init.o) (__system_initSyscalls)
G:/devkitPro/libctru/lib\libctru.a(svc.o)
                              main.o (svcSleepThread)
G:/devkitPro/libctru/lib\libctru.a(stack_adjust.o)
                              G:/devkitPro/devkitARM/bin/../lib/gcc/arm-none-eabi/13.2.0/../../../../arm-none-eabi/lib/armv6k/fpu/3dsx_crt0.o (initSystem)
G:/devkitPro/libctru/lib\libctru.a(default_font.bin.o)
                              G:/devkitPro/libctru/lib\libctru.a(console.o) (default_font_bin)
G:/devkitPro/libctru/lib\libctru.a(linear.o)
                              G:/devkitPro/libctru/lib\libctru.a(gfx.o) (linearAlloc)
G:/devkitPro/libctru/lib\libctru.a(mem_pool.o)
                              G:/devkitPro/libctru/lib\libctru.a(linear.o) (MemPool::Allocate(MemChunk&, unsigned long, int))
G:/devkitPro/libctru/lib\libctru.a(vram.o)
                              G:/devkitPro/libctru/lib\libctru.a(gfx.o) (vramAlloc)
G:/devkitPro/libctru/lib\libctru.a(3dslink.o)
                              G:/devkitPro/libctru/lib\libctru.a(initArgv.o) (__3dslink_host)
G:/devkitPro/libctru/lib\libctru.a(env.o)
                              G:/devkitPro/libctru/lib\libctru.a(srv.o) (envGetHandle)
G:/devkitPro/libctru/lib\libctru.a(os.o)
                              G:/devkitPro/libctru/lib\libctru.a(syscalls.o) (osGetTime)
G:/devkitPro/libctru/lib\libctru.a(synchronization.o)
                              G:/devkitPro/libctru/lib\libctru.a(ctru_init.o) (__sync_init)
G:/devkitPro/libctru/lib\libctru.a(thread.o)
                              G:/devkitPro/libctru/lib\libctru.a(apt.o) (threadCreate)
G:/devkitPro/libctru/lib\libctru.a(mappable.o)
                              G:/devkitPro/libctru/lib\libctru.a(apt.o) (mappableAlloc)
G:/devkitPro/libctru/lib\libctru.a(ptmsysm.o)
                              G:/devkitPro/libctru/lib\libctru.a(os.o) (ptmSysmInit)
G:/devkitPro/libctru/lib\libctru.a(soc_connect.o)
                              G:/devkitPro/libctru/lib\libctru.a(3dslink.o) (connect)
G:/devkitPro/libctru/lib\libctru.a(soc_socket.o)
                              G:/devkitPro/libctru/lib\libctru.a(3dslink.o) (socket)
G:/devkitPro/libctru/lib\libctru.a(rbtree_find.o)
                              G:/devkitPro/libctru/lib\libctru.a(linear.o) (rbtree_find)
G:/devkitPro/libctru/lib\libctru.a(rbtree_init.o)
                              G:/devkitPro/libctru/lib\libctru.a(linear.o) (rbtree_init)
G:/devkitPro/libctru/lib\libctru.a(rbtree_insert.o)
                              G:/devkitPro/libctru/lib\libctru.a(linear.o) (rbtree_insert)
G:/devkitPro/libctru/lib\libctru.a(rbtree_remove.o)
                              G:/devkitPro/libctru/lib\libctru.a(linear.o) (rbtree_remove)
G:/devkitPro/libctru/lib\libctru.a(rbtree_rotate.o)
                              G:/devkitPro/libctru/lib\libctru.a(rbtree_insert.o) (rbtree_rotate)
G:/devkitPro/libctru/lib\libctru.a(allocateHeaps.o)
                              G:/devkitPro/libctru/lib\libctru.a(ctru_init.o) (__system_allocateHeaps)
G:/devkitPro/libctru/lib\libctru.a(appExit.o)
                              G:/devkitPro/libctru/lib\libctru.a(stack_adjust.o) (__appExit)
G:/devkitPro/libctru/lib\libctru.a(appInit.o)
                              G:/devkitPro/libctru/lib\libctru.a(stack_adjust.o) (__appInit)
G:/devkitPro/libctru/lib\libctru.a(ctru_exit.o)
                              G:/devkitPro/libctru/lib\libctru.a(stack_adjust.o) (__libctru_exit)
G:/devkitPro/libctru/lib\libctru.a(archive_dev.o)
[...]
Memory Configuration

Name             Origin             Length             Attributes
*default*        0x00000000         0xffffffff

Linker script and memory map

                0x00100000                        PROVIDE (__start__ = 0x100000)
                0x00100000                        . = __start__

.text           0x00100000    0x24628
 *(.crt0)
 .crt0          0x00100000       0x94 G:/devkitPro/devkitARM/bin/../lib/gcc/arm-none-eabi/13.2.0/../../../../arm-none-eabi/lib/armv6k/fpu/3dsx_crt0.o
                0x00100000                _start
                0x00100008                __service_ptr
                0x0010000c                __apt_appid
                0x00100010                __heap_size
                0x00100014                __linear_heap_size
                0x00100018                __system_arglist
                0x0010001c                __system_runflags
 *(.init)
 .init          0x00100094        0xc G:/devkitPro/devkitARM/bin/../lib/gcc/arm-none-eabi/13.2.0/armv6k/fpu/crti.o
                0x00100094                _init
 .init          0x001000a0        0xc G:/devkitPro/devkitARM/bin/../lib/gcc/arm-none-eabi/13.2.0/armv6k/fpu/crtn.o
                0x001000ac                        . = ALIGN (0x4)
 *(.text)
 .text          0x001000ac      0x240 G:/devkitPro/devkitARM/bin/../lib/gcc/arm-none-eabi/13.2.0/armv6k/fpu\libgcc.a(_divsi3.o)
                0x001000ac                __divsi3
                0x001000ac                __aeabi_idiv
                0x001002cc                __aeabi_idivmod
 .text          0x001002ec        0x4 G:/devkitPro/devkitARM/bin/../lib/gcc/arm-none-eabi/13.2.0/armv6k/fpu\libgcc.a(_dvmd_tls.o)
                0x001002ec                __aeabi_idiv0
                0x001002ec                __aeabi_ldiv0
 .text          0x001002f0       0x3c G:/devkitPro/devkitARM/bin/../lib/gcc/arm-none-eabi/13.2.0/armv6k/fpu\libgcc.a(_aeabi_uldivmod.o)
                0x001002f0                __aeabi_uldivmod
 *fill*         0x0010032c       0x14 
 .text          0x00100340      0x390 G:/devkitPro/devkitARM/bin/../lib/gcc/arm-none-eabi/13.2.0/../../../../arm-none-eabi/lib/armv6k/fpu\libg.a(libc_a-strcmp.o)
                0x00100348                strcmp
 .text          0x001006d0      0x20c G:/devkitPro/devkitARM/bin/../lib/gcc/arm-none-eabi/13.2.0/armv6k/fpu\libgcc.a(_udivsi3.o)
                0x001006d0                __aeabi_uidiv
                0x001006d0                __udivsi3
                0x001008bc                __aeabi_uidivmod
 .text          0x001008dc      0x3c0 G:/devkitPro/devkitARM/bin/../lib/gcc/arm-none-eabi/13.2.0/armv6k/fpu\libgcc.a(_arm_addsubdf3.o)
                0x001008dc                __aeabi_drsub
                0x001008e4                __aeabi_dsub
                0x001008e4                __subdf3
                0x001008e8                __aeabi_dadd
                0x001008e8                __adddf3
                0x00100b94                __floatunsidf
                0x00100b94                __aeabi_ui2d
                0x00100bb8                __floatsidf
                0x00100bb8                __aeabi_i2d
                0x00100be0                __aeabi_f2d
                0x00100be0                __extendsfdf2
                0x00100c28                __floatundidf
                0x00100c28                __aeabi_ul2d
                0x00100c3c                __floatdidf
                0x00100c3c                __aeabi_l2d
 *(.text.*)
 .text.__do_global_dtors_aux
                0x00100c9c       0x40 G:/devkitPro/devkitARM/bin/../lib/gcc/arm-none-eabi/13.2.0/armv6k/fpu/crtbegin.o
 .text.frame_dummy
                0x00100cdc       0x2c G:/devkitPro/devkitARM/bin/../lib/gcc/arm-none-eabi/13.2.0/armv6k/fpu/crtbegin.o
 .text.compareSlotNumbers
                0x00100d08       0x10 main.o
                0x00100d08                compareSlotNumbers
 .text.selectRegion
                0x00100d18      0x118 main.o
                0x00100d18                selectRegion
 .text.listFolders
                0x00100e30       0xbc main.o
                0x00100e30                listFolders
 .text.selectFolder
                0x00100eec      0x120 main.o
                0x00100eec                selectFolder
 .text.copyDirectory
                0x0010100c      0x288 main.o
                0x0010100c                copyDirectory
 .text.deleteAndRenameFile
                0x00101294       0x70 main.o
                0x00101294                deleteAndRenameFile
 .text.createDirectoryRecursive
                0x00101304       0xac main.o
                0x00101304                createDirectoryRecursive
 .text.createWorldFolderName
                0x001013b0       0x54 main.o
                0x001013b0                createWorldFolderName
 .text.generateTemplateJson
                0x00101404      0x1d4 main.o
                0x00101404                generateTemplateJson
 .text.clearDirectory
                0x001015d8      0x114 main.o
                0x001015d8                clearDirectory
 *fill*         0x001016ec        0x4 
 .text.startup.main
                0x001016f0      0x2bc main.o
                0x001016f0                main
 .text.consoleHandleColorEsc
                0x001019ac      0x51c G:/devkitPro/libctru/lib\libctru.a(console.o)
 .text.consoleColorStateShift
                0x00101ec8       0xb8 G:/devkitPro/libctru/lib\libctru.a(console.o)
 .text.consoleDrawChar
                0x00101f80      0x1ac G:/devkitPro/libctru/lib\libctru.a(console.o)
                0x00101f80                consoleDrawChar
 .text.consolePrintChar
                0x0010212c      0x124 G:/devkitPro/libctru/lib\libctru.a(console.o)
                0x0010212c                consolePrintChar
 .text.con_write
                0x00102250      0x6f4 G:/devkitPro/libctru/lib\libctru.a(console.o)
                0x00102250                con_write
 .text.newRow   0x00102944       0xfc G:/devkitPro/libctru/lib\libctru.a(console.o)
 .text.consoleInit
                0x00102a40      0x18c G:/devkitPro/libctru/lib\libctru.a(console.o)
                0x00102a40                consoleInit
 .text.consoleClear
                0x00102bcc       0xb8 G:/devkitPro/libctru/lib\libctru.a(console.o)
                0x00102bcc                consoleClear
 .text.gfxPresentFramebuffer
                0x00102c84       0xd0 G:/devkitPro/libctru/lib\libctru.a(gfx.o)
 .text.gfxIsWide
                0x00102d54       0x1c G:/devkitPro/libctru/lib\libctru.a(gfx.o)
                0x00102d54                gfxIsWide
 .text.gfxSetScreenFormat
                0x00102d70       0xec G:/devkitPro/libctru/lib\libctru.a(gfx.o)
                0x00102d70                gfxSetScreenFormat
 .text.gfxSetDoubleBuffering
                0x00102e5c       0x10 G:/devkitPro/libctru/lib\libctru.a(gfx.o)
                0x00102e5c                gfxSetDoubleBuffering
 .text.gfxInit  0x00102e6c       0xe0 G:/devkitPro/libctru/lib\libctru.a(gfx.o)
                0x00102e6c                gfxInit
 .text.gfxInitDefault
                0x00102f4c       0x10 G:/devkitPro/libctru/lib\libctru.a(gfx.o)
                0x00102f4c                gfxInitDefault
 .text.gfxExit  0x00102f5c       0xb4 G:/devkitPro/libctru/lib\libctru.a(gfx.o)
                0x00102f5c                gfxExit
 .text.gfxGetFramebuffer
                0x00103010       0xa0 G:/devkitPro/libctru/lib\libctru.a(gfx.o)
                0x00103010                gfxGetFramebuffer
 .text.gfxFlushBuffers
                0x001030b0      0x104 G:/devkitPro/libctru/lib\libctru.a(gfx.o)
                0x001030b0                gfxFlushBuffers
 .text.gfxSwapBuffers
                0x001031b4       0x50 G:/devkitPro/libctru/lib\libctru.a(gfx.o)
                0x001031b4                gfxSwapBuffers
 .text.gfxSwapBuffersGpu
                0x00103204       0x50 G:/devkitPro/libctru/lib\libctru.a(gfx.o)
                0x00103204                gfxSwapBuffersGpu
 .text.srvInit  0x00103254      0x12c G:/devkitPro/libctru/lib\libctru.a(srv.o)
                0x00103254                srvInit
 .text.srvExit  0x00103380       0x58 G:/devkitPro/libctru/lib\libctru.a(srv.o)
                0x00103380                srvExit
 .text.srvEnableNotification
                0x001033d8       0x60 G:/devkitPro/libctru/lib\libctru.a(srv.o)
                0x001033d8                srvEnableNotification
 .text.srvGetServiceHandleDirect
                0x00103438       0xa0 G:/devkitPro/libctru/lib\libctru.a(srv.o)
                0x00103438                srvGetServiceHandleDirect
 .text.srvGetServiceHandle
                0x001034d8       0x38 G:/devkitPro/libctru/lib\libctru.a(srv.o)
                0x001034d8                srvGetServiceHandle
 .text.srvSubscribe
                0x00103510       0x34 G:/devkitPro/libctru/lib\libctru.a(srv.o)
                0x00103510                srvSubscribe
 .text.srvReceiveNotification
                0x00103544       0x60 G:/devkitPro/libctru/lib\libctru.a(srv.o)
                0x00103544                srvReceiveNotification
 .text.srvPublishToSubscriber
                0x001035a4       0x38 G:/devkitPro/libctru/lib\libctru.a(srv.o)
                0x001035a4                srvPublishToSubscriber
 .text.aptDspSleep
                0x001035dc        0x8 G:/devkitPro/libctru/lib\libctru.a(apt.o)
                0x001035dc                aptDspSleep
 .text.aptDspWakeup
                0x001035e4        0x4 G:/devkitPro/libctru/lib\libctru.a(apt.o)
                0x001035e4                aptDspWakeup
 .text.aptDspCancel
                0x001035e8        0x4 G:/devkitPro/libctru/lib\libctru.a(apt.o)
                0x001035e8                aptDspCancel
 .text.aptSendCommand
                0x001035ec      0x158 G:/devkitPro/libctru/lib\libctru.a(apt.o)
                0x001035ec                aptSendCommand
 *fill*         0x00103744        0x4 
 .text.aptExitProcess
                0x00103748       0x44 G:/devkitPro/libctru/lib\libctru.a(apt.o)
 .text.aptExit  0x0010378c      0x38c G:/devkitPro/libctru/lib\libctru.a(apt.o)
                0x0010378c                aptExit
 .text.APT_SleepIfShellClosed
                0x00103b18       0x84 G:/devkitPro/libctru/lib\libctru.a(apt.o)
                0x00103b18                APT_SleepIfShellClosed
 .text.APT_UnlockTransition
                0x00103b9c       0x84 G:/devkitPro/libctru/lib\libctru.a(apt.o)
                0x00103b9c                APT_UnlockTransition
 .text.aptEventHandler
                0x00103c20      0x4a4 G:/devkitPro/libctru/lib\libctru.a(apt.o)
 .text.APT_ReceiveParameter
                0x001040c4       0xb0 G:/devkitPro/libctru/lib\libctru.a(apt.o)
                0x001040c4                APT_ReceiveParameter
 .text.aptReceiveParameter.constprop.0
                0x00104174       0xac G:/devkitPro/libctru/lib\libctru.a(apt.o)
 .text.aptWaitForWakeUp.isra.0
                0x00104220      0x320 G:/devkitPro/libctru/lib\libctru.a(apt.o)
 .text.aptInit  0x00104540      0x22c G:/devkitPro/libctru/lib\libctru.a(apt.o)
                0x00104540                aptInit
 .text.APT_CheckNew3DS
                0x0010476c       0x7c G:/devkitPro/libctru/lib\libctru.a(apt.o)
                0x0010476c                APT_CheckNew3DS
 .text.fsInit   0x001047e8       0xcc G:/devkitPro/libctru/lib\libctru.a(fs.o)
                0x001047e8                fsInit
 .text.fsExit   0x001048b4       0x3c G:/devkitPro/libctru/lib\libctru.a(fs.o)
                0x001048b4                fsExit
 .text.fsExemptFromSession
                0x001048f0       0x60 G:/devkitPro/libctru/lib\libctru.a(fs.o)
                0x001048f0                fsExemptFromSession
 .text.fsUnexemptFromSession
                0x00104950       0x50 G:/devkitPro/libctru/lib\libctru.a(fs.o)
                0x00104950                fsUnexemptFromSession
 .text.FSUSER_OpenFile
                0x001049a0       0xcc G:/devkitPro/libctru/lib\libctru.a(fs.o)
                0x001049a0                FSUSER_OpenFile
 .text.FSUSER_DeleteFile
                0x00104a6c       0xbc G:/devkitPro/libctru/lib\libctru.a(fs.o)
                0x00104a6c                FSUSER_DeleteFile
 .text.FSUSER_RenameFile
                0x00104b28       0xf8 G:/devkitPro/libctru/lib\libctru.a(fs.o)
                0x00104b28                FSUSER_RenameFile
 .text.FSUSER_DeleteDirectory
                0x00104c20       0xbc G:/devkitPro/libctru/lib\libctru.a(fs.o)
                0x00104c20                FSUSER_DeleteDirectory
 .text.FSUSER_CreateFile
                0x00104cdc       0xd4 G:/devkitPro/libctru/lib\libctru.a(fs.o)
                0x00104cdc                FSUSER_CreateFile
 .text.FSUSER_CreateDirectory
                0x00104db0       0xc4 G:/devkitPro/libctru/lib\libctru.a(fs.o)
                0x00104db0                FSUSER_CreateDirectory
 .text.FSUSER_RenameDirectory
                0x00104e74       0xf8 G:/devkitPro/libctru/lib\libctru.a(fs.o)
                0x00104e74                FSUSER_RenameDirectory
 .text.FSUSER_OpenDirectory
                0x00104f6c       0xb4 G:/devkitPro/libctru/lib\libctru.a(fs.o)
                0x00104f6c                FSUSER_OpenDirectory
 .text.FSUSER_OpenArchive
                0x00105020       0x94 G:/devkitPro/libctru/lib\libctru.a(fs.o)
                0x00105020                FSUSER_OpenArchive
 .text.FSUSER_CloseArchive
                0x001050b4       0x8c G:/devkitPro/libctru/lib\libctru.a(fs.o)
                0x001050b4                FSUSER_CloseArchive
 .text.FSUSER_GetSdmcArchiveResource
                0x00105140       0x74 G:/devkitPro/libctru/lib\libctru.a(fs.o)
                0x00105140                FSUSER_GetSdmcArchiveResource
 .text.FSUSER_IsSdmcWritable
                0x001051b4       0x64 G:/devkitPro/libctru/lib\libctru.a(fs.o)
                0x001051b4                FSUSER_IsSdmcWritable
 .text.FSFILE_Read
                0x00105218       0x58 G:/devkitPro/libctru/lib\libctru.a(fs.o)
                0x00105218                FSFILE_Read
 .text.FSFILE_Write
                0x00105270       0x60 G:/devkitPro/libctru/lib\libctru.a(fs.o)
                0x00105270                FSFILE_Write
 .text.FSFILE_GetSize
                0x001052d0       0x38 G:/devkitPro/libctru/lib\libctru.a(fs.o)
                0x001052d0                FSFILE_GetSize
 .text.FSFILE_SetSize
                0x00105308       0x28 G:/devkitPro/libctru/lib\libctru.a(fs.o)
                0x00105308                FSFILE_SetSize
 .text.FSFILE_Close
                0x00105330       0x3c G:/devkitPro/libctru/lib\libctru.a(fs.o)
                0x00105330                FSFILE_Close
 .text.FSFILE_Flush
                0x0010536c       0x24 G:/devkitPro/libctru/lib\libctru.a(fs.o)
                0x0010536c                FSFILE_Flush
 .text.FSDIR_Read
                0x00105390       0x50 G:/devkitPro/libctru/lib\libctru.a(fs.o)
                0x00105390                FSDIR_Read
 .text.FSDIR_Close
                0x001053e0       0x3c G:/devkitPro/libctru/lib\libctru.a(fs.o)
                0x001053e0                FSDIR_Close
 .text.gspHardwareInit
                0x0010541c      0xc64 G:/devkitPro/libctru/lib\libctru.a(gspgpu.o)
 .text.gspInit  0x00106080      0x248 G:/devkitPro/libctru/lib\libctru.a(gspgpu.o)
                0x00106080                gspInit
 .text.gspExit  0x001062c8       0xf0 G:/devkitPro/libctru/lib\libctru.a(gspgpu.o)
                0x001062c8                gspExit
 .text.gspHasGpuRight
                0x001063b8       0x10 G:/devkitPro/libctru/lib\libctru.a(gspgpu.o)
                0x001063b8                gspHasGpuRight
 .text.gspPresentBuffer
                0x001063c8       0xa0 G:/devkitPro/libctru/lib\libctru.a(gspgpu.o)
                0x001063c8                gspPresentBuffer
 .text.gspWaitForEvent
                0x00106468       0x44 G:/devkitPro/libctru/lib\libctru.a(gspgpu.o)
                0x00106468                gspWaitForEvent
 .text.gxCmdQueueInterrupt
                0x001064ac        0x4 G:/devkitPro/libctru/lib\libctru.a(gspgpu.o)
                0x001064ac                gxCmdQueueInterrupt
 .text.gspEventThreadMain
                0x001064b0      0x158 G:/devkitPro/libctru/lib\libctru.a(gspgpu.o)
 .text.GSPGPU_FlushDataCache
                0x00106608       0x50 G:/devkitPro/libctru/lib\libctru.a(gspgpu.o)
                0x00106608                GSPGPU_FlushDataCache
 .text.GSPGPU_SetLcdForceBlack
                0x00106658       0x34 G:/devkitPro/libctru/lib\libctru.a(gspgpu.o)
                0x00106658                GSPGPU_SetLcdForceBlack
 .text.GSPGPU_AcquireRight
                0x0010668c       0x68 G:/devkitPro/libctru/lib\libctru.a(gspgpu.o)
                0x0010668c                GSPGPU_AcquireRight
 .text.GSPGPU_RestoreVramSysArea
                0x001066f4       0x2c G:/devkitPro/libctru/lib\libctru.a(gspgpu.o)
                0x001066f4                GSPGPU_RestoreVramSysArea
 .text.hidShouldUseIrrst
                0x00106720       0x24 G:/devkitPro/libctru/lib\libctru.a(hid.o)
                0x00106720                hidShouldUseIrrst
 .text.hidInit  0x00106744      0x18c G:/devkitPro/libctru/lib\libctru.a(hid.o)
                0x00106744                hidInit
 .text.hidExit  0x001068d0       0xe8 G:/devkitPro/libctru/lib\libctru.a(hid.o)
                0x001068d0                hidExit
 .text.hidScanInput
                0x001069b8      0x2a4 G:/devkitPro/libctru/lib\libctru.a(hid.o)
                0x001069b8                hidScanInput
 .text.hidKeysDown
                0x00106c5c       0x10 G:/devkitPro/libctru/lib\libctru.a(hid.o)
                0x00106c5c                hidKeysDown
 .text.irrstInit
                0x00106c6c      0x160 G:/devkitPro/libctru/lib\libctru.a(irrst.o)
                0x00106c6c                irrstInit
 .text.irrstExit
                0x00106dcc       0xcc G:/devkitPro/libctru/lib\libctru.a(irrst.o)
                0x00106dcc                irrstExit
 .text.irrstScanInput
                0x00106e98       0xb4 G:/devkitPro/libctru/lib\libctru.a(irrst.o)
                0x00106e98                irrstScanInput
 .text.irrstKeysHeld
                0x00106f4c       0x24 G:/devkitPro/libctru/lib\libctru.a(irrst.o)
                0x00106f4c                irrstKeysHeld
 .text.srvPmGetSessionHandle
                0x00106f70        0xc G:/devkitPro/libctru/lib\libctru.a(srvpm.o)
                0x00106f70                srvPmGetSessionHandle
 .text.__libctru_init
                0x00106f7c       0x38 G:/devkitPro/libctru/lib\libctru.a(ctru_init.o)
                0x00106f7c                __libctru_init
 .text.__system_initArgv
                0x00106fb4      0x170 G:/devkitPro/libctru/lib\libctru.a(initArgv.o)
                0x00106fb4                __system_initArgv
 .text.__syscall_getreent
                0x00107124       0x30 G:/devkitPro/libctru/lib\libctru.a(syscalls.o)
                0x00107124                __syscall_getreent
 .text.__syscall_lock_acquire
                0x00107154        0x4 G:/devkitPro/libctru/lib\libctru.a(syscalls.o)
                0x00107154                __syscall_lock_acquire
 .text.__syscall_lock_release
                0x00107158        0x4 G:/devkitPro/libctru/lib\libctru.a(syscalls.o)
                0x00107158                __syscall_lock_release
 .text.__syscall_lock_acquire_recursive
                0x0010715c        0x4 G:/devkitPro/libctru/lib\libctru.a(syscalls.o)
                0x0010715c                __syscall_lock_acquire_recursive
 .text.__syscall_lock_release_recursive
                0x00107160        0x4 G:/devkitPro/libctru/lib\libctru.a(syscalls.o)
                0x00107160                __syscall_lock_release_recursive
 .text.__syscall_exit
                0x00107164        0x4 G:/devkitPro/libctru/lib\libctru.a(syscalls.o)
                0x00107164                __syscall_exit
 .text.initThreadVars
                0x00107168       0x50 G:/devkitPro/libctru/lib\libctru.a(syscalls.o)
                0x00107168                initThreadVars
 .text.__system_initSyscalls
                0x001071b8       0x80 G:/devkitPro/libctru/lib\libctru.a(syscalls.o)
                0x001071b8                __system_initSyscalls
 .text.svcControlMemory
                0x00107238       0x20 G:/devkitPro/libctru/lib\libctru.a(svc.o)
                0x00107238                svcControlMemory
 .text.svcQueryMemory
                0x00107258       0x30 G:/devkitPro/libctru/lib\libctru.a(svc.o)
                0x00107258                svcQueryMemory
 .text.svcExitProcess
                0x00107288        0x8 G:/devkitPro/libctru/lib\libctru.a(svc.o)
                0x00107288                svcExitProcess
 .text.svcCreateThread
                0x00107290       0x20 G:/devkitPro/libctru/lib\libctru.a(svc.o)
                0x00107290                svcCreateThread
 .text.svcExitThread
                0x001072b0        0x8 G:/devkitPro/libctru/lib\libctru.a(svc.o)
                0x001072b0                svcExitThread
 .text.svcSleepThread
                0x001072b8        0x8 G:/devkitPro/libctru/lib\libctru.a(svc.o)
                0x001072b8                svcSleepThread
 .text.svcReleaseMutex
                0x001072c0        0x8 G:/devkitPro/libctru/lib\libctru.a(svc.o)
                0x001072c0                svcReleaseMutex
 .text.svcCreateEvent
                0x001072c8       0x14 G:/devkitPro/libctru/lib\libctru.a(svc.o)
                0x001072c8                svcCreateEvent
 .text.svcSignalEvent
                0x001072dc        0x8 G:/devkitPro/libctru/lib\libctru.a(svc.o)
                0x001072dc                svcSignalEvent
 .text.svcClearEvent
                0x001072e4        0x8 G:/devkitPro/libctru/lib\libctru.a(svc.o)
                0x001072e4                svcClearEvent
 .text.svcMapMemoryBlock
                0x001072ec        0x8 G:/devkitPro/libctru/lib\libctru.a(svc.o)
                0x001072ec                svcMapMemoryBlock
 .text.svcUnmapMemoryBlock
                0x001072f4        0x8 G:/devkitPro/libctru/lib\libctru.a(svc.o)
                0x001072f4                svcUnmapMemoryBlock
 .text.svcCreateAddressArbiter
                0x001072fc       0x14 G:/devkitPro/libctru/lib\libctru.a(svc.o)
                0x001072fc                svcCreateAddressArbiter
 .text.svcArbitrateAddressNoTimeout
                0x00107310        0x8 G:/devkitPro/libctru/lib\libctru.a(svc.o)
                0x00107310                svcArbitrateAddressNoTimeout
 .text.svcCloseHandle
                0x00107318        0x8 G:/devkitPro/libctru/lib\libctru.a(svc.o)
                0x00107318                svcCloseHandle
 .text.svcWaitSynchronization
                0x00107320        0x8 G:/devkitPro/libctru/lib\libctru.a(svc.o)
                0x00107320                svcWaitSynchronization
 .text.svcWaitSynchronizationN
                0x00107328       0x28 G:/devkitPro/libctru/lib\libctru.a(svc.o)
                0x00107328                svcWaitSynchronizationN
 .text.svcDuplicateHandle
                0x00107350       0x14 G:/devkitPro/libctru/lib\libctru.a(svc.o)
                0x00107350                svcDuplicateHandle
 .text.svcConnectToPort
                0x00107364       0x14 G:/devkitPro/libctru/lib\libctru.a(svc.o)
                0x00107364                svcConnectToPort
 .text.svcSendSyncRequest
                0x00107378        0x8 G:/devkitPro/libctru/lib\libctru.a(svc.o)
                0x00107378                svcSendSyncRequest
 .text.svcGetResourceLimit
                0x00107380       0x14 G:/devkitPro/libctru/lib\libctru.a(svc.o)
                0x00107380                svcGetResourceLimit
 .text.svcGetResourceLimitLimitValues
                0x00107394        0x8 G:/devkitPro/libctru/lib\libctru.a(svc.o)
                0x00107394                svcGetResourceLimitLimitValues
 .text.svcGetResourceLimitCurrentValues
                0x0010739c        0x8 G:/devkitPro/libctru/lib\libctru.a(svc.o)
                0x0010739c                svcGetResourceLimitCurrentValues
 .text.svcBreak
                0x001073a4        0x8 G:/devkitPro/libctru/lib\libctru.a(svc.o)
                0x001073a4                svcBreak
 .text.initSystem
                0x001073ac       0x50 G:/devkitPro/libctru/lib\libctru.a(stack_adjust.o)
                0x001073ac                initSystem
 .text.__ctru_exit
                0x001073fc       0x14 G:/devkitPro/libctru/lib\libctru.a(stack_adjust.o)
                0x001073fc                __ctru_exit
 .text._ZL21addrMapNodeComparatorPK11rbtree_nodeS1_
                0x00107410       0x24 G:/devkitPro/libctru/lib\libctru.a(linear.o)
 .text._ZL21addrMapNodeDestructorP11rbtree_node
                0x00107434        0x4 G:/devkitPro/libctru/lib\libctru.a(linear.o)
 .text.linearMemAlign
                0x00107438      0x120 G:/devkitPro/libctru/lib\libctru.a(linear.o)
                0x00107438                linearMemAlign
 .text.linearAlloc
                0x00107558        0x8 G:/devkitPro/libctru/lib\libctru.a(linear.o)
                0x00107558                linearAlloc
 .text.linearFree
                0x00107560       0x5c G:/devkitPro/libctru/lib\libctru.a(linear.o)
                0x00107560                linearFree
 .text._ZN7MemPool13CoalesceRightEP8MemBlock
                0x001075bc       0x80 G:/devkitPro/libctru/lib\libctru.a(mem_pool.o)
                0x001075bc                MemPool::CoalesceRight(MemBlock*)
 .text._ZN7MemPool8AllocateER8MemChunkmi
                0x0010763c      0x16c G:/devkitPro/libctru/lib\libctru.a(mem_pool.o)
                0x0010763c                MemPool::Allocate(MemChunk&, unsigned long, int)
 .text._ZN7MemPool10DeallocateERK8MemChunk
                0x001077a8       0xfc G:/devkitPro/libctru/lib\libctru.a(mem_pool.o)
                0x001077a8                MemPool::Deallocate(MemChunk const&)
 .text._ZN7MemPool12GetFreeSpaceEv
                0x001078a4       0x30 G:/devkitPro/libctru/lib\libctru.a(mem_pool.o)
                0x001078a4                MemPool::GetFreeSpace()
 .text._ZL21addrMapNodeComparatorPK11rbtree_nodeS1_
                0x001078d4       0x24 G:/devkitPro/libctru/lib\libctru.a(vram.o)
 .text._ZL21addrMapNodeDestructorP11rbtree_node
                0x001078f8        0x4 G:/devkitPro/libctru/lib\libctru.a(vram.o)
 .text.vramMemAlignAt
                0x001078fc      0x24c G:/devkitPro/libctru/lib\libctru.a(vram.o)
                0x001078fc                vramMemAlignAt
 .text.vramAlloc
                0x00107b48        0xc G:/devkitPro/libctru/lib\libctru.a(vram.o)
                0x00107b48                vramAlloc
 .text.vramFree
                0x00107b54       0x90 G:/devkitPro/libctru/lib\libctru.a(vram.o)
                0x00107b54                vramFree
 .text.envGetHandle
                0x00107be4       0x84 G:/devkitPro/libctru/lib\libctru.a(env.o)
                0x00107be4                envGetHandle
 .text.envDestroyHandles
                0x00107c68       0x50 G:/devkitPro/libctru/lib\libctru.a(env.o)
                0x00107c68                envDestroyHandles
 .text.__ctru_speedup_config
                0x00107cb8       0x34 G:/devkitPro/libctru/lib\libctru.a(os.o)
                0x00107cb8                __ctru_speedup_config
 .text.__sync_init
                0x00107cec        0xc G:/devkitPro/libctru/lib\libctru.a(synchronization.o)
                0x00107cec                __sync_init
 .text.__sync_fini
                0x00107cf8       0x18 G:/devkitPro/libctru/lib\libctru.a(synchronization.o)
                0x00107cf8                __sync_fini
 .text.syncArbitrateAddress
                0x00107d10       0x2c G:/devkitPro/libctru/lib\libctru.a(synchronization.o)
                0x00107d10                syncArbitrateAddress
 .text.LightLock_Lock
                0x00107d3c       0xac G:/devkitPro/libctru/lib\libctru.a(synchronization.o)
                0x00107d3c                LightLock_Lock
 .text.LightLock_Unlock
                0x00107de8       0x40 G:/devkitPro/libctru/lib\libctru.a(synchronization.o)
                0x00107de8                LightLock_Unlock
 .text.RecursiveLock_Lock
                0x00107e28       0x30 G:/devkitPro/libctru/lib\libctru.a(synchronization.o)
                0x00107e28                RecursiveLock_Lock
 .text.RecursiveLock_Unlock
                0x00107e58       0x54 G:/devkitPro/libctru/lib\libctru.a(synchronization.o)
                0x00107e58                RecursiveLock_Unlock
 .text.LightEvent_Init
                0x00107eac       0x40 G:/devkitPro/libctru/lib\libctru.a(synchronization.o)
                0x00107eac                LightEvent_Init
 .text.LightEvent_Clear
                0x00107eec       0xa4 G:/devkitPro/libctru/lib\libctru.a(synchronization.o)
                0x00107eec                LightEvent_Clear
 .text.LightEvent_Signal
                0x00107f90       0xc8 G:/devkitPro/libctru/lib\libctru.a(synchronization.o)
                0x00107f90                LightEvent_Signal
 .text.LightEvent_TryWait
                0x00108058       0x50 G:/devkitPro/libctru/lib\libctru.a(synchronization.o)
                0x00108058                LightEvent_TryWait
 .text.LightEvent_Wait
                0x001080a8       0xa0 G:/devkitPro/libctru/lib\libctru.a(synchronization.o)
                0x001080a8                LightEvent_Wait
 .text.threadCreate
                0x00108148      0x1d8 G:/devkitPro/libctru/lib\libctru.a(thread.o)
                0x00108148                threadCreate
 .text.threadFree
                0x00108320       0x2c G:/devkitPro/libctru/lib\libctru.a(thread.o)
                0x00108320                threadFree
 .text.threadJoin
                0x0010834c       0x24 G:/devkitPro/libctru/lib\libctru.a(thread.o)
                0x0010834c                threadJoin
 .text.threadGetCurrent
                0x00108370       0x30 G:/devkitPro/libctru/lib\libctru.a(thread.o)
                0x00108370                threadGetCurrent
 .text.threadExit
                0x001083a0       0x40 G:/devkitPro/libctru/lib\libctru.a(thread.o)
                0x001083a0                threadExit
 .text._thread_begin
                0x001083e0       0x20 G:/devkitPro/libctru/lib\libctru.a(thread.o)
 .text.mappableFindAddressWithin
                0x00108400       0xb4 G:/devkitPro/libctru/lib\libctru.a(mappable.o)
 .text.mappableInit
                0x001084b4       0x28 G:/devkitPro/libctru/lib\libctru.a(mappable.o)
                0x001084b4                mappableInit
 .text.mappableAlloc
                0x001084dc       0x80 G:/devkitPro/libctru/lib\libctru.a(mappable.o)
                0x001084dc                mappableAlloc
 .text.mappableFree
                0x0010855c        0x4 G:/devkitPro/libctru/lib\libctru.a(mappable.o)
                0x0010855c                mappableFree
 .text.ptmSysmInit
                0x00108560       0x74 G:/devkitPro/libctru/lib\libctru.a(ptmsysm.o)
                0x00108560                ptmSysmInit
 .text.ptmSysmExit
                0x001085d4       0x3c G:/devkitPro/libctru/lib\libctru.a(ptmsysm.o)
                0x001085d4                ptmSysmExit
 .text.PTMSYSM_ConfigureNew3DSCPU
                0x00108610       0x34 G:/devkitPro/libctru/lib\libctru.a(ptmsysm.o)
                0x00108610                PTMSYSM_ConfigureNew3DSCPU
 .text.rbtree_find
                0x00108644       0x74 G:/devkitPro/libctru/lib\libctru.a(rbtree_find.o)
                0x00108644                rbtree_find
 .text.rbtree_init
                0x001086b8       0x10 G:/devkitPro/libctru/lib\libctru.a(rbtree_init.o)
                0x001086b8                rbtree_init
 .text.do_insert
                0x001086c8      0x1b0 G:/devkitPro/libctru/lib\libctru.a(rbtree_insert.o)
 .text.rbtree_insert
                0x00108878        0x8 G:/devkitPro/libctru/lib\libctru.a(rbtree_insert.o)
                0x00108878                rbtree_insert
 .text.rbtree_remove
                0x00108880      0x318 G:/devkitPro/libctru/lib\libctru.a(rbtree_remove.o)
                0x00108880                rbtree_remove
 .text.rbtree_rotate
                0x00108b98       0x90 G:/devkitPro/libctru/lib\libctru.a(rbtree_rotate.o)
                0x00108b98                rbtree_rotate
 .text.__system_allocateHeaps
                0x00108c28      0x1e0 G:/devkitPro/libctru/lib\libctru.a(allocateHeaps.o)
                0x00108c28                __system_allocateHeaps
 .text.__appExit
                0x00108e08       0x30 G:/devkitPro/libctru/lib\libctru.a(appExit.o)
                0x00108e08                __appExit
 .text.__appInit
                0x00108e38       0x30 G:/devkitPro/libctru/lib\libctru.a(appInit.o)
                0x00108e38                __appInit
 .text.__libctru_exit
                0x00108e68       0x90 G:/devkitPro/libctru/lib\libctru.a(ctru_exit.o)
                0x00108e68                __libctru_exit
 .text.archive_link
                0x00108ef8       0x14 G:/devkitPro/libctru/lib\libctru.a(archive_dev.o)
 .text.archive_dirreset
                0x00108f0c       0x14 G:/devkitPro/libctru/lib\libctru.a(archive_dev.o)
 .text.archive_chmod
                0x00108f20       0x14 G:/devkitPro/libctru/lib\libctru.a(archive_dev.o)
 .text.error_cmp
                0x00108f34       0x24 G:/devkitPro/libctru/lib\libctru.a(archive_dev.o)
 .text.archive_translate_error
                0x00108f58       0x50 G:/devkitPro/libctru/lib\libctru.a(archive_dev.o)
 .text.archive_seek
                0x00108fa8       0xc8 G:/devkitPro/libctru/lib\libctru.a(archive_dev.o)
 .text._archiveInit.part.0
                0x00109070       0x7c G:/devkitPro/libctru/lib\libctru.a(archive_dev.o)
 .text.archiveFindDevice.part.0
                0x001090ec       0xc4 G:/devkitPro/libctru/lib\libctru.a(archive_dev.o)
 .text.archive_utf16path
                0x001091b0      0x280 G:/devkitPro/libctru/lib\libctru.a(archive_dev.o)
 .text._archiveUnmountDeviceStruct.part.0
                0x00109430       0x9c G:/devkitPro/libctru/lib\libctru.a(archive_dev.o)
 .text.archive_fchmod
                0x001094cc       0x14 G:/devkitPro/libctru/lib\libctru.a(archive_dev.o)
 .text.archive_statvfs
                0x001094e0       0x14 G:/devkitPro/libctru/lib\libctru.a(archive_dev.o)
 .text._archiveMountDevice
                0x001094f4      0x164 G:/devkitPro/libctru/lib\libctru.a(archive_dev.o)
 .text.archive_diropen
                0x00109658       0xe8 G:/devkitPro/libctru/lib\libctru.a(archive_dev.o)
 .text.archive_fstat
                0x00109740       0xa4 G:/devkitPro/libctru/lib\libctru.a(archive_dev.o)
 .text.archive_fsync
                0x001097e4       0x6c G:/devkitPro/libctru/lib\libctru.a(archive_dev.o)
 .text.archive_close
                0x00109850       0x6c G:/devkitPro/libctru/lib\libctru.a(archive_dev.o)
 .text.archive_dirclose
                0x001098bc       0x70 G:/devkitPro/libctru/lib\libctru.a(archive_dev.o)
 .text.sdmc_statvfs
                0x0010992c       0xe8 G:/devkitPro/libctru/lib\libctru.a(archive_dev.o)
 .text.archive_chdir
                0x00109a14       0xec G:/devkitPro/libctru/lib\libctru.a(archive_dev.o)
 .text.archive_ftruncate
                0x00109b00       0x7c G:/devkitPro/libctru/lib\libctru.a(archive_dev.o)
 .text.archive_read
                0x00109b7c       0xac G:/devkitPro/libctru/lib\libctru.a(archive_dev.o)
 .text.archive_unlink
                0x00109c28       0xa4 G:/devkitPro/libctru/lib\libctru.a(archive_dev.o)
 .text.archive_rmdir
                0x00109ccc       0xbc G:/devkitPro/libctru/lib\libctru.a(archive_dev.o)
 .text.archive_mkdir
                0x00109d88       0xdc G:/devkitPro/libctru/lib\libctru.a(archive_dev.o)
 .text.archive_stat
                0x00109e64      0x194 G:/devkitPro/libctru/lib\libctru.a(archive_dev.o)
 .text.archive_dirnext
                0x00109ff8      0x160 G:/devkitPro/libctru/lib\libctru.a(archive_dev.o)
 .text.archive_write
                0x0010a158      0x124 G:/devkitPro/libctru/lib\libctru.a(archive_dev.o)
 .text.archive_open
                0x0010a27c      0x20c G:/devkitPro/libctru/lib\libctru.a(archive_dev.o)
 .text.archive_rename
                0x0010a488      0x278 G:/devkitPro/libctru/lib\libctru.a(archive_dev.o)
 .text.archiveMountSdmc
                0x0010a700      0x19c G:/devkitPro/libctru/lib\libctru.a(archive_dev.o)
                0x0010a700                archiveMountSdmc
 .text.archiveUnmountAll
                0x0010a89c       0x54 G:/devkitPro/libctru/lib\libctru.a(archive_dev.o)
                0x0010a89c                archiveUnmountAll
 .text.rbtree_node_next
                0x0010a8f0       0x5c G:/devkitPro/libctru/lib\libctru.a(rbtree_iterator.o)
                0x0010a8f0                rbtree_node_next
 .text.decode_utf8
                0x0010a94c      0x13c G:/devkitPro/libctru/lib\libctru.a(decode_utf8.o)
                0x0010a94c                decode_utf8
 .text.utf16_to_utf8
                0x0010aa88       0xe8 G:/devkitPro/libctru/lib\libctru.a(utf16_to_utf8.o)
                0x0010aa88                utf16_to_utf8
 .text.utf8_to_utf16
                0x0010ab70       0xc0 G:/devkitPro/libctru/lib\libctru.a(utf8_to_utf16.o)
                0x0010ab70                utf8_to_utf16
 .text.__aeabi_read_tp
                0x0010ac30        0xc G:/devkitPro/libctru/lib\libctru.a(readtp.o)
                0x0010ac30                __aeabi_read_tp
 .text.decode_utf16
                0x0010ac3c       0x64 G:/devkitPro/libctru/lib\libctru.a(decode_utf16.o)
                0x0010ac3c                decode_utf16
 .text.encode_utf16
                0x0010aca0       0x54 G:/devkitPro/libctru/lib\libctru.a(encode_utf16.o)
                0x0010aca0                encode_utf16
 .text.encode_utf8
                0x0010acf4       0xe0 G:/devkitPro/libctru/lib\libctru.a(encode_utf8.o)
                0x0010acf4                encode_utf8
 .text.__udivmoddi4
                0x0010add4      0x120 G:/devkitPro/devkitARM/bin/../lib/gcc/arm-none-eabi/13.2.0/armv6k/fpu\libgcc.a(_udivmoddi4.o)
                0x0010add4                __udivmoddi4
 .text._perror_r
                0x0010aef4      0x1e0 G:/devkitPro/devkitARM/bin/../lib/gcc/arm-none-eabi/13.2.0/../../../../arm-none-eabi/lib/armv6k/fpu\libg.a(libc_a-perror.o)
                0x0010aef4                _perror_r
 .text.perror   0x0010b0d4       0x18 G:/devkitPro/devkitARM/bin/../lib/gcc/arm-none-eabi/13.2.0/../../../../arm-none-eabi/lib/armv6k/fpu\libg.a(libc_a-perror.o)
                0x0010b0d4                perror
 .text.remove   0x0010b0ec       0x58 G:/devkitPro/devkitARM/bin/../lib/gcc/arm-none-eabi/13.2.0/../../../../arm-none-eabi/lib/armv6k/fpu\libg.a(libc_a-remove.o)
                0x0010b0ec                remove
 .text.printf   0x0010b144       0x34 G:/devkitPro/devkitARM/bin/../lib/gcc/arm-none-eabi/13.2.0/../../../../arm-none-eabi/lib/armv6k/fpu\libg.a(libc_a-printf.o)
                0x0010b144                printf
 .text.qsort    0x0010b178      0x974 G:/devkitPro/devkitARM/bin/../lib/gcc/arm-none-eabi/13.2.0/../../../../arm-none-eabi/lib/armv6k/fpu\libg.a(libc_a-qsort.o)
                0x0010b178                qsort
 .text.memalign
                0x0010baec       0x20 G:/devkitPro/devkitARM/bin/../lib/gcc/arm-none-eabi/13.2.0/../../../../arm-none-eabi/lib/armv6k/fpu\libg.a(libc_a-malign.o)
                0x0010baec                memalign
 .text.rename   0x0010bb0c       0x20 G:/devkitPro/devkitARM/bin/../lib/gcc/arm-none-eabi/13.2.0/../../../../arm-none-eabi/lib/armv6k/fpu\libg.a(libc_a-rename.o)
                0x0010bb0c                rename
 .text._memalign_r
                0x0010bb2c      0x14c G:/devkitPro/devkitARM/bin/../lib/gcc/arm-none-eabi/13.2.0/../../../../arm-none-eabi/lib/armv6k/fpu\libg.a(libc_a-malignr.o)
                0x0010bb2c                _memalign_r
 .text.snprintf
                0x0010bc78       0xcc G:/devkitPro/devkitARM/bin/../lib/gcc/arm-none-eabi/13.2.0/../../../../arm-none-eabi/lib/armv6k/fpu\libg.a(libc_a-snprintf.o)
                0x0010bc78                snprintf
 .text._puts_r  0x0010bd44       0xe0 G:/devkitPro/devkitARM/bin/../lib/gcc/arm-none-eabi/13.2.0/../../../../arm-none-eabi/lib/armv6k/fpu\libg.a(libc_a-puts.o)
                0x0010bd44                _puts_r
 .text.puts     0x0010be24       0x18 G:/devkitPro/devkitARM/bin/../lib/gcc/arm-none-eabi/13.2.0/../../../../arm-none-eabi/lib/armv6k/fpu\libg.a(libc_a-puts.o)
                0x0010be24                puts
 .text.bsearch  0x0010be3c       0x78 G:/devkitPro/devkitARM/bin/../lib/gcc/arm-none-eabi/13.2.0/../../../../arm-none-eabi/lib/armv6k/fpu\libg.a(libc_a-bsearch.o)
                0x0010be3c                bsearch
 .text.sscanf   0x0010beb4       0x74 G:/devkitPro/devkitARM/bin/../lib/gcc/arm-none-eabi/13.2.0/../../../../arm-none-eabi/lib/armv6k/fpu\libg.a(libc_a-sscanf.o)
                0x0010beb4                sscanf
 .text.__sread  0x0010bf28       0x44 G:/devkitPro/devkitARM/bin/../lib/gcc/arm-none-eabi/13.2.0/../../../../arm-none-eabi/lib/armv6k/fpu\libg.a(libc_a-stdio.o)
                0x0010bf28                __sread
 .text.__seofread
                0x0010bf6c        0x8 G:/devkitPro/devkitARM/bin/../lib/gcc/arm-none-eabi/13.2.0/../../../../arm-none-eabi/lib/armv6k/fpu\libg.a(libc_a-stdio.o)
                0x0010bf6c                __seofread
 .text.__swrite
                0x0010bf74       0x68 G:/devkitPro/devkitARM/bin/../lib/gcc/arm-none-eabi/13.2.0/../../../../arm-none-eabi/lib/armv6k/fpu\libg.a(libc_a-stdio.o)
                0x0010bf74                __swrite
 .text.__sseek  0x0010bfdc       0x44 G:/devkitPro/devkitARM/bin/../lib/gcc/arm-none-eabi/13.2.0/../../../../arm-none-eabi/lib/armv6k/fpu\libg.a(libc_a-stdio.o)
                0x0010bfdc                __sseek
 .text.__sclose
                0x0010c020        0x8 G:/devkitPro/devkitARM/bin/../lib/gcc/arm-none-eabi/13.2.0/../../../../arm-none-eabi/lib/armv6k/fpu\libg.a(libc_a-stdio.o)
                0x0010c020                __sclose
 .text.setvbuf  0x0010c028      0x25c G:/devkitPro/devkitARM/bin/../lib/gcc/arm-none-eabi/13.2.0/../../../../arm-none-eabi/lib/armv6k/fpu\libg.a(libc_a-setvbuf.o)
                0x0010c028                setvbuf
 .text.__call_exitprocs
                0x0010c284        0x4 G:/devkitPro/devkitARM/bin/../lib/gcc/arm-none-eabi/13.2.0/../../../../arm-none-eabi/lib/armv6k/fpu\libg.a(libc_a-exit.o)
                0x0010c284                __call_exitprocs
 .text.exit     0x0010c288       0x30 G:/devkitPro/devkitARM/bin/../lib/gcc/arm-none-eabi/13.2.0/../../../../arm-none-eabi/lib/armv6k/fpu\libg.a(libc_a-exit.o)
                0x0010c288                exit
 .text._malloc_trim_r
                0x0010c2b8       0xf8 G:/devkitPro/devkitARM/bin/../lib/gcc/arm-none-eabi/13.2.0/../../../../arm-none-eabi/lib/armv6k/fpu\libg.a(libc_a-freer.o)
                0x0010c2b8                _malloc_trim_r
 .text._free_r  0x0010c3b0      0x2e8 G:/devkitPro/devkitARM/bin/../lib/gcc/arm-none-eabi/13.2.0/../../../../arm-none-eabi/lib/armv6k/fpu\libg.a(libc_a-freer.o)
                0x0010c3b0                _free_r
 .text._fclose_r
                0x0010c698      0x148 G:/devkitPro/devkitARM/bin/../lib/gcc/arm-none-eabi/13.2.0/../../../../arm-none-eabi/lib/armv6k/fpu\libg.a(libc_a-fclose.o)
                0x0010c698                _fclose_r
 .text.fclose   0x0010c7e0       0x18 G:/devkitPro/devkitARM/bin/../lib/gcc/arm-none-eabi/13.2.0/../../../../arm-none-eabi/lib/armv6k/fpu\libg.a(libc_a-fclose.o)
                0x0010c7e0                fclose
 .text.get_arg  0x0010c7f8      0x64c G:/devkitPro/devkitARM/bin/../lib/gcc/arm-none-eabi/13.2.0/../../../../arm-none-eabi/lib/armv6k/fpu\libg.a(libc_a-svfprintf.o)
 *fill*         0x0010ce44        0x4 
 .text._svfprintf_r
                0x0010ce48     0x3324 G:/devkitPro/devkitARM/bin/../lib/gcc/arm-none-eabi/13.2.0/../../../../arm-none-eabi/lib/armv6k/fpu\libg.a(libc_a-svfprintf.o)
                0x0010ce48                _svfprintf_r
 .text.malloc   0x0011016c       0x18 G:/devkitPro/devkitARM/bin/../lib/gcc/arm-none-eabi/13.2.0/../../../../arm-none-eabi/lib/armv6k/fpu\libg.a(libc_a-malloc.o)
                0x0011016c                malloc
 .text.free     0x00110184       0x18 G:/devkitPro/devkitARM/bin/../lib/gcc/arm-none-eabi/13.2.0/../../../../arm-none-eabi/lib/armv6k/fpu\libg.a(libc_a-malloc.o)
                0x00110184                free
 .text.get_arg  0x0011019c       0x50 G:/devkitPro/devkitARM/bin/../lib/gcc/arm-none-eabi/13.2.0/../../../../arm-none-eabi/lib/armv6k/fpu\libg.a(libc_a-svfscanf.o)
 .text.__ssvfscanf_r
                0x001101ec     0x2bf8 G:/devkitPro/devkitARM/bin/../lib/gcc/arm-none-eabi/13.2.0/../../../../arm-none-eabi/lib/armv6k/fpu\libg.a(libc_a-svfscanf.o)
                0x001101ec                __ssvfscanf_r
 .text._malloc_r
                0x00112de4      0x79c G:/devkitPro/devkitARM/bin/../lib/gcc/arm-none-eabi/13.2.0/../../../../arm-none-eabi/lib/armv6k/fpu\libg.a(libc_a-mallocr.o)
                0x00112de4                _malloc_r
 .text.memset   0x00113580       0xf4 G:/devkitPro/devkitARM/bin/../lib/gcc/arm-none-eabi/13.2.0/../../../../arm-none-eabi/lib/armv6k/fpu\libg.a(libc_a-memset.o)
                0x00113580                memset
 .text.__malloc_lock
                0x00113674        0xc G:/devkitPro/devkitARM/bin/../lib/gcc/arm-none-eabi/13.2.0/../../../../arm-none-eabi/lib/armv6k/fpu\libg.a(libc_a-mlock.o)
                0x00113674                __malloc_lock
 .text.__malloc_unlock
                0x00113680        0xc G:/devkitPro/devkitARM/bin/../lib/gcc/arm-none-eabi/13.2.0/../../../../arm-none-eabi/lib/armv6k/fpu\libg.a(libc_a-mlock.o)
                0x00113680                __malloc_unlock
 .text.get_arg  0x0011368c      0x64c G:/devkitPro/devkitARM/bin/../lib/gcc/arm-none-eabi/13.2.0/../../../../arm-none-eabi/lib/armv6k/fpu\libg.a(libc_a-vfprintf.o)
 .text._vfprintf_r
                0x00113cd8     0x3378 G:/devkitPro/devkitARM/bin/../lib/gcc/arm-none-eabi/13.2.0/../../../../arm-none-eabi/lib/armv6k/fpu\libg.a(libc_a-vfprintf.o)
                0x00113cd8                _vfprintf_r
 .text.__sbprintf
                0x00117050       0xb8 G:/devkitPro/devkitARM/bin/../lib/gcc/arm-none-eabi/13.2.0/../../../../arm-none-eabi/lib/armv6k/fpu\libg.a(libc_a-vfprintf.o)
 .text.strlen   0x00117108       0x90 G:/devkitPro/devkitARM/bin/../lib/gcc/arm-none-eabi/13.2.0/../../../../arm-none-eabi/lib/armv6k/fpu\libg.a(libc_a-strlen.o)
                0x00117108                strlen
 .text._fopen_r
                0x00117198      0x12c G:/devkitPro/devkitARM/bin/../lib/gcc/arm-none-eabi/13.2.0/../../../../arm-none-eabi/lib/armv6k/fpu\libg.a(libc_a-fopen.o)
                0x00117198                _fopen_r
 .text.fopen    0x001172c4       0x20 G:/devkitPro/devkitARM/bin/../lib/gcc/arm-none-eabi/13.2.0/../../../../arm-none-eabi/lib/armv6k/fpu\libg.a(libc_a-fopen.o)
                0x001172c4                fopen
 .text.__sflush_r
                0x001172e4      0x22c G:/devkitPro/devkitARM/bin/../lib/gcc/arm-none-eabi/13.2.0/../../../../arm-none-eabi/lib/armv6k/fpu\libg.a(libc_a-fflush.o)
                0x001172e4                __sflush_r
 .text._fflush_r
                0x00117510       0x94 G:/devkitPro/devkitARM/bin/../lib/gcc/arm-none-eabi/13.2.0/../../../../arm-none-eabi/lib/armv6k/fpu\libg.a(libc_a-fflush.o)
                0x00117510                _fflush_r
 .text.fprintf  0x001175a4       0x3c G:/devkitPro/devkitARM/bin/../lib/gcc/arm-none-eabi/13.2.0/../../../../arm-none-eabi/lib/armv6k/fpu\libg.a(libc_a-fprintf.o)
                0x001175a4                fprintf
 .text.fputc    0x001175e0       0x94 G:/devkitPro/devkitARM/bin/../lib/gcc/arm-none-eabi/13.2.0/../../../../arm-none-eabi/lib/armv6k/fpu\libg.a(libc_a-fputc.o)
                0x001175e0                fputc
 .text.strncat  0x00117674       0xe4 G:/devkitPro/devkitARM/bin/../lib/gcc/arm-none-eabi/13.2.0/../../../../arm-none-eabi/lib/armv6k/fpu\libg.a(libc_a-strncat.o)
                0x00117674                strncat
 .text._strerror_r
                0x00117758      0x63c G:/devkitPro/devkitARM/bin/../lib/gcc/arm-none-eabi/13.2.0/../../../../arm-none-eabi/lib/armv6k/fpu\libg.a(libc_a-strerror.o)
                0x00117758                _strerror_r
 .text.__sfvwrite_r
                0x00117d94      0x4b4 G:/devkitPro/devkitARM/bin/../lib/gcc/arm-none-eabi/13.2.0/../../../../arm-none-eabi/lib/armv6k/fpu\libg.a(libc_a-fvwrite.o)
                0x00117d94                __sfvwrite_r
 .text.strncmp  0x00118248       0xe4 G:/devkitPro/devkitARM/bin/../lib/gcc/arm-none-eabi/13.2.0/../../../../arm-none-eabi/lib/armv6k/fpu\libg.a(libc_a-strncmp.o)
                0x00118248                strncmp
 .text._fwalk_sglue
                0x0011832c       0x70 G:/devkitPro/devkitARM/bin/../lib/gcc/arm-none-eabi/13.2.0/../../../../arm-none-eabi/lib/armv6k/fpu\libg.a(libc_a-fwalk.o)
                0x0011832c                _fwalk_sglue
 .text._fread_r
                0x0011839c      0x344 G:/devkitPro/devkitARM/bin/../lib/gcc/arm-none-eabi/13.2.0/../../../../arm-none-eabi/lib/armv6k/fpu\libg.a(libc_a-fread.o)
                0x0011839c                _fread_r
 .text.fread    0x001186e0       0x38 G:/devkitPro/devkitARM/bin/../lib/gcc/arm-none-eabi/13.2.0/../../../../arm-none-eabi/lib/armv6k/fpu\libg.a(libc_a-fread.o)
                0x001186e0                fread
 .text.fileno   0x00118718       0xb4 G:/devkitPro/devkitARM/bin/../lib/gcc/arm-none-eabi/13.2.0/../../../../arm-none-eabi/lib/armv6k/fpu\libg.a(libc_a-fileno.o)
                0x00118718                fileno
 .text._realloc_r
                0x001187cc      0x4a0 G:/devkitPro/devkitARM/bin/../lib/gcc/arm-none-eabi/13.2.0/../../../../arm-none-eabi/lib/armv6k/fpu\libg.a(libc_a-reallocr.o)
                0x001187cc                _realloc_r
 .text.strncpy  0x00118c6c       0xc4 G:/devkitPro/devkitARM/bin/../lib/gcc/arm-none-eabi/13.2.0/../../../../arm-none-eabi/lib/armv6k/fpu\libg.a(libc_a-strncpy.o)
                0x00118c6c                strncpy
 .text._fwrite_r
                0x00118d30       0xf0 G:/devkitPro/devkitARM/bin/../lib/gcc/arm-none-eabi/13.2.0/../../../../arm-none-eabi/lib/armv6k/fpu\libg.a(libc_a-fwrite.o)
                0x00118d30                _fwrite_r
 .text.fwrite   0x00118e20       0x38 G:/devkitPro/devkitARM/bin/../lib/gcc/arm-none-eabi/13.2.0/../../../../arm-none-eabi/lib/armv6k/fpu\libg.a(libc_a-fwrite.o)
                0x00118e20                fwrite
 .text.stdio_exit_handler
                0x00118e58       0x1c G:/devkitPro/devkitARM/bin/../lib/gcc/arm-none-eabi/13.2.0/../../../../arm-none-eabi/lib/armv6k/fpu\libg.a(libc_a-findfp.o)
 .text.cleanup_stdio
                0x00118e74       0x5c G:/devkitPro/devkitARM/bin/../lib/gcc/arm-none-eabi/13.2.0/../../../../arm-none-eabi/lib/armv6k/fpu\libg.a(libc_a-findfp.o)
 .text.global_stdio_init.part.0
                0x00118ed0      0x154 G:/devkitPro/devkitARM/bin/../lib/gcc/arm-none-eabi/13.2.0/../../../../arm-none-eabi/lib/armv6k/fpu\libg.a(libc_a-findfp.o)
 .text.__sfp    0x00119024      0x134 G:/devkitPro/devkitARM/bin/../lib/gcc/arm-none-eabi/13.2.0/../../../../arm-none-eabi/lib/armv6k/fpu\libg.a(libc_a-findfp.o)
                0x00119024                __sfp
 .text.__sinit  0x00119158       0x5c G:/devkitPro/devkitARM/bin/../lib/gcc/arm-none-eabi/13.2.0/../../../../arm-none-eabi/lib/armv6k/fpu\libg.a(libc_a-findfp.o)
                0x00119158                __sinit
 .text.__sfp_lock_acquire
                0x001191b4        0xc G:/devkitPro/devkitARM/bin/../lib/gcc/arm-none-eabi/13.2.0/../../../../arm-none-eabi/lib/armv6k/fpu\libg.a(libc_a-findfp.o)
                0x001191b4                __sfp_lock_acquire
 .text.__sfp_lock_release
                0x001191c0        0xc G:/devkitPro/devkitARM/bin/../lib/gcc/arm-none-eabi/13.2.0/../../../../arm-none-eabi/lib/armv6k/fpu\libg.a(libc_a-findfp.o)
                0x001191c0                __sfp_lock_release
 .text.strnlen  0x001191cc       0x48 G:/devkitPro/devkitARM/bin/../lib/gcc/arm-none-eabi/13.2.0/../../../../arm-none-eabi/lib/armv6k/fpu\libg.a(libc_a-strnlen.o)
                0x001191cc                strnlen
 .text.sulp     0x00119214       0x64 G:/devkitPro/devkitARM/bin/../lib/gcc/arm-none-eabi/13.2.0/../../../../arm-none-eabi/lib/armv6k/fpu\libg.a(libc_a-strtod.o)
 .text._strtod_l
                0x00119278     0x13a4 G:/devkitPro/devkitARM/bin/../lib/gcc/arm-none-eabi/13.2.0/../../../../arm-none-eabi/lib/armv6k/fpu\libg.a(libc_a-strtod.o)
                0x00119278                _strtod_l
 .text._strtod_r
                0x0011a61c       0x3c G:/devkitPro/devkitARM/bin/../lib/gcc/arm-none-eabi/13.2.0/../../../../arm-none-eabi/lib/armv6k/fpu\libg.a(libc_a-strtod.o)
                0x0011a61c                _strtod_r
 .text._fseek_r
                0x0011a658       0x1c G:/devkitPro/devkitARM/bin/../lib/gcc/arm-none-eabi/13.2.0/../../../../arm-none-eabi/lib/armv6k/fpu\libg.a(libc_a-fseek.o)
                0x0011a658                _fseek_r
 .text._user_strerror
                0x0011a674        0x8 G:/devkitPro/devkitARM/bin/../lib/gcc/arm-none-eabi/13.2.0/../../../../arm-none-eabi/lib/armv6k/fpu\libg.a(libc_a-u_strerr.o)
                0x0011a674                _user_strerror
 .text._strtol_l.part.0
                0x0011a67c      0x1b0 G:/devkitPro/devkitARM/bin/../lib/gcc/arm-none-eabi/13.2.0/../../../../arm-none-eabi/lib/armv6k/fpu\libg.a(libc_a-strtol.o)
 .text._strtol_r
                0x0011a82c       0x60 G:/devkitPro/devkitARM/bin/../lib/gcc/arm-none-eabi/13.2.0/../../../../arm-none-eabi/lib/armv6k/fpu\libg.a(libc_a-strtol.o)
                0x0011a82c                _strtol_r
 .text.realloc  0x0011a88c       0x20 G:/devkitPro/devkitARM/bin/../lib/gcc/arm-none-eabi/13.2.0/../../../../arm-none-eabi/lib/armv6k/fpu\libg.a(libc_a-realloc.o)
                0x0011a88c                realloc
 .text._strtoul_l.isra.0
                0x0011a8ac      0x1d8 G:/devkitPro/devkitARM/bin/../lib/gcc/arm-none-eabi/13.2.0/../../../../arm-none-eabi/lib/armv6k/fpu\libg.a(libc_a-strtoul.o)
 .text._strtoul_r
                0x0011aa84       0x30 G:/devkitPro/devkitARM/bin/../lib/gcc/arm-none-eabi/13.2.0/../../../../arm-none-eabi/lib/armv6k/fpu\libg.a(libc_a-strtoul.o)
                0x0011aa84                _strtoul_r
 .text.strtoul  0x0011aab4       0x34 G:/devkitPro/devkitARM/bin/../lib/gcc/arm-none-eabi/13.2.0/../../../../arm-none-eabi/lib/armv6k/fpu\libg.a(libc_a-strtoul.o)
                0x0011aab4                strtoul
 .text.__locale_mb_cur_max
                0x0011aae8       0x24 G:/devkitPro/devkitARM/bin/../lib/gcc/arm-none-eabi/13.2.0/../../../../arm-none-eabi/lib/armv6k/fpu\libg.a(libc_a-locale.o)
                0x0011aae8                __locale_mb_cur_max
 .text.critical_factorization
                0x0011ab0c      0x128 G:/devkitPro/devkitARM/bin/../lib/gcc/arm-none-eabi/13.2.0/../../../../arm-none-eabi/lib/armv6k/fpu\libg.a(libc_a-strstr.o)
 .text.two_way_long_needle
                0x0011ac34      0x364 G:/devkitPro/devkitARM/bin/../lib/gcc/arm-none-eabi/13.2.0/../../../../arm-none-eabi/lib/armv6k/fpu\libg.a(libc_a-strstr.o)
 .text.strstr   0x0011af98      0x248 G:/devkitPro/devkitARM/bin/../lib/gcc/arm-none-eabi/13.2.0/../../../../arm-none-eabi/lib/armv6k/fpu\libg.a(libc_a-strstr.o)
                0x0011af98                strstr
 .text._localeconv_r
                0x0011b1e0       0x24 G:/devkitPro/devkitARM/bin/../lib/gcc/arm-none-eabi/13.2.0/../../../../arm-none-eabi/lib/armv6k/fpu\libg.a(libc_a-localeconv.o)
                0x0011b1e0                _localeconv_r
 .text.strcpy   0x0011b204       0xf0 G:/devkitPro/devkitARM/bin/../lib/gcc/arm-none-eabi/13.2.0/../../../../arm-none-eabi/lib/armv6k/fpu\libg.a(libc_a-strcpy.o)
                0x0011b204                strcpy
 .text.memchr   0x0011b2f4       0xe0 G:/devkitPro/devkitARM/bin/../lib/gcc/arm-none-eabi/13.2.0/../../../../arm-none-eabi/lib/armv6k/fpu\libg.a(libc_a-memchr-stub.o)
                0x0011b2f4                memchr
 .text.__utf8_wctomb
                0x0011b3d4       0xf0 G:/devkitPro/devkitARM/bin/../lib/gcc/arm-none-eabi/13.2.0/../../../../arm-none-eabi/lib/armv6k/fpu\libg.a(libc_a-wctomb_r.o)
                0x0011b3d4                __utf8_wctomb
 .text.memcpy   0x0011b4c4      0x11c G:/devkitPro/devkitARM/bin/../lib/gcc/arm-none-eabi/13.2.0/../../../../arm-none-eabi/lib/armv6k/fpu\libg.a(libc_a-memcpy-stub.o)
                0x0011b4c4                memcpy
 .text.stpncpy  0x0011b5e0       0xdc G:/devkitPro/devkitARM/bin/../lib/gcc/arm-none-eabi/13.2.0/../../../../arm-none-eabi/lib/armv6k/fpu\libg.a(libc_a-stpncpy.o)
                0x0011b5e0                stpncpy
 .text.__libc_init_array
                0x0011b6bc       0x84 G:/devkitPro/devkitARM/bin/../lib/gcc/arm-none-eabi/13.2.0/../../../../arm-none-eabi/lib/armv6k/fpu\libg.a(libc_a-init.o)
                0x0011b6bc                __libc_init_array
 .text.__libc_fini_array
                0x0011b740       0x3c G:/devkitPro/devkitARM/bin/../lib/gcc/arm-none-eabi/13.2.0/../../../../arm-none-eabi/lib/armv6k/fpu\libg.a(libc_a-fini.o)
                0x0011b740                __libc_fini_array
 .text.__errno  0x0011b77c        0xc G:/devkitPro/devkitARM/bin/../lib/gcc/arm-none-eabi/13.2.0/../../../../arm-none-eabi/lib/armv6k/fpu\libg.a(libc_a-errno.o)
                0x0011b77c                __errno
 .text.nan      0x0011b788       0x10 G:/devkitPro/devkitARM/bin/../lib/gcc/arm-none-eabi/13.2.0/../../../../arm-none-eabi/lib/armv6k/fpu\libg.a(libm_a-s_nan.o)
                0x0011b788                nan
 .text.nanf     0x0011b798        0xc G:/devkitPro/devkitARM/bin/../lib/gcc/arm-none-eabi/13.2.0/../../../../arm-none-eabi/lib/armv6k/fpu\libg.a(libm_a-sf_nan.o)
                0x0011b798                nanf
 *fill*         0x0011b7a4        0x4 
 .text.frexp    0x0011b7a8       0x88 G:/devkitPro/devkitARM/bin/../lib/gcc/arm-none-eabi/13.2.0/../../../../arm-none-eabi/lib/armv6k/fpu\libg.a(libm_a-s_frexp.o)
                0x0011b7a8                frexp
 .text._strtoll_l.isra.0
                0x0011b830      0x234 G:/devkitPro/devkitARM/bin/../lib/gcc/arm-none-eabi/13.2.0/../../../../arm-none-eabi/lib/armv6k/fpu\libg.a(libc_a-strtoll.o)
 .text._strtoll_r
                0x0011ba64       0x30 G:/devkitPro/devkitARM/bin/../lib/gcc/arm-none-eabi/13.2.0/../../../../arm-none-eabi/lib/armv6k/fpu\libg.a(libc_a-strtoll.o)
                0x0011ba64                _strtoll_r
 .text._strtoull_l.isra.0
                0x0011ba94      0x25c G:/devkitPro/devkitARM/bin/../lib/gcc/arm-none-eabi/13.2.0/../../../../arm-none-eabi/lib/armv6k/fpu\libg.a(libc_a-strtoull.o)
 .text._strtoull_r
                0x0011bcf0       0x30 G:/devkitPro/devkitARM/bin/../lib/gcc/arm-none-eabi/13.2.0/../../../../arm-none-eabi/lib/armv6k/fpu\libg.a(libc_a-strtoull.o)
                0x0011bcf0                _strtoull_r
 .text.iswspace
                0x0011bd20        0x8 G:/devkitPro/devkitARM/bin/../lib/gcc/arm-none-eabi/13.2.0/../../../../arm-none-eabi/lib/armv6k/fpu\libg.a(libc_a-iswspace.o)
                0x0011bd20                iswspace
 .text._mbrtowc_r
                0x0011bd28       0xb4 G:/devkitPro/devkitARM/bin/../lib/gcc/arm-none-eabi/13.2.0/../../../../arm-none-eabi/lib/armv6k/fpu\libg.a(libc_a-mbrtowc.o)
                0x0011bd28                _mbrtowc_r
 .text.__smakebuf_r
                0x0011bddc      0x12c G:/devkitPro/devkitARM/bin/../lib/gcc/arm-none-eabi/13.2.0/../../../../arm-none-eabi/lib/armv6k/fpu\libg.a(libc_a-makebuf.o)
                0x0011bddc                __smakebuf_r
 .text.__swhatbuf_r
                0x0011bf08       0x8c G:/devkitPro/devkitARM/bin/../lib/gcc/arm-none-eabi/13.2.0/../../../../arm-none-eabi/lib/armv6k/fpu\libg.a(libc_a-makebuf.o)
                0x0011bf08                __swhatbuf_r
 .text._wcrtomb_r
                0x0011bf94       0xa0 G:/devkitPro/devkitARM/bin/../lib/gcc/arm-none-eabi/13.2.0/../../../../arm-none-eabi/lib/armv6k/fpu\libg.a(libc_a-wcrtomb.o)
                0x0011bf94                _wcrtomb_r
 .text.iswspace_l
                0x0011c034       0x38 G:/devkitPro/devkitARM/bin/../lib/gcc/arm-none-eabi/13.2.0/../../../../arm-none-eabi/lib/armv6k/fpu\libg.a(libc_a-iswspace_l.o)
                0x0011c034                iswspace_l
 .text._wcsrtombs_r
                0x0011c06c       0x28 G:/devkitPro/devkitARM/bin/../lib/gcc/arm-none-eabi/13.2.0/../../../../arm-none-eabi/lib/armv6k/fpu\libg.a(libc_a-wcsrtombs.o)
                0x0011c06c                _wcsrtombs_r
 .text._putc_r  0x0011c094       0xdc G:/devkitPro/devkitARM/bin/../lib/gcc/arm-none-eabi/13.2.0/../../../../arm-none-eabi/lib/armv6k/fpu\libg.a(libc_a-putc.o)
                0x0011c094                _putc_r
 .text.sprintf  0x0011c170       0x64 G:/devkitPro/devkitARM/bin/../lib/gcc/arm-none-eabi/13.2.0/../../../../arm-none-eabi/lib/armv6k/fpu\libg.a(libc_a-sprintf.o)
                0x0011c170                sprintf
 .text.__sccl   0x0011c1d4       0xf0 G:/devkitPro/devkitARM/bin/../lib/gcc/arm-none-eabi/13.2.0/../../../../arm-none-eabi/lib/armv6k/fpu\libg.a(libc_a-sccl.o)
                0x0011c1d4                __sccl
 .text.lflush   0x0011c2c4       0x38 G:/devkitPro/devkitARM/bin/../lib/gcc/arm-none-eabi/13.2.0/../../../../arm-none-eabi/lib/armv6k/fpu\libg.a(libc_a-refill.o)
 .text.__srefill_r
                0x0011c2fc      0x19c G:/devkitPro/devkitARM/bin/../lib/gcc/arm-none-eabi/13.2.0/../../../../arm-none-eabi/lib/armv6k/fpu\libg.a(libc_a-refill.o)
                0x0011c2fc                __srefill_r
 .text.category
                0x0011c498       0x90 G:/devkitPro/devkitARM/bin/../lib/gcc/arm-none-eabi/13.2.0/../../../../arm-none-eabi/lib/armv6k/fpu\libg.a(libc_a-categories.o)
                0x0011c498                category
 .text.get_arg  0x0011c528      0x64c G:/devkitPro/devkitARM/bin/../lib/gcc/arm-none-eabi/13.2.0/../../../../arm-none-eabi/lib/armv6k/fpu\libg.a(libc_a-vfiprintf.o)
 .text.__sprint_r
                0x0011cb74       0x30 G:/devkitPro/devkitARM/bin/../lib/gcc/arm-none-eabi/13.2.0/../../../../arm-none-eabi/lib/armv6k/fpu\libg.a(libc_a-vfiprintf.o)
                0x0011cb74                __sprint_r
 .text._vfiprintf_r
                0x0011cba4     0x2304 G:/devkitPro/devkitARM/bin/../lib/gcc/arm-none-eabi/13.2.0/../../../../arm-none-eabi/lib/armv6k/fpu\libg.a(libc_a-vfiprintf.o)
                0x0011cba4                _vfiprintf_r
 .text.__sbprintf
                0x0011eea8       0xb8 G:/devkitPro/devkitARM/bin/../lib/gcc/arm-none-eabi/13.2.0/../../../../arm-none-eabi/lib/armv6k/fpu\libg.a(libc_a-vfiprintf.o)
 .text.__ssprint_r
                0x0011ef60      0x18c G:/devkitPro/devkitARM/bin/../lib/gcc/arm-none-eabi/13.2.0/../../../../arm-none-eabi/lib/armv6k/fpu\libg.a(libc_a-svfiprintf.o)
                0x0011ef60                __ssprint_r
 .text.__swbuf_r
                0x0011f0ec      0x108 G:/devkitPro/devkitARM/bin/../lib/gcc/arm-none-eabi/13.2.0/../../../../arm-none-eabi/lib/armv6k/fpu\libg.a(libc_a-wbuf.o)
                0x0011f0ec                __swbuf_r
 .text._sungetc_r
                0x0011f1f4       0xe0 G:/devkitPro/devkitARM/bin/../lib/gcc/arm-none-eabi/13.2.0/../../../../arm-none-eabi/lib/armv6k/fpu\libg.a(libc_a-svfiscanf.o)
                0x0011f1f4                _sungetc_r
 .text.__ssrefill_r
                0x0011f2d4       0x6c G:/devkitPro/devkitARM/bin/../lib/gcc/arm-none-eabi/13.2.0/../../../../arm-none-eabi/lib/armv6k/fpu\libg.a(libc_a-svfiscanf.o)
                0x0011f2d4                __ssrefill_r
 .text._sfread_r
                0x0011f340       0xc4 G:/devkitPro/devkitARM/bin/../lib/gcc/arm-none-eabi/13.2.0/../../../../arm-none-eabi/lib/armv6k/fpu\libg.a(libc_a-svfiscanf.o)
                0x0011f340                _sfread_r
 .text.__swsetup_r
                0x0011f404      0x138 G:/devkitPro/devkitARM/bin/../lib/gcc/arm-none-eabi/13.2.0/../../../../arm-none-eabi/lib/armv6k/fpu\libg.a(libc_a-wsetup.o)
                0x0011f404                __swsetup_r
 .text.rshift   0x0011f53c       0xf0 G:/devkitPro/devkitARM/bin/../lib/gcc/arm-none-eabi/13.2.0/../../../../arm-none-eabi/lib/armv6k/fpu\libg.a(libc_a-gdtoa-gethex.o)
 .text.__gethex
                0x0011f62c      0x89c G:/devkitPro/devkitARM/bin/../lib/gcc/arm-none-eabi/13.2.0/../../../../arm-none-eabi/lib/armv6k/fpu\libg.a(libc_a-gdtoa-gethex.o)
                0x0011f62c                __gethex
 .text.quorem   0x0011fec8      0x1b4 G:/devkitPro/devkitARM/bin/../lib/gcc/arm-none-eabi/13.2.0/../../../../arm-none-eabi/lib/armv6k/fpu\libg.a(libc_a-dtoa.o)
 *fill*         0x0012007c        0x4 
 .text._dtoa_r  0x00120080     0x1218 G:/devkitPro/devkitARM/bin/../lib/gcc/arm-none-eabi/13.2.0/../../../../arm-none-eabi/lib/armv6k/fpu\libg.a(libc_a-dtoa.o)
                0x00120080                _dtoa_r
 .text.strchr   0x00121298      0x130 G:/devkitPro/devkitARM/bin/../lib/gcc/arm-none-eabi/13.2.0/../../../../arm-none-eabi/lib/armv6k/fpu\libg.a(libc_a-strchr.o)
                0x00121298                strchr
 .text.memcmp   0x001213c8       0xd8 G:/devkitPro/devkitARM/bin/../lib/gcc/arm-none-eabi/13.2.0/../../../../arm-none-eabi/lib/armv6k/fpu\libg.a(libc_a-memcmp.o)
                0x001213c8                memcmp
 .text.__match  0x001214a0       0x4c G:/devkitPro/devkitARM/bin/../lib/gcc/arm-none-eabi/13.2.0/../../../../arm-none-eabi/lib/armv6k/fpu\libg.a(libc_a-gdtoa-hexnan.o)
                0x001214a0                __match
 .text.__hexnan
                0x001214ec      0x29c G:/devkitPro/devkitARM/bin/../lib/gcc/arm-none-eabi/13.2.0/../../../../arm-none-eabi/lib/armv6k/fpu\libg.a(libc_a-gdtoa-hexnan.o)
                0x001214ec                __hexnan
 .text.memmove  0x00121788      0x150 G:/devkitPro/devkitARM/bin/../lib/gcc/arm-none-eabi/13.2.0/../../../../arm-none-eabi/lib/armv6k/fpu\libg.a(libc_a-memmove.o)
                0x00121788                memmove
 .text._fseeko_r
                0x001218d8      0x590 G:/devkitPro/devkitARM/bin/../lib/gcc/arm-none-eabi/13.2.0/../../../../arm-none-eabi/lib/armv6k/fpu\libg.a(libc_a-fseeko.o)
                0x001218d8                _fseeko_r
 .text.__sflags
                0x00121e68       0xb4 G:/devkitPro/devkitARM/bin/../lib/gcc/arm-none-eabi/13.2.0/../../../../arm-none-eabi/lib/armv6k/fpu\libg.a(libc_a-flags.o)
                0x00121e68                __sflags
 .text._Balloc  0x00121f1c       0x88 G:/devkitPro/devkitARM/bin/../lib/gcc/arm-none-eabi/13.2.0/../../../../arm-none-eabi/lib/armv6k/fpu\libg.a(libc_a-mprec.o)
                0x00121f1c                _Balloc
 .text._Bfree   0x00121fa4       0x1c G:/devkitPro/devkitARM/bin/../lib/gcc/arm-none-eabi/13.2.0/../../../../arm-none-eabi/lib/armv6k/fpu\libg.a(libc_a-mprec.o)
                0x00121fa4                _Bfree
 .text.__multadd
                0x00121fc0       0xf4 G:/devkitPro/devkitARM/bin/../lib/gcc/arm-none-eabi/13.2.0/../../../../arm-none-eabi/lib/armv6k/fpu\libg.a(libc_a-mprec.o)
                0x00121fc0                __multadd
 .text.__s2b    0x001220b4      0x110 G:/devkitPro/devkitARM/bin/../lib/gcc/arm-none-eabi/13.2.0/../../../../arm-none-eabi/lib/armv6k/fpu\libg.a(libc_a-mprec.o)
                0x001220b4                __s2b
 .text.__hi0bits
                0x001221c4       0x60 G:/devkitPro/devkitARM/bin/../lib/gcc/arm-none-eabi/13.2.0/../../../../arm-none-eabi/lib/armv6k/fpu\libg.a(libc_a-mprec.o)
                0x001221c4                __hi0bits
 .text.__lo0bits
                0x00122224       0x9c G:/devkitPro/devkitARM/bin/../lib/gcc/arm-none-eabi/13.2.0/../../../../arm-none-eabi/lib/armv6k/fpu\libg.a(libc_a-mprec.o)
                0x00122224                __lo0bits
 .text.__i2b    0x001222c0       0xa4 G:/devkitPro/devkitARM/bin/../lib/gcc/arm-none-eabi/13.2.0/../../../../arm-none-eabi/lib/armv6k/fpu\libg.a(libc_a-mprec.o)
                0x001222c0                __i2b
 .text.__multiply
                0x00122364      0x204 G:/devkitPro/devkitARM/bin/../lib/gcc/arm-none-eabi/13.2.0/../../../../arm-none-eabi/lib/armv6k/fpu\libg.a(libc_a-mprec.o)
                0x00122364                __multiply
 .text.__pow5mult
                0x00122568      0x128 G:/devkitPro/devkitARM/bin/../lib/gcc/arm-none-eabi/13.2.0/../../../../arm-none-eabi/lib/armv6k/fpu\libg.a(libc_a-mprec.o)
                0x00122568                __pow5mult
 .text.__lshift
                0x00122690      0x140 G:/devkitPro/devkitARM/bin/../lib/gcc/arm-none-eabi/13.2.0/../../../../arm-none-eabi/lib/armv6k/fpu\libg.a(libc_a-mprec.o)
                0x00122690                __lshift
 .text.__mcmp   0x001227d0       0x58 G:/devkitPro/devkitARM/bin/../lib/gcc/arm-none-eabi/13.2.0/../../../../arm-none-eabi/lib/armv6k/fpu\libg.a(libc_a-mprec.o)
                0x001227d0                __mcmp
 .text.__mdiff  0x00122828      0x1fc G:/devkitPro/devkitARM/bin/../lib/gcc/arm-none-eabi/13.2.0/../../../../arm-none-eabi/lib/armv6k/fpu\libg.a(libc_a-mprec.o)
                0x00122828                __mdiff
 .text.__ulp    0x00122a24       0x68 G:/devkitPro/devkitARM/bin/../lib/gcc/arm-none-eabi/13.2.0/../../../../arm-none-eabi/lib/armv6k/fpu\libg.a(libc_a-mprec.o)
                0x00122a24                __ulp
 .text.__b2d    0x00122a8c       0xd0 G:/devkitPro/devkitARM/bin/../lib/gcc/arm-none-eabi/13.2.0/../../../../arm-none-eabi/lib/armv6k/fpu\libg.a(libc_a-mprec.o)
                0x00122a8c                __b2d
 .text.__d2b    0x00122b5c      0x124 G:/devkitPro/devkitARM/bin/../lib/gcc/arm-none-eabi/13.2.0/../../../../arm-none-eabi/lib/armv6k/fpu\libg.a(libc_a-mprec.o)
                0x00122b5c                __d2b
 .text.__ratio  0x00122c80       0x78 G:/devkitPro/devkitARM/bin/../lib/gcc/arm-none-eabi/13.2.0/../../../../arm-none-eabi/lib/armv6k/fpu\libg.a(libc_a-mprec.o)
                0x00122c80                __ratio
 .text.__copybits
                0x00122cf8       0x88 G:/devkitPro/devkitARM/bin/../lib/gcc/arm-none-eabi/13.2.0/../../../../arm-none-eabi/lib/armv6k/fpu\libg.a(libc_a-mprec.o)
                0x00122cf8                __copybits
 .text.__any_on
                0x00122d80       0x5c G:/devkitPro/devkitARM/bin/../lib/gcc/arm-none-eabi/13.2.0/../../../../arm-none-eabi/lib/armv6k/fpu\libg.a(libc_a-mprec.o)
                0x00122d80                __any_on
 .text.__utf8_mbtowc
                0x00122ddc      0x2f8 G:/devkitPro/devkitARM/bin/../lib/gcc/arm-none-eabi/13.2.0/../../../../arm-none-eabi/lib/armv6k/fpu\libg.a(libc_a-mbtowc_r.o)
                0x00122ddc                __utf8_mbtowc
 .text._wcsnrtombs_l
                0x001230d4      0x188 G:/devkitPro/devkitARM/bin/../lib/gcc/arm-none-eabi/13.2.0/../../../../arm-none-eabi/lib/armv6k/fpu\libg.a(libc_a-wcsnrtombs.o)
                0x001230d4                _wcsnrtombs_l
 .text._wcsnrtombs_r
                0x0012325c       0x64 G:/devkitPro/devkitARM/bin/../lib/gcc/arm-none-eabi/13.2.0/../../../../arm-none-eabi/lib/armv6k/fpu\libg.a(libc_a-wcsnrtombs.o)
                0x0012325c                _wcsnrtombs_r
 .text.__submore
                0x001232c0       0xa8 G:/devkitPro/devkitARM/bin/../lib/gcc/arm-none-eabi/13.2.0/../../../../arm-none-eabi/lib/armv6k/fpu\libg.a(libc_a-ungetc.o)
                0x001232c0                __submore
 .text._calloc_r
                0x00123368       0xc0 G:/devkitPro/devkitARM/bin/../lib/gcc/arm-none-eabi/13.2.0/../../../../arm-none-eabi/lib/armv6k/fpu\libg.a(libc_a-callocr.o)
                0x00123368                _calloc_r
 .text.__assert_func
                0x00123428       0x5c G:/devkitPro/devkitARM/bin/../lib/gcc/arm-none-eabi/13.2.0/../../../../arm-none-eabi/lib/armv6k/fpu\libg.a(libc_a-assert.o)
                0x00123428                __assert_func
 .text.fiprintf
                0x00123484       0x3c G:/devkitPro/devkitARM/bin/../lib/gcc/arm-none-eabi/13.2.0/../../../../arm-none-eabi/lib/armv6k/fpu\libg.a(libc_a-fiprintf.o)
                0x00123484                fiprintf
 .text.abort    0x001234c0       0x14 G:/devkitPro/devkitARM/bin/../lib/gcc/arm-none-eabi/13.2.0/../../../../arm-none-eabi/lib/armv6k/fpu\libg.a(libc_a-abort.o)
                0x001234c0                abort
 .text._raise_r
                0x001234d4       0x90 G:/devkitPro/devkitARM/bin/../lib/gcc/arm-none-eabi/13.2.0/../../../../arm-none-eabi/lib/armv6k/fpu\libg.a(libc_a-signal.o)
                0x001234d4                _raise_r
 .text.raise    0x00123564       0x18 G:/devkitPro/devkitARM/bin/../lib/gcc/arm-none-eabi/13.2.0/../../../../arm-none-eabi/lib/armv6k/fpu\libg.a(libc_a-signal.o)
                0x00123564                raise
 .text._exit    0x0012357c       0x20 G:/devkitPro/devkitARM/bin/../lib/gcc/arm-none-eabi/13.2.0/../../../../arm-none-eabi/lib/armv6k/fpu\libsysbase.a(libsysbase_libsysbase_a-_exit.o)
                0x0012357c                _exit
 .text.chdir    0x0012359c      0x13c G:/devkitPro/devkitARM/bin/../lib/gcc/arm-none-eabi/13.2.0/../../../../arm-none-eabi/lib/armv6k/fpu\libsysbase.a(libsysbase_libsysbase_a-chdir.o)
                0x0012359c                chdir
 .text._concatenate_path
                0x001236d8      0x1cc G:/devkitPro/devkitARM/bin/../lib/gcc/arm-none-eabi/13.2.0/../../../../arm-none-eabi/lib/armv6k/fpu\libsysbase.a(libsysbase_libsysbase_a-concatenate.o)
                0x001236d8                _concatenate_path
 .text.__dirnext
                0x001238a4       0x68 G:/devkitPro/devkitARM/bin/../lib/gcc/arm-none-eabi/13.2.0/../../../../arm-none-eabi/lib/armv6k/fpu\libsysbase.a(libsysbase_libsysbase_a-dirent.o)
 .text.opendir  0x0012390c       0xf4 G:/devkitPro/devkitARM/bin/../lib/gcc/arm-none-eabi/13.2.0/../../../../arm-none-eabi/lib/armv6k/fpu\libsysbase.a(libsysbase_libsysbase_a-dirent.o)
                0x0012390c                opendir
 .text.closedir
                0x00123a00       0x90 G:/devkitPro/devkitARM/bin/../lib/gcc/arm-none-eabi/13.2.0/../../../../arm-none-eabi/lib/armv6k/fpu\libsysbase.a(libsysbase_libsysbase_a-dirent.o)
                0x00123a00                closedir
 .text.readdir  0x00123a90       0xc4 G:/devkitPro/devkitARM/bin/../lib/gcc/arm-none-eabi/13.2.0/../../../../arm-none-eabi/lib/armv6k/fpu\libsysbase.a(libsysbase_libsysbase_a-dirent.o)
                0x00123a90                readdir
 .text._fstat_r
                0x00123b54       0x78 G:/devkitPro/devkitARM/bin/../lib/gcc/arm-none-eabi/13.2.0/../../../../arm-none-eabi/lib/armv6k/fpu\libsysbase.a(libsysbase_libsysbase_a-fstat.o)
                0x00123b54                _fstat_r
 .text._getpid_r
                0x00123bcc       0x14 G:/devkitPro/devkitARM/bin/../lib/gcc/arm-none-eabi/13.2.0/../../../../arm-none-eabi/lib/armv6k/fpu\libsysbase.a(libsysbase_libsysbase_a-getpid.o)
                0x00123bcc                _getpid_r
 .text.__getreent
                0x00123be0       0x2c G:/devkitPro/devkitARM/bin/../lib/gcc/arm-none-eabi/13.2.0/../../../../arm-none-eabi/lib/armv6k/fpu\libsysbase.a(libsysbase_libsysbase_a-getreent.o)
                0x00123be0                __getreent
 .text.__release_handle
                0x00123c0c       0x8c G:/devkitPro/devkitARM/bin/../lib/gcc/arm-none-eabi/13.2.0/../../../../arm-none-eabi/lib/armv6k/fpu\libsysbase.a(libsysbase_libsysbase_a-handle_manager.o)
                0x00123c0c                __release_handle
 .text.__alloc_handle
                0x00123c98       0xb0 G:/devkitPro/devkitARM/bin/../lib/gcc/arm-none-eabi/13.2.0/../../../../arm-none-eabi/lib/armv6k/fpu\libsysbase.a(libsysbase_libsysbase_a-handle_manager.o)
                0x00123c98                __alloc_handle
 .text.__get_handle
                0x00123d48       0x3c G:/devkitPro/devkitARM/bin/../lib/gcc/arm-none-eabi/13.2.0/../../../../arm-none-eabi/lib/armv6k/fpu\libsysbase.a(libsysbase_libsysbase_a-handle_manager.o)
                0x00123d48                __get_handle
 .text._close_r
                0x00123d84       0xf4 G:/devkitPro/devkitARM/bin/../lib/gcc/arm-none-eabi/13.2.0/../../../../arm-none-eabi/lib/armv6k/fpu\libsysbase.a(libsysbase_libsysbase_a-handle_manager.o)
                0x00123d84                _close_r
 .text.null_write
                0x00123e78        0x8 G:/devkitPro/devkitARM/bin/../lib/gcc/arm-none-eabi/13.2.0/../../../../arm-none-eabi/lib/armv6k/fpu\libsysbase.a(libsysbase_libsysbase_a-iosupport.o)
 .text.setDefaultDevice
                0x00123e80       0x18 G:/devkitPro/devkitARM/bin/../lib/gcc/arm-none-eabi/13.2.0/../../../../arm-none-eabi/lib/armv6k/fpu\libsysbase.a(libsysbase_libsysbase_a-iosupport.o)
                0x00123e80                setDefaultDevice
 .text.FindDevice
                0x00123e98       0xc8 G:/devkitPro/devkitARM/bin/../lib/gcc/arm-none-eabi/13.2.0/../../../../arm-none-eabi/lib/armv6k/fpu\libsysbase.a(libsysbase_libsysbase_a-iosupport.o)
                0x00123e98                FindDevice
 .text.RemoveDevice
                0x00123f60       0x28 G:/devkitPro/devkitARM/bin/../lib/gcc/arm-none-eabi/13.2.0/../../../../arm-none-eabi/lib/armv6k/fpu\libsysbase.a(libsysbase_libsysbase_a-iosupport.o)
                0x00123f60                RemoveDevice
 .text.AddDevice
                0x00123f88       0x9c G:/devkitPro/devkitARM/bin/../lib/gcc/arm-none-eabi/13.2.0/../../../../arm-none-eabi/lib/armv6k/fpu\libsysbase.a(libsysbase_libsysbase_a-iosupport.o)
                0x00123f88                AddDevice
 .text.GetDeviceOpTab
                0x00124024       0x20 G:/devkitPro/devkitARM/bin/../lib/gcc/arm-none-eabi/13.2.0/../../../../arm-none-eabi/lib/armv6k/fpu\libsysbase.a(libsysbase_libsysbase_a-iosupport.o)
                0x00124024                GetDeviceOpTab
 .text._isatty_r
                0x00124044        0x8 G:/devkitPro/devkitARM/bin/../lib/gcc/arm-none-eabi/13.2.0/../../../../arm-none-eabi/lib/armv6k/fpu\libsysbase.a(libsysbase_libsysbase_a-isatty.o)
                0x00124044                _isatty_r
 .text._kill_r  0x0012404c       0x14 G:/devkitPro/devkitARM/bin/../lib/gcc/arm-none-eabi/13.2.0/../../../../arm-none-eabi/lib/armv6k/fpu\libsysbase.a(libsysbase_libsysbase_a-kill.o)
                0x0012404c                _kill_r
 .text._lseek_r
                0x00124060       0x84 G:/devkitPro/devkitARM/bin/../lib/gcc/arm-none-eabi/13.2.0/../../../../arm-none-eabi/lib/armv6k/fpu\libsysbase.a(libsysbase_libsysbase_a-lseek.o)
                0x00124060                _lseek_r
 .text.mkdir    0x001240e4       0x60 G:/devkitPro/devkitARM/bin/../lib/gcc/arm-none-eabi/13.2.0/../../../../arm-none-eabi/lib/armv6k/fpu\libsysbase.a(libsysbase_libsysbase_a-mkdir.o)
                0x001240e4                mkdir
 .text._open_r  0x00124144       0xbc G:/devkitPro/devkitARM/bin/../lib/gcc/arm-none-eabi/13.2.0/../../../../arm-none-eabi/lib/armv6k/fpu\libsysbase.a(libsysbase_libsysbase_a-open.o)
                0x00124144                _open_r
 .text._read_r  0x00124200       0x80 G:/devkitPro/devkitARM/bin/../lib/gcc/arm-none-eabi/13.2.0/../../../../arm-none-eabi/lib/armv6k/fpu\libsysbase.a(libsysbase_libsysbase_a-read.o)
                0x00124200                _read_r
 .text._rename_r
                0x00124280       0x80 G:/devkitPro/devkitARM/bin/../lib/gcc/arm-none-eabi/13.2.0/../../../../arm-none-eabi/lib/armv6k/fpu\libsysbase.a(libsysbase_libsysbase_a-rename.o)
                0x00124280                _rename_r
 .text._rmdir_r
                0x00124300       0x68 G:/devkitPro/devkitARM/bin/../lib/gcc/arm-none-eabi/13.2.0/../../../../arm-none-eabi/lib/armv6k/fpu\libsysbase.a(libsysbase_libsysbase_a-rmdir.o)
                0x00124300                _rmdir_r
 .text.rmdir    0x00124368       0x18 G:/devkitPro/devkitARM/bin/../lib/gcc/arm-none-eabi/13.2.0/../../../../arm-none-eabi/lib/armv6k/fpu\libsysbase.a(libsysbase_libsysbase_a-rmdir.o)
                0x00124368                rmdir
 .text._sbrk_r  0x00124380       0x78 G:/devkitPro/devkitARM/bin/../lib/gcc/arm-none-eabi/13.2.0/../../../../arm-none-eabi/lib/armv6k/fpu\libsysbase.a(libsysbase_libsysbase_a-sbrk.o)
                0x00124380                _sbrk_r
 .text.__libc_lock_acquire
                0x001243f8       0x1c G:/devkitPro/devkitARM/bin/../lib/gcc/arm-none-eabi/13.2.0/../../../../arm-none-eabi/lib/armv6k/fpu\libsysbase.a(libsysbase_libsysbase_a-syscall_support.o)
                0x001243f8                __libc_lock_acquire
 .text.__libc_lock_release
                0x00124414       0x1c G:/devkitPro/devkitARM/bin/../lib/gcc/arm-none-eabi/13.2.0/../../../../arm-none-eabi/lib/armv6k/fpu\libsysbase.a(libsysbase_libsysbase_a-syscall_support.o)
                0x00124414                __libc_lock_release
 .text.__libc_lock_acquire_recursive
                0x00124430       0x1c G:/devkitPro/devkitARM/bin/../lib/gcc/arm-none-eabi/13.2.0/../../../../arm-none-eabi/lib/armv6k/fpu\libsysbase.a(libsysbase_libsysbase_a-syscall_support.o)
                0x00124430                __libc_lock_acquire_recursive
 .text.__libc_lock_release_recursive
                0x0012444c       0x1c G:/devkitPro/devkitARM/bin/../lib/gcc/arm-none-eabi/13.2.0/../../../../arm-none-eabi/lib/armv6k/fpu\libsysbase.a(libsysbase_libsysbase_a-syscall_support.o)
                0x0012444c                __libc_lock_release_recursive
 .text._unlink_r
                0x00124468       0x64 G:/devkitPro/devkitARM/bin/../lib/gcc/arm-none-eabi/13.2.0/../../../../arm-none-eabi/lib/armv6k/fpu\libsysbase.a(libsysbase_libsysbase_a-unlink.o)
                0x00124468                _unlink_r
 .text._write_r
                0x001244cc       0x80 G:/devkitPro/devkitARM/bin/../lib/gcc/arm-none-eabi/13.2.0/../../../../arm-none-eabi/lib/armv6k/fpu\libsysbase.a(libsysbase_libsysbase_a-write.o)
                0x001244cc                _write_r
 .text.__fixdfdi
                0x0012454c       0x38 G:/devkitPro/devkitARM/bin/../lib/gcc/arm-none-eabi/13.2.0/armv6k/fpu\libgcc.a(_fixdfdi.o)
                0x0012454c                __fixdfdi
                0x0012454c                __aeabi_d2lz
 *fill*         0x00124584        0x4 
 .text.__fixunsdfdi
                0x00124588       0x40 G:/devkitPro/devkitARM/bin/../lib/gcc/arm-none-eabi/13.2.0/armv6k/fpu\libgcc.a(_fixunsdfdi.o)
                0x00124588                __fixunsdfdi
                0x00124588                __aeabi_d2ulz
 .text.strrchr  0x001245c8       0x48 G:/devkitPro/devkitARM/bin/../lib/gcc/arm-none-eabi/13.2.0/../../../../arm-none-eabi/lib/armv6k/fpu\libg.a(libc_a-strrchr.o)
                0x001245c8                strrchr
 *(.glue_7)
 .glue_7        0x00124610        0x0 linker stubs
 *(.glue_7t)
 .glue_7t       0x00124610        0x0 linker stubs
 *(.stub)
 *(.gnu.warning)
 *(.gnu.linkonce.t*)
                0x00124610                        . = ALIGN (0x4)
 *(.fini)
 .fini          0x00124610        0xc G:/devkitPro/devkitARM/bin/../lib/gcc/arm-none-eabi/13.2.0/armv6k/fpu/crti.o
                0x00124610                _fini
 .fini          0x0012461c        0xc G:/devkitPro/devkitARM/bin/../lib/gcc/arm-none-eabi/13.2.0/armv6k/fpu/crtn.o
                0x00124628                        . = ALIGN (0x4)

.vfp11_veneer   0x00124628        0x0
 .vfp11_veneer  0x00124628        0x0 linker stubs

.v4_bx          0x00124628        0x0
 .v4_bx         0x00124628        0x0 linker stubs

.iplt           0x00124628        0x0
 .iplt          0x00124628        0x0 G:/devkitPro/devkitARM/bin/../lib/gcc/arm-none-eabi/13.2.0/../../../../arm-none-eabi/lib/armv6k/fpu/3dsx_crt0.o
                0x00125000                        . = ALIGN (0x1000)

.rodata         0x00125000     0x538c
 *(.rodata)
 .rodata        0x00125000        0xc G:/devkitPro/libctru/lib\libctru.a(archive_dev.o)
 *(.roda)
 *(.rodata.*)
 .rodata.str1.4
                0x0012500c      0xe5b main.o
                                0x538 (size before relaxing)
 .rodata.str1.4
                0x00125e67       0x10 G:/devkitPro/libctru/lib\libctru.a(console.o)
 *fill*         0x00125e67        0x1 
 .rodata.dotab_stdout
                0x00125e68       0x80 G:/devkitPro/libctru/lib\libctru.a(console.o)
 .rodata.grayScale
                0x00125ee8       0x18 G:/devkitPro/libctru/lib\libctru.a(console.o)
 .rodata.colorCube
                0x00125f00        0x6 G:/devkitPro/libctru/lib\libctru.a(console.o)
 *fill*         0x00125f06        0x2 
 .rodata.colorTable
                0x00125f08       0x30 G:/devkitPro/libctru/lib\libctru.a(console.o)
 .rodata.srvInit.str1.4
                0x00125f38        0x5 G:/devkitPro/libctru/lib\libctru.a(srv.o)
 .rodata.aptSendCommand.str1.4
                0x00125f38       0x16 G:/devkitPro/libctru/lib\libctru.a(apt.o)
 .rodata.s_sleepWakeEvents.4
                0x00125f38        0x8 G:/devkitPro/libctru/lib\libctru.a(apt.o)
 .rodata.fsInit.str1.4
                0x00125f40        0x8 G:/devkitPro/libctru/lib\libctru.a(fs.o)
 .rodata.gspInit.str1.4
                0x00125f40        0x9 G:/devkitPro/libctru/lib\libctru.a(gspgpu.o)
 .rodata.hidInit.str1.4
                0x00125f40       0x15 G:/devkitPro/libctru/lib\libctru.a(hid.o)
 .rodata.irrstInit.str1.4
                0x00125f40        0x7 G:/devkitPro/libctru/lib\libctru.a(irrst.o)
 .rodata.__system_initArgv.str1.4
                0x00125f40        0xa G:/devkitPro/libctru/lib\libctru.a(initArgv.o)
 .rodata.default_font_bin
                0x00125f40      0x800 G:/devkitPro/libctru/lib\libctru.a(default_font.bin.o)
                0x00125f40                default_font_bin
                0x00126740                default_font_bin_end
 .rodata.ptmSysmInit.str1.4
                0x00126740        0x9 G:/devkitPro/libctru/lib\libctru.a(ptmsysm.o)
 .rodata.archive_utf16path.str1.4
                0x00126740        0x2 G:/devkitPro/libctru/lib\libctru.a(archive_dev.o)
 .rodata._archiveUnmountDeviceStruct.part.0.str1.4
                0x00126740        0x2 G:/devkitPro/libctru/lib\libctru.a(archive_dev.o)
 .rodata._archiveMountDevice.str1.4
                0x00126740        0xc G:/devkitPro/libctru/lib\libctru.a(archive_dev.o)
 .rodata.archiveMountSdmc.str1.4
                0x00126740        0x5 G:/devkitPro/libctru/lib\libctru.a(archive_dev.o)
 .rodata.error_table
                0x00126740       0x30 G:/devkitPro/libctru/lib\libctru.a(archive_dev.o)
 .rodata.str1.4
                0x00126770        0x8 G:/devkitPro/libctru/lib\libctru.a(archive_dev.o)
 .rodata.archive_devoptab
                0x00126770       0x80 G:/devkitPro/libctru/lib\libctru.a(archive_dev.o)
 .rodata._perror_r.str1.4
                0x001267f0        0x6 G:/devkitPro/devkitARM/bin/../lib/gcc/arm-none-eabi/13.2.0/../../../../arm-none-eabi/lib/armv6k/fpu\libg.a(libc_a-perror.o)
 .rodata._puts_r.str1.4
                0x001267f0        0x2 G:/devkitPro/devkitARM/bin/../lib/gcc/arm-none-eabi/13.2.0/../../../../arm-none-eabi/lib/armv6k/fpu\libg.a(libc_a-puts.o)
 .rodata._svfprintf_r.str1.1
                0x001267f0       0x40 G:/devkitPro/devkitARM/bin/../lib/gcc/arm-none-eabi/13.2.0/../../../../arm-none-eabi/lib/armv6k/fpu\libg.a(libc_a-svfprintf.o)
                                 0x3b (size before relaxing)
 .rodata.zeroes.0
                0x00126830       0x10 G:/devkitPro/devkitARM/bin/../lib/gcc/arm-none-eabi/13.2.0/../../../../arm-none-eabi/lib/armv6k/fpu\libg.a(libc_a-svfprintf.o)
 .rodata.blanks.1
                0x00126840       0x10 G:/devkitPro/devkitARM/bin/../lib/gcc/arm-none-eabi/13.2.0/../../../../arm-none-eabi/lib/armv6k/fpu\libg.a(libc_a-svfprintf.o)
 .rodata.__ssvfscanf_r.str1.1
                0x00126850        0x6 G:/devkitPro/devkitARM/bin/../lib/gcc/arm-none-eabi/13.2.0/../../../../arm-none-eabi/lib/armv6k/fpu\libg.a(libc_a-svfscanf.o)
 .rodata.basefix.0
                0x00126850       0x22 G:/devkitPro/devkitARM/bin/../lib/gcc/arm-none-eabi/13.2.0/../../../../arm-none-eabi/lib/armv6k/fpu\libg.a(libc_a-svfscanf.o)
 .rodata._vfprintf_r.str1.1
                0x00126872       0x3b G:/devkitPro/devkitARM/bin/../lib/gcc/arm-none-eabi/13.2.0/../../../../arm-none-eabi/lib/armv6k/fpu\libg.a(libc_a-vfprintf.o)
 *fill*         0x00126872        0x2 
 .rodata.zeroes.0
                0x00126874       0x10 G:/devkitPro/devkitARM/bin/../lib/gcc/arm-none-eabi/13.2.0/../../../../arm-none-eabi/lib/armv6k/fpu\libg.a(libc_a-vfprintf.o)
 .rodata.blanks.1
                0x00126884       0x10 G:/devkitPro/devkitARM/bin/../lib/gcc/arm-none-eabi/13.2.0/../../../../arm-none-eabi/lib/armv6k/fpu\libg.a(libc_a-vfprintf.o)
 .rodata._strerror_r.str1.4
                0x00126894      0x701 G:/devkitPro/devkitARM/bin/../lib/gcc/arm-none-eabi/13.2.0/../../../../arm-none-eabi/lib/armv6k/fpu\libg.a(libc_a-strerror.o)
 .rodata._strtod_l.str1.4
                0x00126894       0x15 G:/devkitPro/devkitARM/bin/../lib/gcc/arm-none-eabi/13.2.0/../../../../arm-none-eabi/lib/armv6k/fpu\libg.a(libc_a-strtod.o)
 .rodata.fpinan.0
                0x00126894       0x14 G:/devkitPro/devkitARM/bin/../lib/gcc/arm-none-eabi/13.2.0/../../../../arm-none-eabi/lib/armv6k/fpu\libg.a(libc_a-strtod.o)
 .rodata.fpi.1  0x001268a8       0x14 G:/devkitPro/devkitARM/bin/../lib/gcc/arm-none-eabi/13.2.0/../../../../arm-none-eabi/lib/armv6k/fpu\libg.a(libc_a-strtod.o)
 *fill*         0x001268bc        0x4 
 .rodata.tinytens
                0x001268c0       0x28 G:/devkitPro/devkitARM/bin/../lib/gcc/arm-none-eabi/13.2.0/../../../../arm-none-eabi/lib/armv6k/fpu\libg.a(libc_a-strtod.o)
 .rodata.str1.4
                0x001268e8       0x4c G:/devkitPro/devkitARM/bin/../lib/gcc/arm-none-eabi/13.2.0/../../../../arm-none-eabi/lib/armv6k/fpu\libg.a(libc_a-locale.o)
 .rodata._mbrtowc_r.str1.4
                0x001268e8        0x1 G:/devkitPro/devkitARM/bin/../lib/gcc/arm-none-eabi/13.2.0/../../../../arm-none-eabi/lib/armv6k/fpu\libg.a(libc_a-mbrtowc.o)
 .rodata._ctype_
                0x001268e8      0x101 G:/devkitPro/devkitARM/bin/../lib/gcc/arm-none-eabi/13.2.0/../../../../arm-none-eabi/lib/armv6k/fpu\libg.a(libc_a-ctype_.o)
                0x001268e8                _ctype_
 *fill*         0x001269e9        0x3 
 .rodata.categories
                0x001269ec     0x3528 G:/devkitPro/devkitARM/bin/../lib/gcc/arm-none-eabi/13.2.0/../../../../arm-none-eabi/lib/armv6k/fpu\libg.a(libc_a-categories.o)
 .rodata._vfiprintf_r.str1.1
                0x00129f14       0x29 G:/devkitPro/devkitARM/bin/../lib/gcc/arm-none-eabi/13.2.0/../../../../arm-none-eabi/lib/armv6k/fpu\libg.a(libc_a-vfiprintf.o)
 .rodata.zeroes.0
                0x00129f14       0x10 G:/devkitPro/devkitARM/bin/../lib/gcc/arm-none-eabi/13.2.0/../../../../arm-none-eabi/lib/armv6k/fpu\libg.a(libc_a-vfiprintf.o)
 .rodata.blanks.1
                0x00129f24       0x10 G:/devkitPro/devkitARM/bin/../lib/gcc/arm-none-eabi/13.2.0/../../../../arm-none-eabi/lib/armv6k/fpu\libg.a(libc_a-vfiprintf.o)
 .rodata.__action_table
                0x00129f34       0x6c G:/devkitPro/devkitARM/bin/../lib/gcc/arm-none-eabi/13.2.0/../../../../arm-none-eabi/lib/armv6k/fpu\libg.a(libc_a-svfiprintf.o)
                0x00129f34                __action_table
 .rodata.__state_table
                0x00129fa0       0x6c G:/devkitPro/devkitARM/bin/../lib/gcc/arm-none-eabi/13.2.0/../../../../arm-none-eabi/lib/armv6k/fpu\libg.a(libc_a-svfiprintf.o)
                0x00129fa0                __state_table
 .rodata.__chclass
                0x0012a00c      0x100 G:/devkitPro/devkitARM/bin/../lib/gcc/arm-none-eabi/13.2.0/../../../../arm-none-eabi/lib/armv6k/fpu\libg.a(libc_a-svfiprintf.o)
                0x0012a00c                __chclass
 .rodata.__gethex.str1.4
                0x0012a10c       0x62 G:/devkitPro/devkitARM/bin/../lib/gcc/arm-none-eabi/13.2.0/../../../../arm-none-eabi/lib/armv6k/fpu\libg.a(libc_a-gdtoa-gethex.o)
 .rodata.__hexdig
                0x0012a10c      0x100 G:/devkitPro/devkitARM/bin/../lib/gcc/arm-none-eabi/13.2.0/../../../../arm-none-eabi/lib/armv6k/fpu\libg.a(libc_a-gdtoa-gethex.o)
                0x0012a10c                __hexdig
 .rodata._dtoa_r.str1.4
                0x0012a20c       0x6a G:/devkitPro/devkitARM/bin/../lib/gcc/arm-none-eabi/13.2.0/../../../../arm-none-eabi/lib/armv6k/fpu\libg.a(libc_a-dtoa.o)
 .rodata.__multadd.str1.4
                0x0012a20c       0x57 G:/devkitPro/devkitARM/bin/../lib/gcc/arm-none-eabi/13.2.0/../../../../arm-none-eabi/lib/armv6k/fpu\libg.a(libc_a-mprec.o)
 .rodata.p05.0  0x0012a20c        0xc G:/devkitPro/devkitARM/bin/../lib/gcc/arm-none-eabi/13.2.0/../../../../arm-none-eabi/lib/armv6k/fpu\libg.a(libc_a-mprec.o)
 .rodata.__mprec_bigtens
                0x0012a218       0x28 G:/devkitPro/devkitARM/bin/../lib/gcc/arm-none-eabi/13.2.0/../../../../arm-none-eabi/lib/armv6k/fpu\libg.a(libc_a-mprec.o)
                0x0012a218                __mprec_bigtens
 .rodata.__mprec_tens
                0x0012a240       0xc8 G:/devkitPro/devkitARM/bin/../lib/gcc/arm-none-eabi/13.2.0/../../../../arm-none-eabi/lib/armv6k/fpu\libg.a(libc_a-mprec.o)
                0x0012a240                __mprec_tens
 .rodata.__assert_func.str1.4
                0x0012a308       0x43 G:/devkitPro/devkitARM/bin/../lib/gcc/arm-none-eabi/13.2.0/../../../../arm-none-eabi/lib/armv6k/fpu\libg.a(libc_a-assert.o)
 .rodata.AddDevice.str1.4