Archive member included to satisfy reference by file (symbol)

G:/devkitPro/libctru/lib\libctru.a(console.o)
                              main.o (consoleInit)
G:/devkitPro/libctru/lib\libctru.a(srv.o)
                              main.o (srvInit)
G:/devkitPro/libctru/lib\libctru.a(gfx.o)
                              G:/devkitPro/libctru/lib\libctru.a(console.o) (gfxIsWide)
G:/devkitPro/libctru/lib\libctru.a(gspgpu.o)
                              G:/devkitPro/libctru/lib\libctru.a(gfx.o) (gspInit)
G:/devkitPro/libctru/lib\libctru.a(am.o)
                              main.o (amInit)
G:/devkitPro/libctru/lib\libctru.a(apt.o)
                              main.o (aptExit)
G:/devkitPro/libctru/lib\libctru.a(hid.o)
                              main.o (hidScanInput)
G:/devkitPro/libctru/lib\libctru.a(srvpm.o)
                              G:/devkitPro/libctru/lib\libctru.a(srv.o) (srvPmGetSessionHandle)
G:/devkitPro/libctru/lib\libctru.a(fs.o)
                              main.o (fsInit)
G:/devkitPro/libctru/lib\libctru.a(utf8_to_utf16.o)
                              G:/devkitPro/libctru/lib\libctru.a(am.o) (utf8_to_utf16)
G:/devkitPro/libctru/lib\libctru.a(ctru_init.o)
                              G:/devkitPro/libctru/lib\libctru.a(apt.o) (__system_retAddr)
G:/devkitPro/libctru/lib\libctru.a(initArgv.o)
                              G:/devkitPro/libctru/lib\libctru.a(ctru_init.o) (__system_initArgv)
G:/devkitPro/libctru/lib\libctru.a(svc.o)
                              main.o (svcSleepThread)
G:/devkitPro/libctru/lib\libctru.a(stack_adjust.o)
                              G:/devkitPro/devkitARM/bin/../lib/gcc/arm-none-eabi/14.2.0/../../../../arm-none-eabi/lib/armv6k/fpu/3dsx_crt0.o (initSystem)
G:/devkitPro/libctru/lib\libctru.a(default_font.bin.o)
                              G:/devkitPro/libctru/lib\libctru.a(console.o) (default_font_bin)
G:/devkitPro/libctru/lib\libctru.a(vram.o)
                              G:/devkitPro/libctru/lib\libctru.a(gfx.o) (vramAlloc)
G:/devkitPro/libctru/lib\libctru.a(linear.o)
                              G:/devkitPro/libctru/lib\libctru.a(gfx.o) (linearAlloc)
G:/devkitPro/libctru/lib\libctru.a(mem_pool.o)
                              G:/devkitPro/libctru/lib\libctru.a(vram.o) (MemPool::Allocate(MemChunk&, unsigned long, int))
G:/devkitPro/libctru/lib\libctru.a(synchronization.o)
                              G:/devkitPro/libctru/lib\libctru.a(ctru_init.o) (__sync_init)
G:/devkitPro/libctru/lib\libctru.a(env.o)
                              G:/devkitPro/libctru/lib\libctru.a(srv.o) (envGetHandle)
G:/devkitPro/libctru/lib\libctru.a(os.o)
                              G:/devkitPro/libctru/lib\libctru.a(apt.o) (__ctru_speedup_config)
G:/devkitPro/libctru/lib\libctru.a(3dslink.o)
                              G:/devkitPro/libctru/lib\libctru.a(initArgv.o) (__3dslink_host)
G:/devkitPro/libctru/lib\libctru.a(thread.o)
                              G:/devkitPro/libctru/lib\libctru.a(gspgpu.o) (threadCreate)
G:/devkitPro/libctru/lib\libctru.a(mappable.o)
                              G:/devkitPro/libctru/lib\libctru.a(gspgpu.o) (mappableAlloc)
G:/devkitPro/libctru/lib\libctru.a(irrst.o)
                              G:/devkitPro/libctru/lib\libctru.a(hid.o) (irrstInit)
G:/devkitPro/libctru/lib\libctru.a(ptmsysm.o)
                              G:/devkitPro/libctru/lib\libctru.a(os.o) (ptmSysmInit)
G:/devkitPro/libctru/lib\libctru.a(soc_socket.o)
                              G:/devkitPro/libctru/lib\libctru.a(3dslink.o) (socket)
G:/devkitPro/libctru/lib\libctru.a(soc_connect.o)
                              G:/devkitPro/libctru/lib\libctru.a(3dslink.o) (connect)
G:/devkitPro/libctru/lib\libctru.a(soc_common.o)
                              G:/devkitPro/libctru/lib\libctru.a(soc_socket.o) (_net_convert_error)
G:/devkitPro/libctru/lib\libctru.a(rbtree_init.o)
                              G:/devkitPro/libctru/lib\libctru.a(vram.o) (rbtree_init)
G:/devkitPro/libctru/lib\libctru.a(rbtree_insert.o)
                              G:/devkitPro/libctru/lib\libctru.a(vram.o) (rbtree_insert)
G:/devkitPro/libctru/lib\libctru.a(rbtree_rotate.o)
                              G:/devkitPro/libctru/lib\libctru.a(rbtree_insert.o) (rbtree_rotate)
G:/devkitPro/libctru/lib\libctru.a(rbtree_remove.o)
                              G:/devkitPro/libctru/lib\libctru.a(vram.o) (rbtree_remove)
G:/devkitPro/libctru/lib\libctru.a(rbtree_find.o)
                              G:/devkitPro/libctru/lib\libctru.a(vram.o) (rbtree_find)
G:/devkitPro/libctru/lib\libctru.a(encode_utf16.o)
                              G:/devkitPro/libctru/lib\libctru.a(utf8_to_utf16.o) (encode_utf16)
G:/devkitPro/libctru/lib\libctru.a(decode_utf8.o)
                              G:/devkitPro/libctru/lib\libctru.a(utf8_to_utf16.o) (decode_utf8)
G:/devkitPro/libctru/lib\libctru.a(appInit.o)
[...]
Memory Configuration

Name             Origin             Length             Attributes
*default*        0x00000000         0xffffffff

Linker script and memory map

                0x00100000                        PROVIDE (__start__ = 0x100000)
                0x00100000                        . = __start__

.text           0x00100000    0x25370
 *(.crt0)
 .crt0          0x00100000       0x94 G:/devkitPro/devkitARM/bin/../lib/gcc/arm-none-eabi/14.2.0/../../../../arm-none-eabi/lib/armv6k/fpu/3dsx_crt0.o
                0x00100000                _start
                0x00100008                __service_ptr
                0x0010000c                __apt_appid
                0x00100010                __heap_size
                0x00100014                __linear_heap_size
                0x00100018                __system_arglist
                0x0010001c                __system_runflags
 *(.init)
 .init          0x00100094        0xc G:/devkitPro/devkitARM/bin/../lib/gcc/arm-none-eabi/14.2.0/armv6k/fpu/crti.o
                0x00100094                _init
 .init          0x001000a0        0xc G:/devkitPro/devkitARM/bin/../lib/gcc/arm-none-eabi/14.2.0/armv6k/fpu/crtn.o
                0x001000ac                        . = ALIGN (0x4)
 *(.text)
 .text          0x001000ac      0x240 G:/devkitPro/devkitARM/bin/../lib/gcc/arm-none-eabi/14.2.0/armv6k/fpu\libgcc.a(_divsi3.o)
                0x001000ac                __divsi3
                0x001000ac                __aeabi_idiv
                0x001002cc                __aeabi_idivmod
 .text          0x001002ec        0x4 G:/devkitPro/devkitARM/bin/../lib/gcc/arm-none-eabi/14.2.0/armv6k/fpu\libgcc.a(_dvmd_tls.o)
                0x001002ec                __aeabi_idiv0
                0x001002ec                __aeabi_ldiv0
 .text          0x001002f0       0x3c G:/devkitPro/devkitARM/bin/../lib/gcc/arm-none-eabi/14.2.0/armv6k/fpu\libgcc.a(_aeabi_uldivmod.o)
                0x001002f0                __aeabi_uldivmod
 *fill*         0x0010032c       0x14 
 .text          0x00100340      0x390 G:/devkitPro/devkitARM/bin/../lib/gcc/arm-none-eabi/14.2.0/../../../../arm-none-eabi/lib/armv6k/fpu\libg.a(libc_a-strcmp.o)
                0x00100348                strcmp
 .text          0x001006d0      0x20c G:/devkitPro/devkitARM/bin/../lib/gcc/arm-none-eabi/14.2.0/armv6k/fpu\libgcc.a(_udivsi3.o)
                0x001006d0                __aeabi_uidiv
                0x001006d0                __udivsi3
                0x001008bc                __aeabi_uidivmod
 .text          0x001008dc      0x3c0 G:/devkitPro/devkitARM/bin/../lib/gcc/arm-none-eabi/14.2.0/armv6k/fpu\libgcc.a(_arm_addsubdf3.o)
                0x001008dc                __aeabi_drsub
                0x001008e4                __aeabi_dsub
                0x001008e4                __subdf3
                0x001008e8                __aeabi_dadd
                0x001008e8                __adddf3
                0x00100b94                __floatunsidf
                0x00100b94                __aeabi_ui2d
                0x00100bb8                __floatsidf
                0x00100bb8                __aeabi_i2d
                0x00100be0                __aeabi_f2d
                0x00100be0                __extendsfdf2
                0x00100c28                __floatundidf
                0x00100c28                __aeabi_ul2d
                0x00100c3c                __floatdidf
                0x00100c3c                __aeabi_l2d
 *(.text.*)
 .text.__do_global_dtors_aux
                0x00100c9c       0x40 G:/devkitPro/devkitARM/bin/../lib/gcc/arm-none-eabi/14.2.0/armv6k/fpu/crtbegin.o
 .text.frame_dummy
                0x00100cdc       0x2c G:/devkitPro/devkitARM/bin/../lib/gcc/arm-none-eabi/14.2.0/armv6k/fpu/crtbegin.o
 .text.compareSlotNumbers
                0x00100d08       0x10 main.o
                0x00100d08                compareSlotNumbers
 .text.selectRegion
                0x00100d18      0x118 main.o
                0x00100d18                selectRegion
 .text.listFolders
                0x00100e30       0xbc main.o
                0x00100e30                listFolders
 .text.selectFolder
                0x00100eec      0x114 main.o
                0x00100eec                selectFolder
 .text.copyDirectory
                0x00101000      0x28c main.o
                0x00101000                copyDirectory
 .text.createDirectoryRecursive
                0x0010128c       0xa8 main.o
                0x0010128c                createDirectoryRecursive
 .text.generateTemplateJson
                0x00101334      0x1b0 main.o
                0x00101334                generateTemplateJson
 .text.clearDirectory
                0x001014e4      0x114 main.o
                0x001014e4                clearDirectory
 .text.fwoOption
                0x001015f8      0x3c0 main.o
                0x001015f8                fwoOption
 .text.copyExtSaveData
                0x001019b8      0x1bc main.o
                0x001019b8                copyExtSaveData
 *fill*         0x00101b74        0x4 
 .text.startup.main
                0x00101b78       0x7c main.o
                0x00101b78                main
 .text.consoleHandleColorEsc
                0x00101bf4      0x45c G:/devkitPro/libctru/lib\libctru.a(console.o)
 .text.consoleColorStateShift
                0x00102050       0xb8 G:/devkitPro/libctru/lib\libctru.a(console.o)
 .text.consoleDrawChar
                0x00102108      0x1ac G:/devkitPro/libctru/lib\libctru.a(console.o)
                0x00102108                consoleDrawChar
 .text.consolePrintChar
                0x001022b4      0x11c G:/devkitPro/libctru/lib\libctru.a(console.o)
                0x001022b4                consolePrintChar
 .text.con_write
                0x001023d0      0x5ec G:/devkitPro/libctru/lib\libctru.a(console.o)
                0x001023d0                con_write
 .text.newRow   0x001029bc      0x124 G:/devkitPro/libctru/lib\libctru.a(console.o)
 .text.consoleInit
                0x00102ae0      0x18c G:/devkitPro/libctru/lib\libctru.a(console.o)
                0x00102ae0                consoleInit
 .text.consoleClear
                0x00102c6c       0xb8 G:/devkitPro/libctru/lib\libctru.a(console.o)
                0x00102c6c                consoleClear
 .text.srvInit  0x00102d24      0x12c G:/devkitPro/libctru/lib\libctru.a(srv.o)
                0x00102d24                srvInit
 .text.srvExit  0x00102e50       0x58 G:/devkitPro/libctru/lib\libctru.a(srv.o)
                0x00102e50                srvExit
 .text.srvEnableNotification
                0x00102ea8       0x60 G:/devkitPro/libctru/lib\libctru.a(srv.o)
                0x00102ea8                srvEnableNotification
 .text.srvGetServiceHandleDirect
                0x00102f08       0xa0 G:/devkitPro/libctru/lib\libctru.a(srv.o)
                0x00102f08                srvGetServiceHandleDirect
 .text.srvGetServiceHandle
                0x00102fa8       0x38 G:/devkitPro/libctru/lib\libctru.a(srv.o)
                0x00102fa8                srvGetServiceHandle
 .text.srvSubscribe
                0x00102fe0       0x34 G:/devkitPro/libctru/lib\libctru.a(srv.o)
                0x00102fe0                srvSubscribe
 .text.srvReceiveNotification
                0x00103014       0x60 G:/devkitPro/libctru/lib\libctru.a(srv.o)
                0x00103014                srvReceiveNotification
 .text.srvPublishToSubscriber
                0x00103074       0x38 G:/devkitPro/libctru/lib\libctru.a(srv.o)
                0x00103074                srvPublishToSubscriber
 .text.gfxPresentFramebuffer
                0x001030ac       0xd0 G:/devkitPro/libctru/lib\libctru.a(gfx.o)
 .text.gfxIsWide
                0x0010317c       0x1c G:/devkitPro/libctru/lib\libctru.a(gfx.o)
                0x0010317c                gfxIsWide
 .text.gfxSetScreenFormat
                0x00103198       0xec G:/devkitPro/libctru/lib\libctru.a(gfx.o)
                0x00103198                gfxSetScreenFormat
 .text.gfxSetDoubleBuffering
                0x00103284       0x10 G:/devkitPro/libctru/lib\libctru.a(gfx.o)
                0x00103284                gfxSetDoubleBuffering
 .text.gfxInit  0x00103294       0xd8 G:/devkitPro/libctru/lib\libctru.a(gfx.o)
                0x00103294                gfxInit
 .text.gfxInitDefault
                0x0010336c       0x10 G:/devkitPro/libctru/lib\libctru.a(gfx.o)
                0x0010336c                gfxInitDefault
 .text.gfxExit  0x0010337c       0xb4 G:/devkitPro/libctru/lib\libctru.a(gfx.o)
                0x0010337c                gfxExit
 .text.gfxGetFramebuffer
                0x00103430       0xa0 G:/devkitPro/libctru/lib\libctru.a(gfx.o)
                0x00103430                gfxGetFramebuffer
 .text.gfxFlushBuffers
                0x001034d0      0x100 G:/devkitPro/libctru/lib\libctru.a(gfx.o)
                0x001034d0                gfxFlushBuffers
 .text.gfxSwapBuffers
                0x001035d0       0x50 G:/devkitPro/libctru/lib\libctru.a(gfx.o)
                0x001035d0                gfxSwapBuffers
 .text.gfxSwapBuffersGpu
                0x00103620       0x50 G:/devkitPro/libctru/lib\libctru.a(gfx.o)
                0x00103620                gfxSwapBuffersGpu
 .text.gspHardwareInit
                0x00103670      0xc70 G:/devkitPro/libctru/lib\libctru.a(gspgpu.o)
 .text.gspInit  0x001042e0      0x248 G:/devkitPro/libctru/lib\libctru.a(gspgpu.o)
                0x001042e0                gspInit
 .text.gspExit  0x00104528       0xe4 G:/devkitPro/libctru/lib\libctru.a(gspgpu.o)
                0x00104528                gspExit
 .text.gspHasGpuRight
                0x0010460c       0x10 G:/devkitPro/libctru/lib\libctru.a(gspgpu.o)
                0x0010460c                gspHasGpuRight
 .text.gspPresentBuffer
                0x0010461c       0xa0 G:/devkitPro/libctru/lib\libctru.a(gspgpu.o)
                0x0010461c                gspPresentBuffer
 .text.gspWaitForEvent
                0x001046bc       0x44 G:/devkitPro/libctru/lib\libctru.a(gspgpu.o)
                0x001046bc                gspWaitForEvent
 .text.gxCmdQueueInterrupt
                0x00104700        0x4 G:/devkitPro/libctru/lib\libctru.a(gspgpu.o)
                0x00104700                gxCmdQueueInterrupt
 .text.gspEventThreadMain
                0x00104704      0x160 G:/devkitPro/libctru/lib\libctru.a(gspgpu.o)
 .text.GSPGPU_FlushDataCache
                0x00104864       0x50 G:/devkitPro/libctru/lib\libctru.a(gspgpu.o)
                0x00104864                GSPGPU_FlushDataCache
 .text.GSPGPU_SetLcdForceBlack
                0x001048b4       0x34 G:/devkitPro/libctru/lib\libctru.a(gspgpu.o)
                0x001048b4                GSPGPU_SetLcdForceBlack
 .text.GSPGPU_AcquireRight
                0x001048e8       0x68 G:/devkitPro/libctru/lib\libctru.a(gspgpu.o)
                0x001048e8                GSPGPU_AcquireRight
 .text.GSPGPU_ReleaseRight
                0x00104950       0x48 G:/devkitPro/libctru/lib\libctru.a(gspgpu.o)
                0x00104950                GSPGPU_ReleaseRight
 .text.GSPGPU_ImportDisplayCaptureInfo
                0x00104998       0x7c G:/devkitPro/libctru/lib\libctru.a(gspgpu.o)
                0x00104998                GSPGPU_ImportDisplayCaptureInfo
 .text.GSPGPU_SaveVramSysArea
                0x00104a14       0x2c G:/devkitPro/libctru/lib\libctru.a(gspgpu.o)
                0x00104a14                GSPGPU_SaveVramSysArea
 .text.GSPGPU_RestoreVramSysArea
                0x00104a40       0x2c G:/devkitPro/libctru/lib\libctru.a(gspgpu.o)
                0x00104a40                GSPGPU_RestoreVramSysArea
 .text.amInit   0x00104a6c       0xa4 G:/devkitPro/libctru/lib\libctru.a(am.o)
                0x00104a6c                amInit
 .text.aptConvertScreenForCapture
                0x00104b10      0x1b0 G:/devkitPro/libctru/lib\libctru.a(apt.o)
 .text.aptDspSleep
                0x00104cc0        0x8 G:/devkitPro/libctru/lib\libctru.a(apt.o)
                0x00104cc0                aptDspSleep
 .text.aptDspWakeup
                0x00104cc8        0x4 G:/devkitPro/libctru/lib\libctru.a(apt.o)
                0x00104cc8                aptDspWakeup
 .text.aptDspCancel
                0x00104ccc        0x4 G:/devkitPro/libctru/lib\libctru.a(apt.o)
                0x00104ccc                aptDspCancel
 .text.aptSendCommand
                0x00104cd0      0x158 G:/devkitPro/libctru/lib\libctru.a(apt.o)
                0x00104cd0                aptSendCommand
 .text.aptExitProcess
                0x00104e28       0x44 G:/devkitPro/libctru/lib\libctru.a(apt.o)
 .text.aptExit  0x00104e6c      0x380 G:/devkitPro/libctru/lib\libctru.a(apt.o)
                0x00104e6c                aptExit
 .text.aptHandleSleep
                0x001051ec       0xd8 G:/devkitPro/libctru/lib\libctru.a(apt.o)
                0x001051ec                aptHandleSleep
 .text.APT_SleepIfShellClosed
                0x001052c4       0x84 G:/devkitPro/libctru/lib\libctru.a(apt.o)
                0x001052c4                APT_SleepIfShellClosed
 .text.aptSetSleepAllowed
                0x00105348       0x78 G:/devkitPro/libctru/lib\libctru.a(apt.o)
                0x00105348                aptSetSleepAllowed
 .text.APT_UnlockTransition
                0x001053c0       0x84 G:/devkitPro/libctru/lib\libctru.a(apt.o)
                0x001053c0                APT_UnlockTransition
 *fill*         0x00105444        0x4 
 .text.aptEventHandler
                0x00105448      0x478 G:/devkitPro/libctru/lib\libctru.a(apt.o)
 .text.APT_ReceiveParameter
                0x001058c0       0xb0 G:/devkitPro/libctru/lib\libctru.a(apt.o)
                0x001058c0                APT_ReceiveParameter
 .text.aptReceiveParameter.constprop.0
                0x00105970       0xac G:/devkitPro/libctru/lib\libctru.a(apt.o)
 *fill*         0x00105a1c        0x4 
 .text.aptScreenTransfer
                0x00105a20      0x294 G:/devkitPro/libctru/lib\libctru.a(apt.o)
 .text.aptWaitForWakeUp.isra.0
                0x00105cb4      0x2c8 G:/devkitPro/libctru/lib\libctru.a(apt.o)
 .text.aptJumpToHomeMenu
                0x00105f7c       0xf4 G:/devkitPro/libctru/lib\libctru.a(apt.o)
                0x00105f7c                aptJumpToHomeMenu
 .text.aptMainLoop
                0x00106070       0x48 G:/devkitPro/libctru/lib\libctru.a(apt.o)
                0x00106070                aptMainLoop
 .text.aptInit  0x001060b8      0x22c G:/devkitPro/libctru/lib\libctru.a(apt.o)
                0x001060b8                aptInit
 .text.APT_CheckNew3DS
                0x001062e4       0x7c G:/devkitPro/libctru/lib\libctru.a(apt.o)
                0x001062e4                APT_CheckNew3DS
 .text.hidShouldUseIrrst
                0x00106360       0x24 G:/devkitPro/libctru/lib\libctru.a(hid.o)
                0x00106360                hidShouldUseIrrst
 .text.hidInit  0x00106384      0x18c G:/devkitPro/libctru/lib\libctru.a(hid.o)
                0x00106384                hidInit
 .text.hidExit  0x00106510       0xe8 G:/devkitPro/libctru/lib\libctru.a(hid.o)
                0x00106510                hidExit
 .text.hidScanInput
                0x001065f8      0x2a4 G:/devkitPro/libctru/lib\libctru.a(hid.o)
                0x001065f8                hidScanInput
 .text.hidKeysDown
                0x0010689c       0x10 G:/devkitPro/libctru/lib\libctru.a(hid.o)
                0x0010689c                hidKeysDown
 .text.srvPmGetSessionHandle
                0x001068ac        0xc G:/devkitPro/libctru/lib\libctru.a(srvpm.o)
                0x001068ac                srvPmGetSessionHandle
 .text.fsInit   0x001068b8       0xd0 G:/devkitPro/libctru/lib\libctru.a(fs.o)
                0x001068b8                fsInit
 .text.fsExit   0x00106988       0x3c G:/devkitPro/libctru/lib\libctru.a(fs.o)
                0x00106988                fsExit
 .text.fsExemptFromSession
                0x001069c4       0x60 G:/devkitPro/libctru/lib\libctru.a(fs.o)
                0x001069c4                fsExemptFromSession
 .text.fsUnexemptFromSession
                0x00106a24       0x50 G:/devkitPro/libctru/lib\libctru.a(fs.o)
                0x00106a24                fsUnexemptFromSession
 .text.fsMakePath
                0x00106a74       0x84 G:/devkitPro/libctru/lib\libctru.a(fs.o)
                0x00106a74                fsMakePath
 .text.FSUSER_OpenFile
                0x00106af8       0xcc G:/devkitPro/libctru/lib\libctru.a(fs.o)
                0x00106af8                FSUSER_OpenFile
 .text.FSUSER_DeleteFile
                0x00106bc4       0xbc G:/devkitPro/libctru/lib\libctru.a(fs.o)
                0x00106bc4                FSUSER_DeleteFile
 .text.FSUSER_RenameFile
                0x00106c80       0xf8 G:/devkitPro/libctru/lib\libctru.a(fs.o)
                0x00106c80                FSUSER_RenameFile
 .text.FSUSER_DeleteDirectory
                0x00106d78       0xbc G:/devkitPro/libctru/lib\libctru.a(fs.o)
                0x00106d78                FSUSER_DeleteDirectory
 .text.FSUSER_CreateFile
                0x00106e34       0xd4 G:/devkitPro/libctru/lib\libctru.a(fs.o)
                0x00106e34                FSUSER_CreateFile
 .text.FSUSER_CreateDirectory
                0x00106f08       0xc4 G:/devkitPro/libctru/lib\libctru.a(fs.o)
                0x00106f08                FSUSER_CreateDirectory
 .text.FSUSER_RenameDirectory
                0x00106fcc       0xf8 G:/devkitPro/libctru/lib\libctru.a(fs.o)
                0x00106fcc                FSUSER_RenameDirectory
 .text.FSUSER_OpenDirectory
                0x001070c4       0xb4 G:/devkitPro/libctru/lib\libctru.a(fs.o)
                0x001070c4                FSUSER_OpenDirectory
 .text.FSUSER_OpenArchive
                0x00107178       0x94 G:/devkitPro/libctru/lib\libctru.a(fs.o)
                0x00107178                FSUSER_OpenArchive
 .text.FSUSER_CloseArchive
                0x0010720c       0x8c G:/devkitPro/libctru/lib\libctru.a(fs.o)
                0x0010720c                FSUSER_CloseArchive
 .text.FSUSER_GetSdmcArchiveResource
                0x00107298       0x74 G:/devkitPro/libctru/lib\libctru.a(fs.o)
                0x00107298                FSUSER_GetSdmcArchiveResource
 .text.FSUSER_IsSdmcWritable
                0x0010730c       0x64 G:/devkitPro/libctru/lib\libctru.a(fs.o)
                0x0010730c                FSUSER_IsSdmcWritable
 .text.FSFILE_Read
                0x00107370       0x58 G:/devkitPro/libctru/lib\libctru.a(fs.o)
                0x00107370                FSFILE_Read
 .text.FSFILE_Write
                0x001073c8       0x60 G:/devkitPro/libctru/lib\libctru.a(fs.o)
                0x001073c8                FSFILE_Write
 .text.FSFILE_GetSize
                0x00107428       0x38 G:/devkitPro/libctru/lib\libctru.a(fs.o)
                0x00107428                FSFILE_GetSize
 .text.FSFILE_SetSize
                0x00107460       0x28 G:/devkitPro/libctru/lib\libctru.a(fs.o)
                0x00107460                FSFILE_SetSize
 .text.FSFILE_Close
                0x00107488       0x3c G:/devkitPro/libctru/lib\libctru.a(fs.o)
                0x00107488                FSFILE_Close
 .text.FSFILE_Flush
                0x001074c4       0x24 G:/devkitPro/libctru/lib\libctru.a(fs.o)
                0x001074c4                FSFILE_Flush
 .text.FSDIR_Read
                0x001074e8       0x50 G:/devkitPro/libctru/lib\libctru.a(fs.o)
                0x001074e8                FSDIR_Read
 .text.FSDIR_Close
                0x00107538       0x3c G:/devkitPro/libctru/lib\libctru.a(fs.o)
                0x00107538                FSDIR_Close
 .text.utf8_to_utf16
                0x00107574       0xc0 G:/devkitPro/libctru/lib\libctru.a(utf8_to_utf16.o)
                0x00107574                utf8_to_utf16
 .text.__libctru_init
                0x00107634       0x38 G:/devkitPro/libctru/lib\libctru.a(ctru_init.o)
                0x00107634                __libctru_init
 .text.__system_initArgv
                0x0010766c      0x160 G:/devkitPro/libctru/lib\libctru.a(initArgv.o)
                0x0010766c                __system_initArgv
 .text.svcControlMemory
                0x001077cc       0x20 G:/devkitPro/libctru/lib\libctru.a(svc.o)
                0x001077cc                svcControlMemory
 .text.svcQueryMemory
                0x001077ec       0x30 G:/devkitPro/libctru/lib\libctru.a(svc.o)
                0x001077ec                svcQueryMemory
 .text.svcExitProcess
                0x0010781c        0x8 G:/devkitPro/libctru/lib\libctru.a(svc.o)
                0x0010781c                svcExitProcess
 .text.svcCreateThread
                0x00107824       0x20 G:/devkitPro/libctru/lib\libctru.a(svc.o)
                0x00107824                svcCreateThread
 .text.svcExitThread
                0x00107844        0x8 G:/devkitPro/libctru/lib\libctru.a(svc.o)
                0x00107844                svcExitThread
 .text.svcSleepThread
                0x0010784c        0x8 G:/devkitPro/libctru/lib\libctru.a(svc.o)
                0x0010784c                svcSleepThread
 .text.svcReleaseMutex
                0x00107854        0x8 G:/devkitPro/libctru/lib\libctru.a(svc.o)
                0x00107854                svcReleaseMutex
 .text.svcCreateEvent
                0x0010785c       0x14 G:/devkitPro/libctru/lib\libctru.a(svc.o)
                0x0010785c                svcCreateEvent
 .text.svcSignalEvent
                0x00107870        0x8 G:/devkitPro/libctru/lib\libctru.a(svc.o)
                0x00107870                svcSignalEvent
 .text.svcClearEvent
                0x00107878        0x8 G:/devkitPro/libctru/lib\libctru.a(svc.o)
                0x00107878                svcClearEvent
 .text.svcMapMemoryBlock
                0x00107880        0x8 G:/devkitPro/libctru/lib\libctru.a(svc.o)
                0x00107880                svcMapMemoryBlock
 .text.svcUnmapMemoryBlock
                0x00107888        0x8 G:/devkitPro/libctru/lib\libctru.a(svc.o)
                0x00107888                svcUnmapMemoryBlock
 .text.svcCreateAddressArbiter
                0x00107890       0x14 G:/devkitPro/libctru/lib\libctru.a(svc.o)
                0x00107890                svcCreateAddressArbiter
 .text.svcArbitrateAddressNoTimeout
                0x001078a4        0x8 G:/devkitPro/libctru/lib\libctru.a(svc.o)
                0x001078a4                svcArbitrateAddressNoTimeout
 .text.svcCloseHandle
                0x001078ac        0x8 G:/devkitPro/libctru/lib\libctru.a(svc.o)
                0x001078ac                svcCloseHandle
 .text.svcWaitSynchronization
                0x001078b4        0x8 G:/devkitPro/libctru/lib\libctru.a(svc.o)
                0x001078b4                svcWaitSynchronization
 .text.svcWaitSynchronizationN
                0x001078bc       0x28 G:/devkitPro/libctru/lib\libctru.a(svc.o)
                0x001078bc                svcWaitSynchronizationN
 .text.svcDuplicateHandle
                0x001078e4       0x14 G:/devkitPro/libctru/lib\libctru.a(svc.o)
                0x001078e4                svcDuplicateHandle
 .text.svcConnectToPort
                0x001078f8       0x14 G:/devkitPro/libctru/lib\libctru.a(svc.o)
                0x001078f8                svcConnectToPort
 .text.svcSendSyncRequest
                0x0010790c        0x8 G:/devkitPro/libctru/lib\libctru.a(svc.o)
                0x0010790c                svcSendSyncRequest
 .text.svcGetResourceLimit
                0x00107914       0x14 G:/devkitPro/libctru/lib\libctru.a(svc.o)
                0x00107914                svcGetResourceLimit
 .text.svcGetResourceLimitLimitValues
                0x00107928        0x8 G:/devkitPro/libctru/lib\libctru.a(svc.o)
                0x00107928                svcGetResourceLimitLimitValues
 .text.svcGetResourceLimitCurrentValues
                0x00107930        0x8 G:/devkitPro/libctru/lib\libctru.a(svc.o)
                0x00107930                svcGetResourceLimitCurrentValues
 .text.svcBreak
                0x00107938        0x8 G:/devkitPro/libctru/lib\libctru.a(svc.o)
                0x00107938                svcBreak
 .text.initSystem
                0x00107940       0x50 G:/devkitPro/libctru/lib\libctru.a(stack_adjust.o)
                0x00107940                initSystem
 .text.__ctru_exit
                0x00107990       0x14 G:/devkitPro/libctru/lib\libctru.a(stack_adjust.o)
                0x00107990                __ctru_exit
 .text._ZL21addrMapNodeComparatorPK11rbtree_nodeS1_
                0x001079a4       0x24 G:/devkitPro/libctru/lib\libctru.a(vram.o)
 .text._ZL21addrMapNodeDestructorP11rbtree_node
                0x001079c8        0x4 G:/devkitPro/libctru/lib\libctru.a(vram.o)
 .text.vramMemAlignAt
                0x001079cc      0x244 G:/devkitPro/libctru/lib\libctru.a(vram.o)
                0x001079cc                vramMemAlignAt
 .text.vramAlloc
                0x00107c10        0xc G:/devkitPro/libctru/lib\libctru.a(vram.o)
                0x00107c10                vramAlloc
 .text.vramFree
                0x00107c1c       0x90 G:/devkitPro/libctru/lib\libctru.a(vram.o)
                0x00107c1c                vramFree
 .text._ZL21addrMapNodeComparatorPK11rbtree_nodeS1_
                0x00107cac       0x24 G:/devkitPro/libctru/lib\libctru.a(linear.o)
 .text._ZL21addrMapNodeDestructorP11rbtree_node
                0x00107cd0        0x4 G:/devkitPro/libctru/lib\libctru.a(linear.o)
 .text.linearMemAlign
                0x00107cd4      0x120 G:/devkitPro/libctru/lib\libctru.a(linear.o)
                0x00107cd4                linearMemAlign
 .text.linearAlloc
                0x00107df4        0x8 G:/devkitPro/libctru/lib\libctru.a(linear.o)
                0x00107df4                linearAlloc
 .text.linearFree
                0x00107dfc       0x5c G:/devkitPro/libctru/lib\libctru.a(linear.o)
                0x00107dfc                linearFree
 .text._ZN7MemPool13CoalesceRightEP8MemBlock
                0x00107e58       0x84 G:/devkitPro/libctru/lib\libctru.a(mem_pool.o)
                0x00107e58                MemPool::CoalesceRight(MemBlock*)
 .text._ZN7MemPool8AllocateER8MemChunkmi
                0x00107edc      0x150 G:/devkitPro/libctru/lib\libctru.a(mem_pool.o)
                0x00107edc                MemPool::Allocate(MemChunk&, unsigned long, int)
 .text._ZN7MemPool10DeallocateERK8MemChunk
                0x0010802c       0xfc G:/devkitPro/libctru/lib\libctru.a(mem_pool.o)
                0x0010802c                MemPool::Deallocate(MemChunk const&)
 .text._ZN7MemPool12GetFreeSpaceEv
                0x00108128       0x30 G:/devkitPro/libctru/lib\libctru.a(mem_pool.o)
                0x00108128                MemPool::GetFreeSpace()
 .text.__sync_init
                0x00108158        0xc G:/devkitPro/libctru/lib\libctru.a(synchronization.o)
                0x00108158                __sync_init
 .text.__sync_fini
                0x00108164       0x18 G:/devkitPro/libctru/lib\libctru.a(synchronization.o)
                0x00108164                __sync_fini
 .text.syncArbitrateAddress
                0x0010817c       0x2c G:/devkitPro/libctru/lib\libctru.a(synchronization.o)
                0x0010817c                syncArbitrateAddress
 .text.LightLock_Lock
                0x001081a8       0xb0 G:/devkitPro/libctru/lib\libctru.a(synchronization.o)
                0x001081a8                LightLock_Lock
 .text.LightLock_Unlock
                0x00108258       0x40 G:/devkitPro/libctru/lib\libctru.a(synchronization.o)
                0x00108258                LightLock_Unlock
 .text.RecursiveLock_Lock
                0x00108298       0x30 G:/devkitPro/libctru/lib\libctru.a(synchronization.o)
                0x00108298                RecursiveLock_Lock
 .text.RecursiveLock_Unlock
                0x001082c8       0x54 G:/devkitPro/libctru/lib\libctru.a(synchronization.o)
                0x001082c8                RecursiveLock_Unlock
 .text.LightEvent_Init
                0x0010831c       0x40 G:/devkitPro/libctru/lib\libctru.a(synchronization.o)
                0x0010831c                LightEvent_Init
 .text.LightEvent_Clear
                0x0010835c       0xa4 G:/devkitPro/libctru/lib\libctru.a(synchronization.o)
                0x0010835c                LightEvent_Clear
 .text.LightEvent_Signal
                0x00108400       0xc8 G:/devkitPro/libctru/lib\libctru.a(synchronization.o)
                0x00108400                LightEvent_Signal
 .text.LightEvent_TryWait
                0x001084c8       0x50 G:/devkitPro/libctru/lib\libctru.a(synchronization.o)
                0x001084c8                LightEvent_TryWait
 .text.LightEvent_Wait
                0x00108518       0xa0 G:/devkitPro/libctru/lib\libctru.a(synchronization.o)
                0x00108518                LightEvent_Wait
 .text.envGetHandle
                0x001085b8       0x84 G:/devkitPro/libctru/lib\libctru.a(env.o)
                0x001085b8                envGetHandle
 .text.envDestroyHandles
                0x0010863c       0x50 G:/devkitPro/libctru/lib\libctru.a(env.o)
                0x0010863c                envDestroyHandles
 .text.__ctru_speedup_config
                0x0010868c       0x34 G:/devkitPro/libctru/lib\libctru.a(os.o)
                0x0010868c                __ctru_speedup_config
 .text.threadCreate
                0x001086c0      0x1d4 G:/devkitPro/libctru/lib\libctru.a(thread.o)
                0x001086c0                threadCreate
 .text.threadFree
                0x00108894       0x2c G:/devkitPro/libctru/lib\libctru.a(thread.o)
                0x00108894                threadFree
 .text.threadJoin
                0x001088c0       0x24 G:/devkitPro/libctru/lib\libctru.a(thread.o)
                0x001088c0                threadJoin
 .text.threadGetCurrent
                0x001088e4       0x30 G:/devkitPro/libctru/lib\libctru.a(thread.o)
                0x001088e4                threadGetCurrent
 .text.threadExit
                0x00108914       0x40 G:/devkitPro/libctru/lib\libctru.a(thread.o)
                0x00108914                threadExit
 .text._thread_begin
                0x00108954       0x20 G:/devkitPro/libctru/lib\libctru.a(thread.o)
 .text.mappableFindAddressWithin
                0x00108974       0x90 G:/devkitPro/libctru/lib\libctru.a(mappable.o)
 .text.mappableInit
                0x00108a04       0x28 G:/devkitPro/libctru/lib\libctru.a(mappable.o)
                0x00108a04                mappableInit
 .text.mappableAlloc
                0x00108a2c       0x80 G:/devkitPro/libctru/lib\libctru.a(mappable.o)
                0x00108a2c                mappableAlloc
 .text.mappableFree
                0x00108aac        0x4 G:/devkitPro/libctru/lib\libctru.a(mappable.o)
                0x00108aac                mappableFree
 .text.irrstInit
                0x00108ab0      0x160 G:/devkitPro/libctru/lib\libctru.a(irrst.o)
                0x00108ab0                irrstInit
 .text.irrstExit
                0x00108c10       0xcc G:/devkitPro/libctru/lib\libctru.a(irrst.o)
                0x00108c10                irrstExit
 .text.irrstScanInput
                0x00108cdc       0xb4 G:/devkitPro/libctru/lib\libctru.a(irrst.o)
                0x00108cdc                irrstScanInput
 .text.irrstKeysHeld
                0x00108d90       0x24 G:/devkitPro/libctru/lib\libctru.a(irrst.o)
                0x00108d90                irrstKeysHeld
 .text.ptmSysmInit
                0x00108db4       0x74 G:/devkitPro/libctru/lib\libctru.a(ptmsysm.o)
                0x00108db4                ptmSysmInit
 .text.ptmSysmExit
                0x00108e28       0x3c G:/devkitPro/libctru/lib\libctru.a(ptmsysm.o)
                0x00108e28                ptmSysmExit
 .text.PTMSYSM_ConfigureNew3DSCPU
                0x00108e64       0x34 G:/devkitPro/libctru/lib\libctru.a(ptmsysm.o)
                0x00108e64                PTMSYSM_ConfigureNew3DSCPU
 .text.rbtree_init
                0x00108e98       0x10 G:/devkitPro/libctru/lib\libctru.a(rbtree_init.o)
                0x00108e98                rbtree_init
 .text.do_insert
                0x00108ea8      0x19c G:/devkitPro/libctru/lib\libctru.a(rbtree_insert.o)
 .text.rbtree_insert
                0x00109044        0x8 G:/devkitPro/libctru/lib\libctru.a(rbtree_insert.o)
                0x00109044                rbtree_insert
 .text.rbtree_rotate
                0x0010904c       0x90 G:/devkitPro/libctru/lib\libctru.a(rbtree_rotate.o)
                0x0010904c                rbtree_rotate
 .text.rbtree_remove
                0x001090dc      0x310 G:/devkitPro/libctru/lib\libctru.a(rbtree_remove.o)
                0x001090dc                rbtree_remove
 .text.rbtree_find
                0x001093ec       0x74 G:/devkitPro/libctru/lib\libctru.a(rbtree_find.o)
                0x001093ec                rbtree_find
 .text.encode_utf16
                0x00109460       0x54 G:/devkitPro/libctru/lib\libctru.a(encode_utf16.o)
                0x00109460                encode_utf16
 .text.decode_utf8
                0x001094b4      0x13c G:/devkitPro/libctru/lib\libctru.a(decode_utf8.o)
                0x001094b4                decode_utf8
 .text.__appInit
                0x001095f0       0x30 G:/devkitPro/libctru/lib\libctru.a(appInit.o)
                0x001095f0                __appInit
 .text.__syscall_getreent
                0x00109620       0x30 G:/devkitPro/libctru/lib\libctru.a(syscalls.o)
                0x00109620                __syscall_getreent
 .text.__syscall_lock_acquire
                0x00109650        0x4 G:/devkitPro/libctru/lib\libctru.a(syscalls.o)
                0x00109650                __syscall_lock_acquire
 .text.__syscall_lock_release
                0x00109654        0x4 G:/devkitPro/libctru/lib\libctru.a(syscalls.o)
                0x00109654                __syscall_lock_release
 .text.__syscall_lock_acquire_recursive
                0x00109658        0x4 G:/devkitPro/libctru/lib\libctru.a(syscalls.o)
                0x00109658                __syscall_lock_acquire_recursive
 .text.__syscall_lock_release_recursive
                0x0010965c        0x4 G:/devkitPro/libctru/lib\libctru.a(syscalls.o)
                0x0010965c                __syscall_lock_release_recursive
 .text.__syscall_exit
                0x00109660        0x4 G:/devkitPro/libctru/lib\libctru.a(syscalls.o)
                0x00109660                __syscall_exit
 .text.initThreadVars
                0x00109664       0x50 G:/devkitPro/libctru/lib\libctru.a(syscalls.o)
                0x00109664                initThreadVars
 .text.__system_initSyscalls
                0x001096b4       0x80 G:/devkitPro/libctru/lib\libctru.a(syscalls.o)
                0x001096b4                __system_initSyscalls
 *fill*         0x00109734        0x4 
 .text.__system_allocateHeaps
                0x00109738      0x1e0 G:/devkitPro/libctru/lib\libctru.a(allocateHeaps.o)
                0x00109738                __system_allocateHeaps
 .text.__appExit
                0x00109918       0x30 G:/devkitPro/libctru/lib\libctru.a(appExit.o)
                0x00109918                __appExit
 .text.__libctru_exit
                0x00109948       0x90 G:/devkitPro/libctru/lib\libctru.a(ctru_exit.o)
                0x00109948                __libctru_exit
 .text.archive_link
                0x001099d8       0x14 G:/devkitPro/libctru/lib\libctru.a(archive_dev.o)
 .text.archive_dirreset
                0x001099ec       0x14 G:/devkitPro/libctru/lib\libctru.a(archive_dev.o)
 .text.archive_chmod
                0x00109a00       0x14 G:/devkitPro/libctru/lib\libctru.a(archive_dev.o)
 .text.error_cmp
                0x00109a14       0x24 G:/devkitPro/libctru/lib\libctru.a(archive_dev.o)
 .text.archive_translate_error
                0x00109a38       0x50 G:/devkitPro/libctru/lib\libctru.a(archive_dev.o)
 .text.archive_seek
                0x00109a88       0xc4 G:/devkitPro/libctru/lib\libctru.a(archive_dev.o)
 .text._archiveInit.part.0
                0x00109b4c       0x78 G:/devkitPro/libctru/lib\libctru.a(archive_dev.o)
 .text.archiveFindDevice.part.0
                0x00109bc4       0xc4 G:/devkitPro/libctru/lib\libctru.a(archive_dev.o)
 .text.archive_utf16path
                0x00109c88      0x290 G:/devkitPro/libctru/lib\libctru.a(archive_dev.o)
 .text._archiveUnmountDeviceStruct.part.0
                0x00109f18       0x9c G:/devkitPro/libctru/lib\libctru.a(archive_dev.o)
 .text.archive_statvfs
                0x00109fb4       0x14 G:/devkitPro/libctru/lib\libctru.a(archive_dev.o)
 .text.archive_fchmod
                0x00109fc8       0x14 G:/devkitPro/libctru/lib\libctru.a(archive_dev.o)
 .text._archiveMountDevice
                0x00109fdc      0x168 G:/devkitPro/libctru/lib\libctru.a(archive_dev.o)
 .text.archive_diropen
                0x0010a144       0xe8 G:/devkitPro/libctru/lib\libctru.a(archive_dev.o)
 .text.archive_fstat
                0x0010a22c       0xa4 G:/devkitPro/libctru/lib\libctru.a(archive_dev.o)
 .text.archive_fsync
                0x0010a2d0       0x6c G:/devkitPro/libctru/lib\libctru.a(archive_dev.o)
 .text.archive_close
                0x0010a33c       0x6c G:/devkitPro/libctru/lib\libctru.a(archive_dev.o)
 .text.archive_dirclose
                0x0010a3a8       0x70 G:/devkitPro/libctru/lib\libctru.a(archive_dev.o)
 .text.sdmc_statvfs
                0x0010a418       0xe4 G:/devkitPro/libctru/lib\libctru.a(archive_dev.o)
 .text.archive_chdir
                0x0010a4fc       0xec G:/devkitPro/libctru/lib\libctru.a(archive_dev.o)
 .text.archive_ftruncate
                0x0010a5e8       0x7c G:/devkitPro/libctru/lib\libctru.a(archive_dev.o)
 .text.archive_read
                0x0010a664       0xac G:/devkitPro/libctru/lib\libctru.a(archive_dev.o)
 .text.archive_unlink
                0x0010a710       0xa4 G:/devkitPro/libctru/lib\libctru.a(archive_dev.o)
 .text.archive_rmdir
                0x0010a7b4       0xbc G:/devkitPro/libctru/lib\libctru.a(archive_dev.o)
 .text.archive_mkdir
                0x0010a870       0xdc G:/devkitPro/libctru/lib\libctru.a(archive_dev.o)
 .text.archive_stat
                0x0010a94c      0x194 G:/devkitPro/libctru/lib\libctru.a(archive_dev.o)
 .text.archive_dirnext
                0x0010aae0      0x15c G:/devkitPro/libctru/lib\libctru.a(archive_dev.o)
 .text.archive_write
                0x0010ac3c      0x124 G:/devkitPro/libctru/lib\libctru.a(archive_dev.o)
 .text.archive_open
                0x0010ad60      0x210 G:/devkitPro/libctru/lib\libctru.a(archive_dev.o)
 .text.archive_rename
                0x0010af70      0x268 G:/devkitPro/libctru/lib\libctru.a(archive_dev.o)
 .text.archiveMountSdmc
                0x0010b1d8      0x19c G:/devkitPro/libctru/lib\libctru.a(archive_dev.o)
                0x0010b1d8                archiveMountSdmc
 .text.archiveUnmountAll
                0x0010b374       0x54 G:/devkitPro/libctru/lib\libctru.a(archive_dev.o)
                0x0010b374                archiveUnmountAll
 .text.rbtree_node_next
                0x0010b3c8       0x5c G:/devkitPro/libctru/lib\libctru.a(rbtree_iterator.o)
                0x0010b3c8                rbtree_node_next
 .text.utf16_to_utf8
                0x0010b424       0xe8 G:/devkitPro/libctru/lib\libctru.a(utf16_to_utf8.o)
                0x0010b424                utf16_to_utf8
 .text.decode_utf16
                0x0010b50c       0x64 G:/devkitPro/libctru/lib\libctru.a(decode_utf16.o)
                0x0010b50c                decode_utf16
 .text.__aeabi_read_tp
                0x0010b570        0xc G:/devkitPro/libctru/lib\libctru.a(readtp.o)
                0x0010b570                __aeabi_read_tp
 .text.encode_utf8
                0x0010b57c       0xe0 G:/devkitPro/libctru/lib\libctru.a(encode_utf8.o)
                0x0010b57c                encode_utf8
 .text.__udivmoddi4
                0x0010b65c      0x120 G:/devkitPro/devkitARM/bin/../lib/gcc/arm-none-eabi/14.2.0/armv6k/fpu\libgcc.a(_udivmoddi4.o)
                0x0010b65c                __udivmoddi4
 .text.strncmp  0x0010b77c       0xd8 G:/devkitPro/devkitARM/bin/../lib/gcc/arm-none-eabi/14.2.0/../../../../arm-none-eabi/lib/armv6k/fpu\libg.a(libc_a-strncmp.o)
                0x0010b77c                strncmp
 .text.strlen   0x0010b854       0x5c G:/devkitPro/devkitARM/bin/../lib/gcc/arm-none-eabi/14.2.0/../../../../arm-none-eabi/lib/armv6k/fpu\libg.a(libc_a-strlen-stub.o)
                0x0010b854                strlen
 .text._fwrite_r
                0x0010b8b0       0xf4 G:/devkitPro/devkitARM/bin/../lib/gcc/arm-none-eabi/14.2.0/../../../../arm-none-eabi/lib/armv6k/fpu\libg.a(libc_a-fwrite.o)
                0x0010b8b0                _fwrite_r
 .text.fwrite   0x0010b9a4       0x38 G:/devkitPro/devkitARM/bin/../lib/gcc/arm-none-eabi/14.2.0/../../../../arm-none-eabi/lib/armv6k/fpu\libg.a(libc_a-fwrite.o)
                0x0010b9a4                fwrite
 .text.__sfvwrite_r
                0x0010b9dc      0x480 G:/devkitPro/devkitARM/bin/../lib/gcc/arm-none-eabi/14.2.0/../../../../arm-none-eabi/lib/armv6k/fpu\libg.a(libc_a-fvwrite.o)
                0x0010b9dc                __sfvwrite_r
 .text.memchr   0x0010be5c       0xe0 G:/devkitPro/devkitARM/bin/../lib/gcc/arm-none-eabi/14.2.0/../../../../arm-none-eabi/lib/armv6k/fpu\libg.a(libc_a-memchr-stub.o)
                0x0010be5c                memchr
 .text.rename   0x0010bf3c       0x20 G:/devkitPro/devkitARM/bin/../lib/gcc/arm-none-eabi/14.2.0/../../../../arm-none-eabi/lib/armv6k/fpu\libg.a(libc_a-rename.o)
                0x0010bf3c                rename
 .text._strtoul_l.isra.0
                0x0010bf5c      0x1e4 G:/devkitPro/devkitARM/bin/../lib/gcc/arm-none-eabi/14.2.0/../../../../arm-none-eabi/lib/armv6k/fpu\libg.a(libc_a-strtoul.o)
 .text._strtoul_r
                0x0010c140       0x30 G:/devkitPro/devkitARM/bin/../lib/gcc/arm-none-eabi/14.2.0/../../../../arm-none-eabi/lib/armv6k/fpu\libg.a(libc_a-strtoul.o)
                0x0010c140                _strtoul_r
 .text.strtoul  0x0010c170       0x34 G:/devkitPro/devkitARM/bin/../lib/gcc/arm-none-eabi/14.2.0/../../../../arm-none-eabi/lib/armv6k/fpu\libg.a(libc_a-strtoul.o)
                0x0010c170                strtoul
 .text.strncat  0x0010c1a4       0xe4 G:/devkitPro/devkitARM/bin/../lib/gcc/arm-none-eabi/14.2.0/../../../../arm-none-eabi/lib/armv6k/fpu\libg.a(libc_a-strncat.o)
                0x0010c1a4                strncat
 .text.bsearch  0x0010c288       0x78 G:/devkitPro/devkitARM/bin/../lib/gcc/arm-none-eabi/14.2.0/../../../../arm-none-eabi/lib/armv6k/fpu\libg.a(libc_a-bsearch.o)
                0x0010c288                bsearch
 .text._fread_r
                0x0010c300      0x344 G:/devkitPro/devkitARM/bin/../lib/gcc/arm-none-eabi/14.2.0/../../../../arm-none-eabi/lib/armv6k/fpu\libg.a(libc_a-fread.o)
                0x0010c300                _fread_r
 .text.fread    0x0010c644       0x38 G:/devkitPro/devkitARM/bin/../lib/gcc/arm-none-eabi/14.2.0/../../../../arm-none-eabi/lib/armv6k/fpu\libg.a(libc_a-fread.o)
                0x0010c644                fread
 .text.qsort    0x0010c67c      0x96c G:/devkitPro/devkitARM/bin/../lib/gcc/arm-none-eabi/14.2.0/../../../../arm-none-eabi/lib/armv6k/fpu\libg.a(libc_a-qsort.o)
                0x0010c67c                qsort
 .text.lflush   0x0010cfe8       0x38 G:/devkitPro/devkitARM/bin/../lib/gcc/arm-none-eabi/14.2.0/../../../../arm-none-eabi/lib/armv6k/fpu\libg.a(libc_a-refill.o)
 .text.__srefill_r
                0x0010d020      0x19c G:/devkitPro/devkitARM/bin/../lib/gcc/arm-none-eabi/14.2.0/../../../../arm-none-eabi/lib/armv6k/fpu\libg.a(libc_a-refill.o)
                0x0010d020                __srefill_r
 .text._fclose_r
                0x0010d1bc      0x148 G:/devkitPro/devkitARM/bin/../lib/gcc/arm-none-eabi/14.2.0/../../../../arm-none-eabi/lib/armv6k/fpu\libg.a(libc_a-fclose.o)
                0x0010d1bc                _fclose_r
 .text.fclose   0x0010d304       0x18 G:/devkitPro/devkitARM/bin/../lib/gcc/arm-none-eabi/14.2.0/../../../../arm-none-eabi/lib/armv6k/fpu\libg.a(libc_a-fclose.o)
                0x0010d304                fclose
 .text.fprintf  0x0010d31c       0x3c G:/devkitPro/devkitARM/bin/../lib/gcc/arm-none-eabi/14.2.0/../../../../arm-none-eabi/lib/armv6k/fpu\libg.a(libc_a-fprintf.o)
                0x0010d31c                fprintf
 .text.__smakebuf_r
                0x0010d358      0x144 G:/devkitPro/devkitARM/bin/../lib/gcc/arm-none-eabi/14.2.0/../../../../arm-none-eabi/lib/armv6k/fpu\libg.a(libc_a-makebuf.o)
                0x0010d358                __smakebuf_r
 .text.__swhatbuf_r
                0x0010d49c       0x8c G:/devkitPro/devkitARM/bin/../lib/gcc/arm-none-eabi/14.2.0/../../../../arm-none-eabi/lib/armv6k/fpu\libg.a(libc_a-makebuf.o)
                0x0010d49c                __swhatbuf_r
 .text.memalign
                0x0010d528       0x20 G:/devkitPro/devkitARM/bin/../lib/gcc/arm-none-eabi/14.2.0/../../../../arm-none-eabi/lib/armv6k/fpu\libg.a(libc_a-malign.o)
                0x0010d528                memalign
 .text.stdio_exit_handler
                0x0010d548       0x1c G:/devkitPro/devkitARM/bin/../lib/gcc/arm-none-eabi/14.2.0/../../../../arm-none-eabi/lib/armv6k/fpu\libg.a(libc_a-findfp.o)
 .text.cleanup_stdio
                0x0010d564       0x5c G:/devkitPro/devkitARM/bin/../lib/gcc/arm-none-eabi/14.2.0/../../../../arm-none-eabi/lib/armv6k/fpu\libg.a(libc_a-findfp.o)
 .text.global_stdio_init.part.0
                0x0010d5c0      0x154 G:/devkitPro/devkitARM/bin/../lib/gcc/arm-none-eabi/14.2.0/../../../../arm-none-eabi/lib/armv6k/fpu\libg.a(libc_a-findfp.o)
 .text.__sfp    0x0010d714      0x134 G:/devkitPro/devkitARM/bin/../lib/gcc/arm-none-eabi/14.2.0/../../../../arm-none-eabi/lib/armv6k/fpu\libg.a(libc_a-findfp.o)
                0x0010d714                __sfp
 .text.__sinit  0x0010d848       0x5c G:/devkitPro/devkitARM/bin/../lib/gcc/arm-none-eabi/14.2.0/../../../../arm-none-eabi/lib/armv6k/fpu\libg.a(libc_a-findfp.o)
                0x0010d848                __sinit
 .text.__sfp_lock_acquire
                0x0010d8a4        0xc G:/devkitPro/devkitARM/bin/../lib/gcc/arm-none-eabi/14.2.0/../../../../arm-none-eabi/lib/armv6k/fpu\libg.a(libc_a-findfp.o)
                0x0010d8a4                __sfp_lock_acquire
 .text.__sfp_lock_release
                0x0010d8b0        0xc G:/devkitPro/devkitARM/bin/../lib/gcc/arm-none-eabi/14.2.0/../../../../arm-none-eabi/lib/armv6k/fpu\libg.a(libc_a-findfp.o)
                0x0010d8b0                __sfp_lock_release
 .text._malloc_r
                0x0010d8bc      0x7e8 G:/devkitPro/devkitARM/bin/../lib/gcc/arm-none-eabi/14.2.0/../../../../arm-none-eabi/lib/armv6k/fpu\libg.a(libc_a-mallocr.o)
                0x0010d8bc                _malloc_r
 .text._malloc_trim_r
                0x0010e0a4       0xf8 G:/devkitPro/devkitARM/bin/../lib/gcc/arm-none-eabi/14.2.0/../../../../arm-none-eabi/lib/armv6k/fpu\libg.a(libc_a-freer.o)
                0x0010e0a4                _malloc_trim_r
 .text._free_r  0x0010e19c      0x300 G:/devkitPro/devkitARM/bin/../lib/gcc/arm-none-eabi/14.2.0/../../../../arm-none-eabi/lib/armv6k/fpu\libg.a(libc_a-freer.o)
                0x0010e19c                _free_r
 .text.remove   0x0010e49c       0x58 G:/devkitPro/devkitARM/bin/../lib/gcc/arm-none-eabi/14.2.0/../../../../arm-none-eabi/lib/armv6k/fpu\libg.a(libc_a-remove.o)
                0x0010e49c                remove
 .text.setvbuf  0x0010e4f4      0x294 G:/devkitPro/devkitARM/bin/../lib/gcc/arm-none-eabi/14.2.0/../../../../arm-none-eabi/lib/armv6k/fpu\libg.a(libc_a-setvbuf.o)
                0x0010e4f4                setvbuf
 .text.strnlen  0x0010e788       0x4c G:/devkitPro/devkitARM/bin/../lib/gcc/arm-none-eabi/14.2.0/../../../../arm-none-eabi/lib/armv6k/fpu\libg.a(libc_a-strnlen.o)
                0x0010e788                strnlen
 .text.__errno  0x0010e7d4        0xc G:/devkitPro/devkitARM/bin/../lib/gcc/arm-none-eabi/14.2.0/../../../../arm-none-eabi/lib/armv6k/fpu\libg.a(libc_a-errno.o)
                0x0010e7d4                __errno
 .text.malloc   0x0010e7e0       0x34 G:/devkitPro/devkitARM/bin/../lib/gcc/arm-none-eabi/14.2.0/../../../../arm-none-eabi/lib/armv6k/fpu\libg.a(libc_a-malloc.o)
                0x0010e7e0                malloc
 .text.free     0x0010e814       0x18 G:/devkitPro/devkitARM/bin/../lib/gcc/arm-none-eabi/14.2.0/../../../../arm-none-eabi/lib/armv6k/fpu\libg.a(libc_a-malloc.o)
                0x0010e814                free
 .text.memcpy   0x0010e82c      0x130 G:/devkitPro/devkitARM/bin/../lib/gcc/arm-none-eabi/14.2.0/../../../../arm-none-eabi/lib/armv6k/fpu\libg.a(libc_a-memcpy-stub.o)
                0x0010e82c                memcpy
 .text.printf   0x0010e95c       0x34 G:/devkitPro/devkitARM/bin/../lib/gcc/arm-none-eabi/14.2.0/../../../../arm-none-eabi/lib/armv6k/fpu\libg.a(libc_a-printf.o)
                0x0010e95c                printf
 .text.sscanf   0x0010e990       0x78 G:/devkitPro/devkitARM/bin/../lib/gcc/arm-none-eabi/14.2.0/../../../../arm-none-eabi/lib/armv6k/fpu\libg.a(libc_a-sscanf.o)
                0x0010e990                sscanf
 .text._fopen_r
                0x0010ea08      0x134 G:/devkitPro/devkitARM/bin/../lib/gcc/arm-none-eabi/14.2.0/../../../../arm-none-eabi/lib/armv6k/fpu\libg.a(libc_a-fopen.o)
                0x0010ea08                _fopen_r
 .text.fopen    0x0010eb3c       0x20 G:/devkitPro/devkitARM/bin/../lib/gcc/arm-none-eabi/14.2.0/../../../../arm-none-eabi/lib/armv6k/fpu\libg.a(libc_a-fopen.o)
                0x0010eb3c                fopen
 .text._puts_r  0x0010eb5c       0xe0 G:/devkitPro/devkitARM/bin/../lib/gcc/arm-none-eabi/14.2.0/../../../../arm-none-eabi/lib/armv6k/fpu\libg.a(libc_a-puts.o)
                0x0010eb5c                _puts_r
 .text.puts     0x0010ec3c       0x18 G:/devkitPro/devkitARM/bin/../lib/gcc/arm-none-eabi/14.2.0/../../../../arm-none-eabi/lib/armv6k/fpu\libg.a(libc_a-puts.o)
                0x0010ec3c                puts
 .text.critical_factorization
                0x0010ec54      0x128 G:/devkitPro/devkitARM/bin/../lib/gcc/arm-none-eabi/14.2.0/../../../../arm-none-eabi/lib/armv6k/fpu\libg.a(libc_a-strstr.o)
 .text.two_way_long_needle
                0x0010ed7c      0x35c G:/devkitPro/devkitARM/bin/../lib/gcc/arm-none-eabi/14.2.0/../../../../arm-none-eabi/lib/armv6k/fpu\libg.a(libc_a-strstr.o)
 .text.strstr   0x0010f0d8      0x23c G:/devkitPro/devkitARM/bin/../lib/gcc/arm-none-eabi/14.2.0/../../../../arm-none-eabi/lib/armv6k/fpu\libg.a(libc_a-strstr.o)
                0x0010f0d8                strstr
 .text.memset   0x0010f314       0xe8 G:/devkitPro/devkitARM/bin/../lib/gcc/arm-none-eabi/14.2.0/../../../../arm-none-eabi/lib/armv6k/fpu\libg.a(libc_a-memset.o)
                0x0010f314                memset
 .text.fputc    0x0010f3fc       0x94 G:/devkitPro/devkitARM/bin/../lib/gcc/arm-none-eabi/14.2.0/../../../../arm-none-eabi/lib/armv6k/fpu\libg.a(libc_a-fputc.o)
                0x0010f3fc                fputc
 .text._realloc_r
                0x0010f490      0x4a4 G:/devkitPro/devkitARM/bin/../lib/gcc/arm-none-eabi/14.2.0/../../../../arm-none-eabi/lib/armv6k/fpu\libg.a(libc_a-reallocr.o)
                0x0010f490                _realloc_r
 .text._fwalk_sglue
                0x0010f934       0x70 G:/devkitPro/devkitARM/bin/../lib/gcc/arm-none-eabi/14.2.0/../../../../arm-none-eabi/lib/armv6k/fpu\libg.a(libc_a-fwalk.o)
                0x0010f934                _fwalk_sglue
 .text.__malloc_lock
                0x0010f9a4        0xc G:/devkitPro/devkitARM/bin/../lib/gcc/arm-none-eabi/14.2.0/../../../../arm-none-eabi/lib/armv6k/fpu\libg.a(libc_a-mlock.o)
                0x0010f9a4                __malloc_lock
 .text.__malloc_unlock
                0x0010f9b0        0xc G:/devkitPro/devkitARM/bin/../lib/gcc/arm-none-eabi/14.2.0/../../../../arm-none-eabi/lib/armv6k/fpu\libg.a(libc_a-mlock.o)
                0x0010f9b0                __malloc_unlock
 .text.stat     0x0010f9bc       0x20 G:/devkitPro/devkitARM/bin/../lib/gcc/arm-none-eabi/14.2.0/../../../../arm-none-eabi/lib/armv6k/fpu\libg.a(libc_a-sysstat.o)
                0x0010f9bc                stat
 .text.strcpy   0x0010f9dc       0xf0 G:/devkitPro/devkitARM/bin/../lib/gcc/arm-none-eabi/14.2.0/../../../../arm-none-eabi/lib/armv6k/fpu\libg.a(libc_a-strcpy.o)
                0x0010f9dc                strcpy
 .text.__call_exitprocs
                0x0010facc        0x4 G:/devkitPro/devkitARM/bin/../lib/gcc/arm-none-eabi/14.2.0/../../../../arm-none-eabi/lib/armv6k/fpu\libg.a(libc_a-exit.o)
                0x0010facc                __call_exitprocs
 .text.exit     0x0010fad0       0x30 G:/devkitPro/devkitARM/bin/../lib/gcc/arm-none-eabi/14.2.0/../../../../arm-none-eabi/lib/armv6k/fpu\libg.a(libc_a-exit.o)
                0x0010fad0                exit
 .text.get_arg  0x0010fb00       0x50 G:/devkitPro/devkitARM/bin/../lib/gcc/arm-none-eabi/14.2.0/../../../../arm-none-eabi/lib/armv6k/fpu\libg.a(libc_a-svfscanf.o)
 .text.__ssvfscanf_r
                0x0010fb50     0x2b4c G:/devkitPro/devkitARM/bin/../lib/gcc/arm-none-eabi/14.2.0/../../../../arm-none-eabi/lib/armv6k/fpu\libg.a(libc_a-svfscanf.o)
                0x0010fb50                __ssvfscanf_r
 .text._fseek_r
                0x0011269c       0x1c G:/devkitPro/devkitARM/bin/../lib/gcc/arm-none-eabi/14.2.0/../../../../arm-none-eabi/lib/armv6k/fpu\libg.a(libc_a-fseek.o)
                0x0011269c                _fseek_r
 .text.snprintf
                0x001126b8       0xd4 G:/devkitPro/devkitARM/bin/../lib/gcc/arm-none-eabi/14.2.0/../../../../arm-none-eabi/lib/armv6k/fpu\libg.a(libc_a-snprintf.o)
                0x001126b8                snprintf
 .text.strncpy  0x0011278c       0xc4 G:/devkitPro/devkitARM/bin/../lib/gcc/arm-none-eabi/14.2.0/../../../../arm-none-eabi/lib/armv6k/fpu\libg.a(libc_a-strncpy.o)
                0x0011278c                strncpy
 .text._strtoull_l.isra.0
                0x00112850      0x264 G:/devkitPro/devkitARM/bin/../lib/gcc/arm-none-eabi/14.2.0/../../../../arm-none-eabi/lib/armv6k/fpu\libg.a(libc_a-strtoull.o)
 .text._strtoull_r
                0x00112ab4       0x30 G:/devkitPro/devkitARM/bin/../lib/gcc/arm-none-eabi/14.2.0/../../../../arm-none-eabi/lib/armv6k/fpu\libg.a(libc_a-strtoull.o)
                0x00112ab4                _strtoull_r
 .text._perror_r
                0x00112ae4      0x1e0 G:/devkitPro/devkitARM/bin/../lib/gcc/arm-none-eabi/14.2.0/../../../../arm-none-eabi/lib/armv6k/fpu\libg.a(libc_a-perror.o)
                0x00112ae4                _perror_r
 .text.perror   0x00112cc4       0x18 G:/devkitPro/devkitARM/bin/../lib/gcc/arm-none-eabi/14.2.0/../../../../arm-none-eabi/lib/armv6k/fpu\libg.a(libc_a-perror.o)
                0x00112cc4                perror
 .text.__sflags
                0x00112cdc       0xb4 G:/devkitPro/devkitARM/bin/../lib/gcc/arm-none-eabi/14.2.0/../../../../arm-none-eabi/lib/armv6k/fpu\libg.a(libc_a-flags.o)
                0x00112cdc                __sflags
 .text._mbrtowc_r
                0x00112d90       0xb4 G:/devkitPro/devkitARM/bin/../lib/gcc/arm-none-eabi/14.2.0/../../../../arm-none-eabi/lib/armv6k/fpu\libg.a(libc_a-mbrtowc.o)
                0x00112d90                _mbrtowc_r
 .text.__libc_init_array
                0x00112e44       0x84 G:/devkitPro/devkitARM/bin/../lib/gcc/arm-none-eabi/14.2.0/../../../../arm-none-eabi/lib/armv6k/fpu\libg.a(libc_a-init.o)
                0x00112e44                __libc_init_array
 .text.__swsetup_r
                0x00112ec8      0x194 G:/devkitPro/devkitARM/bin/../lib/gcc/arm-none-eabi/14.2.0/../../../../arm-none-eabi/lib/armv6k/fpu\libg.a(libc_a-wsetup.o)
                0x00112ec8                __swsetup_r
 .text.__sflush_r
                0x0011305c      0x228 G:/devkitPro/devkitARM/bin/../lib/gcc/arm-none-eabi/14.2.0/../../../../arm-none-eabi/lib/armv6k/fpu\libg.a(libc_a-fflush.o)
                0x0011305c                __sflush_r
 .text._fflush_r
                0x00113284       0x94 G:/devkitPro/devkitARM/bin/../lib/gcc/arm-none-eabi/14.2.0/../../../../arm-none-eabi/lib/armv6k/fpu\libg.a(libc_a-fflush.o)
                0x00113284                _fflush_r
 .text.nanf     0x00113318        0xc G:/devkitPro/devkitARM/bin/../lib/gcc/arm-none-eabi/14.2.0/../../../../arm-none-eabi/lib/armv6k/fpu\libg.a(libm_a-sf_nan.o)
                0x00113318                nanf
 .text.strchr   0x00113324      0x130 G:/devkitPro/devkitARM/bin/../lib/gcc/arm-none-eabi/14.2.0/../../../../arm-none-eabi/lib/armv6k/fpu\libg.a(libc_a-strchr.o)
                0x00113324                strchr
 .text.memmove  0x00113454      0x160 G:/devkitPro/devkitARM/bin/../lib/gcc/arm-none-eabi/14.2.0/../../../../arm-none-eabi/lib/armv6k/fpu\libg.a(libc_a-memmove.o)
                0x00113454                memmove
 .text._strerror_r
                0x001135b4      0x414 G:/devkitPro/devkitARM/bin/../lib/gcc/arm-none-eabi/14.2.0/../../../../arm-none-eabi/lib/armv6k/fpu\libg.a(libc_a-strerror.o)
                0x001135b4                _strerror_r
 .text._user_strerror
                0x001139c8        0x8 G:/devkitPro/devkitARM/bin/../lib/gcc/arm-none-eabi/14.2.0/../../../../arm-none-eabi/lib/armv6k/fpu\libg.a(libc_a-u_strerr.o)
                0x001139c8                _user_strerror
 .text._strtoll_l.isra.0
                0x001139d0      0x47c G:/devkitPro/devkitARM/bin/../lib/gcc/arm-none-eabi/14.2.0/../../../../arm-none-eabi/lib/armv6k/fpu\libg.a(libc_a-strtoll.o)
 .text._strtoll_r
                0x00113e4c       0x30 G:/devkitPro/devkitARM/bin/../lib/gcc/arm-none-eabi/14.2.0/../../../../arm-none-eabi/lib/armv6k/fpu\libg.a(libc_a-strtoll.o)
                0x00113e4c                _strtoll_r
 .text.__locale_mb_cur_max
                0x00113e7c       0x24 G:/devkitPro/devkitARM/bin/../lib/gcc/arm-none-eabi/14.2.0/../../../../arm-none-eabi/lib/armv6k/fpu\libg.a(libc_a-locale.o)
                0x00113e7c                __locale_mb_cur_max
 .text.sulp     0x00113ea0       0x64 G:/devkitPro/devkitARM/bin/../lib/gcc/arm-none-eabi/14.2.0/../../../../arm-none-eabi/lib/armv6k/fpu\libg.a(libc_a-strtod.o)
 *fill*         0x00113f04        0x4 
 .text._strtod_l
                0x00113f08     0x13f0 G:/devkitPro/devkitARM/bin/../lib/gcc/arm-none-eabi/14.2.0/../../../../arm-none-eabi/lib/armv6k/fpu\libg.a(libc_a-strtod.o)
                0x00113f08                _strtod_l
 .text._strtod_r
                0x001152f8       0x3c G:/devkitPro/devkitARM/bin/../lib/gcc/arm-none-eabi/14.2.0/../../../../arm-none-eabi/lib/armv6k/fpu\libg.a(libc_a-strtod.o)
                0x001152f8                _strtod_r
 .text.sprintf  0x00115334       0x68 G:/devkitPro/devkitARM/bin/../lib/gcc/arm-none-eabi/14.2.0/../../../../arm-none-eabi/lib/armv6k/fpu\libg.a(libc_a-sprintf.o)
                0x00115334                sprintf
 .text._memalign_r
                0x0011539c      0x150 G:/devkitPro/devkitARM/bin/../lib/gcc/arm-none-eabi/14.2.0/../../../../arm-none-eabi/lib/armv6k/fpu\libg.a(libc_a-malignr.o)
                0x0011539c                _memalign_r
 .text._sungetc_r
                0x001154ec       0xe0 G:/devkitPro/devkitARM/bin/../lib/gcc/arm-none-eabi/14.2.0/../../../../arm-none-eabi/lib/armv6k/fpu\libg.a(libc_a-svfiscanf.o)
                0x001154ec                _sungetc_r
 .text.__ssrefill_r
                0x001155cc       0x6c G:/devkitPro/devkitARM/bin/../lib/gcc/arm-none-eabi/14.2.0/../../../../arm-none-eabi/lib/armv6k/fpu\libg.a(libc_a-svfiscanf.o)
                0x001155cc                __ssrefill_r
 .text._sfread_r
                0x00115638       0xc4 G:/devkitPro/devkitARM/bin/../lib/gcc/arm-none-eabi/14.2.0/../../../../arm-none-eabi/lib/armv6k/fpu\libg.a(libc_a-svfiscanf.o)
                0x00115638                _sfread_r
 .text.rshift   0x001156fc       0xf4 G:/devkitPro/devkitARM/bin/../lib/gcc/arm-none-eabi/14.2.0/../../../../arm-none-eabi/lib/armv6k/fpu\libg.a(libc_a-gdtoa-gethex.o)
 .text.__gethex
                0x001157f0      0x8e8 G:/devkitPro/devkitARM/bin/../lib/gcc/arm-none-eabi/14.2.0/../../../../arm-none-eabi/lib/armv6k/fpu\libg.a(libc_a-gdtoa-gethex.o)
                0x001157f0                __gethex
 .text.memcmp   0x001160d8       0xd4 G:/devkitPro/devkitARM/bin/../lib/gcc/arm-none-eabi/14.2.0/../../../../arm-none-eabi/lib/armv6k/fpu\libg.a(libc_a-memcmp.o)
                0x001160d8                memcmp
 .text.__utf8_mbtowc
                0x001161ac      0x324 G:/devkitPro/devkitARM/bin/../lib/gcc/arm-none-eabi/14.2.0/../../../../arm-none-eabi/lib/armv6k/fpu\libg.a(libc_a-mbtowc_r.o)
                0x001161ac                __utf8_mbtowc
 .text.__libc_fini_array
                0x001164d0       0x3c G:/devkitPro/devkitARM/bin/../lib/gcc/arm-none-eabi/14.2.0/../../../../arm-none-eabi/lib/armv6k/fpu\libg.a(libc_a-fini.o)
                0x001164d0                __libc_fini_array
 .text._fseeko_r
                0x0011650c      0x58c G:/devkitPro/devkitARM/bin/../lib/gcc/arm-none-eabi/14.2.0/../../../../arm-none-eabi/lib/armv6k/fpu\libg.a(libc_a-fseeko.o)
                0x0011650c                _fseeko_r
 .text.__sread  0x00116a98       0x44 G:/devkitPro/devkitARM/bin/../lib/gcc/arm-none-eabi/14.2.0/../../../../arm-none-eabi/lib/armv6k/fpu\libg.a(libc_a-stdio.o)
                0x00116a98                __sread
 .text.__seofread
                0x00116adc        0x8 G:/devkitPro/devkitARM/bin/../lib/gcc/arm-none-eabi/14.2.0/../../../../arm-none-eabi/lib/armv6k/fpu\libg.a(libc_a-stdio.o)
                0x00116adc                __seofread
 .text.__swrite
                0x00116ae4       0x68 G:/devkitPro/devkitARM/bin/../lib/gcc/arm-none-eabi/14.2.0/../../../../arm-none-eabi/lib/armv6k/fpu\libg.a(libc_a-stdio.o)
                0x00116ae4                __swrite
 .text.__sseek  0x00116b4c       0x40 G:/devkitPro/devkitARM/bin/../lib/gcc/arm-none-eabi/14.2.0/../../../../arm-none-eabi/lib/armv6k/fpu\libg.a(libc_a-stdio.o)
                0x00116b4c                __sseek
 .text.__sclose
                0x00116b8c        0x8 G:/devkitPro/devkitARM/bin/../lib/gcc/arm-none-eabi/14.2.0/../../../../arm-none-eabi/lib/armv6k/fpu\libg.a(libc_a-stdio.o)
                0x00116b8c                __sclose
 .text.iswspace
                0x00116b94        0x8 G:/devkitPro/devkitARM/bin/../lib/gcc/arm-none-eabi/14.2.0/../../../../arm-none-eabi/lib/armv6k/fpu\libg.a(libc_a-iswspace.o)
                0x00116b94                iswspace
 .text.__sccl   0x00116b9c       0xf0 G:/devkitPro/devkitARM/bin/../lib/gcc/arm-none-eabi/14.2.0/../../../../arm-none-eabi/lib/armv6k/fpu\libg.a(libc_a-sccl.o)
                0x00116b9c                __sccl
 .text._localeconv_r
                0x00116c8c       0x24 G:/devkitPro/devkitARM/bin/../lib/gcc/arm-none-eabi/14.2.0/../../../../arm-none-eabi/lib/armv6k/fpu\libg.a(libc_a-localeconv.o)
                0x00116c8c                _localeconv_r
 .text.get_arg  0x00116cb0      0x5e4 G:/devkitPro/devkitARM/bin/../lib/gcc/arm-none-eabi/14.2.0/../../../../arm-none-eabi/lib/armv6k/fpu\libg.a(libc_a-vfprintf.o)
 *fill*         0x00117294        0x4 
 .text._vfprintf_r
                0x00117298     0x342c G:/devkitPro/devkitARM/bin/../lib/gcc/arm-none-eabi/14.2.0/../../../../arm-none-eabi/lib/armv6k/fpu\libg.a(libc_a-vfprintf.o)
                0x00117298                _vfprintf_r
 .text.__sbprintf
                0x0011a6c4       0xb8 G:/devkitPro/devkitARM/bin/../lib/gcc/arm-none-eabi/14.2.0/../../../../arm-none-eabi/lib/armv6k/fpu\libg.a(libc_a-vfprintf.o)
 .text.realloc  0x0011a77c       0x20 G:/devkitPro/devkitARM/bin/../lib/gcc/arm-none-eabi/14.2.0/../../../../arm-none-eabi/lib/armv6k/fpu\libg.a(libc_a-realloc.o)
                0x0011a77c                realloc
 .text._putc_r  0x0011a79c       0xdc G:/devkitPro/devkitARM/bin/../lib/gcc/arm-none-eabi/14.2.0/../../../../arm-none-eabi/lib/armv6k/fpu\libg.a(libc_a-putc.o)
                0x0011a79c                _putc_r
 .text.quorem   0x0011a878      0x1b4 G:/devkitPro/devkitARM/bin/../lib/gcc/arm-none-eabi/14.2.0/../../../../arm-none-eabi/lib/armv6k/fpu\libg.a(libc_a-dtoa.o)
 *fill*         0x0011aa2c        0x4 
 .text._dtoa_r  0x0011aa30     0x1370 G:/devkitPro/devkitARM/bin/../lib/gcc/arm-none-eabi/14.2.0/../../../../arm-none-eabi/lib/armv6k/fpu\libg.a(libc_a-dtoa.o)
                0x0011aa30                _dtoa_r
 .text._wcrtomb_r
                0x0011bda0       0xa0 G:/devkitPro/devkitARM/bin/../lib/gcc/arm-none-eabi/14.2.0/../../../../arm-none-eabi/lib/armv6k/fpu\libg.a(libc_a-wcrtomb.o)
                0x0011bda0                _wcrtomb_r
 .text.get_arg  0x0011be40      0x5e4 G:/devkitPro/devkitARM/bin/../lib/gcc/arm-none-eabi/14.2.0/../../../../arm-none-eabi/lib/armv6k/fpu\libg.a(libc_a-svfprintf.o)
 *fill*         0x0011c424        0x4 
 .text._svfprintf_r
                0x0011c428     0x335c G:/devkitPro/devkitARM/bin/../lib/gcc/arm-none-eabi/14.2.0/../../../../arm-none-eabi/lib/armv6k/fpu\libg.a(libc_a-svfprintf.o)
                0x0011c428                _svfprintf_r
 .text._strtol_l.part.0
                0x0011f784      0x344 G:/devkitPro/devkitARM/bin/../lib/gcc/arm-none-eabi/14.2.0/../../../../arm-none-eabi/lib/armv6k/fpu\libg.a(libc_a-strtol.o)
 .text._strtol_r
                0x0011fac8       0x60 G:/devkitPro/devkitARM/bin/../lib/gcc/arm-none-eabi/14.2.0/../../../../arm-none-eabi/lib/armv6k/fpu\libg.a(libc_a-strtol.o)
                0x0011fac8                _strtol_r
 .text.stpncpy  0x0011fb28       0xdc G:/devkitPro/devkitARM/bin/../lib/gcc/arm-none-eabi/14.2.0/../../../../arm-none-eabi/lib/armv6k/fpu\libg.a(libc_a-stpncpy.o)
                0x0011fb28                stpncpy
 .text.fileno   0x0011fc04       0xac G:/devkitPro/devkitARM/bin/../lib/gcc/arm-none-eabi/14.2.0/../../../../arm-none-eabi/lib/armv6k/fpu\libg.a(libc_a-fileno.o)
                0x0011fc04                fileno
 .text.__utf8_wctomb
                0x0011fcb0       0xf0 G:/devkitPro/devkitARM/bin/../lib/gcc/arm-none-eabi/14.2.0/../../../../arm-none-eabi/lib/armv6k/fpu\libg.a(libc_a-wctomb_r.o)
                0x0011fcb0                __utf8_wctomb
 .text._wcsrtombs_r
                0x0011fda0       0x28 G:/devkitPro/devkitARM/bin/../lib/gcc/arm-none-eabi/14.2.0/../../../../arm-none-eabi/lib/armv6k/fpu\libg.a(libc_a-wcsrtombs.o)
                0x0011fda0                _wcsrtombs_r
 .text.__match  0x0011fdc8       0x4c G:/devkitPro/devkitARM/bin/../lib/gcc/arm-none-eabi/14.2.0/../../../../arm-none-eabi/lib/armv6k/fpu\libg.a(libc_a-gdtoa-hexnan.o)
                0x0011fdc8                __match
 .text.__hexnan
                0x0011fe14      0x2a4 G:/devkitPro/devkitARM/bin/../lib/gcc/arm-none-eabi/14.2.0/../../../../arm-none-eabi/lib/armv6k/fpu\libg.a(libc_a-gdtoa-hexnan.o)
                0x0011fe14                __hexnan
 .text.nan      0x001200b8       0x10 G:/devkitPro/devkitARM/bin/../lib/gcc/arm-none-eabi/14.2.0/../../../../arm-none-eabi/lib/armv6k/fpu\libg.a(libm_a-s_nan.o)
                0x001200b8                nan
 .text.frexp    0x001200c8       0x88 G:/devkitPro/devkitARM/bin/../lib/gcc/arm-none-eabi/14.2.0/../../../../arm-none-eabi/lib/armv6k/fpu\libg.a(libm_a-s_frexp.o)
                0x001200c8                frexp
 .text.__submore
                0x00120150       0xa8 G:/devkitPro/devkitARM/bin/../lib/gcc/arm-none-eabi/14.2.0/../../../../arm-none-eabi/lib/armv6k/fpu\libg.a(libc_a-ungetc.o)
                0x00120150                __submore
 .text.__assert_func
                0x001201f8       0x5c G:/devkitPro/devkitARM/bin/../lib/gcc/arm-none-eabi/14.2.0/../../../../arm-none-eabi/lib/armv6k/fpu\libg.a(libc_a-assert.o)
                0x001201f8                __assert_func
 .text.iswspace_l
                0x00120254       0x38 G:/devkitPro/devkitARM/bin/../lib/gcc/arm-none-eabi/14.2.0/../../../../arm-none-eabi/lib/armv6k/fpu\libg.a(libc_a-iswspace_l.o)
                0x00120254                iswspace_l
 .text._Balloc  0x0012028c       0x88 G:/devkitPro/devkitARM/bin/../lib/gcc/arm-none-eabi/14.2.0/../../../../arm-none-eabi/lib/armv6k/fpu\libg.a(libc_a-mprec.o)
                0x0012028c                _Balloc
 .text._Bfree   0x00120314       0x1c G:/devkitPro/devkitARM/bin/../lib/gcc/arm-none-eabi/14.2.0/../../../../arm-none-eabi/lib/armv6k/fpu\libg.a(libc_a-mprec.o)
                0x00120314                _Bfree
 .text.__multadd
                0x00120330       0xf4 G:/devkitPro/devkitARM/bin/../lib/gcc/arm-none-eabi/14.2.0/../../../../arm-none-eabi/lib/armv6k/fpu\libg.a(libc_a-mprec.o)
                0x00120330                __multadd
 .text.__s2b    0x00120424      0x110 G:/devkitPro/devkitARM/bin/../lib/gcc/arm-none-eabi/14.2.0/../../../../arm-none-eabi/lib/armv6k/fpu\libg.a(libc_a-mprec.o)
                0x00120424                __s2b
 .text.__hi0bits
                0x00120534       0x80 G:/devkitPro/devkitARM/bin/../lib/gcc/arm-none-eabi/14.2.0/../../../../arm-none-eabi/lib/armv6k/fpu\libg.a(libc_a-mprec.o)
                0x00120534                __hi0bits
 .text.__lo0bits
                0x001205b4       0xf4 G:/devkitPro/devkitARM/bin/../lib/gcc/arm-none-eabi/14.2.0/../../../../arm-none-eabi/lib/armv6k/fpu\libg.a(libc_a-mprec.o)
                0x001205b4                __lo0bits
 .text.__i2b    0x001206a8       0xa4 G:/devkitPro/devkitARM/bin/../lib/gcc/arm-none-eabi/14.2.0/../../../../arm-none-eabi/lib/armv6k/fpu\libg.a(libc_a-mprec.o)
                0x001206a8                __i2b
 .text.__multiply
                0x0012074c      0x208 G:/devkitPro/devkitARM/bin/../lib/gcc/arm-none-eabi/14.2.0/../../../../arm-none-eabi/lib/armv6k/fpu\libg.a(libc_a-mprec.o)
                0x0012074c                __multiply
 .text.__pow5mult
                0x00120954      0x130 G:/devkitPro/devkitARM/bin/../lib/gcc/arm-none-eabi/14.2.0/../../../../arm-none-eabi/lib/armv6k/fpu\libg.a(libc_a-mprec.o)
                0x00120954                __pow5mult
 .text.__lshift
                0x00120a84      0x138 G:/devkitPro/devkitARM/bin/../lib/gcc/arm-none-eabi/14.2.0/../../../../arm-none-eabi/lib/armv6k/fpu\libg.a(libc_a-mprec.o)
                0x00120a84                __lshift
 .text.__mcmp   0x00120bbc       0x58 G:/devkitPro/devkitARM/bin/../lib/gcc/arm-none-eabi/14.2.0/../../../../arm-none-eabi/lib/armv6k/fpu\libg.a(libc_a-mprec.o)
                0x00120bbc                __mcmp
 .text.__mdiff  0x00120c14      0x1f0 G:/devkitPro/devkitARM/bin/../lib/gcc/arm-none-eabi/14.2.0/../../../../arm-none-eabi/lib/armv6k/fpu\libg.a(libc_a-mprec.o)
                0x00120c14                __mdiff
 .text.__ulp    0x00120e04       0x68 G:/devkitPro/devkitARM/bin/../lib/gcc/arm-none-eabi/14.2.0/../../../../arm-none-eabi/lib/armv6k/fpu\libg.a(libc_a-mprec.o)
                0x00120e04                __ulp
 .text.__b2d    0x00120e6c       0xd0 G:/devkitPro/devkitARM/bin/../lib/gcc/arm-none-eabi/14.2.0/../../../../arm-none-eabi/lib/armv6k/fpu\libg.a(libc_a-mprec.o)
                0x00120e6c                __b2d
 .text.__d2b    0x00120f3c      0x120 G:/devkitPro/devkitARM/bin/../lib/gcc/arm-none-eabi/14.2.0/../../../../arm-none-eabi/lib/armv6k/fpu\libg.a(libc_a-mprec.o)
                0x00120f3c                __d2b
 .text.__ratio  0x0012105c       0x78 G:/devkitPro/devkitARM/bin/../lib/gcc/arm-none-eabi/14.2.0/../../../../arm-none-eabi/lib/armv6k/fpu\libg.a(libc_a-mprec.o)
                0x0012105c                __ratio
 .text.__copybits
                0x001210d4       0x88 G:/devkitPro/devkitARM/bin/../lib/gcc/arm-none-eabi/14.2.0/../../../../arm-none-eabi/lib/armv6k/fpu\libg.a(libc_a-mprec.o)
                0x001210d4                __copybits
 .text.__any_on
                0x0012115c       0x5c G:/devkitPro/devkitARM/bin/../lib/gcc/arm-none-eabi/14.2.0/../../../../arm-none-eabi/lib/armv6k/fpu\libg.a(libc_a-mprec.o)
                0x0012115c                __any_on
 .text.__ssprint_r
                0x001211b8       0xa4 G:/devkitPro/devkitARM/bin/../lib/gcc/arm-none-eabi/14.2.0/../../../../arm-none-eabi/lib/armv6k/fpu\libg.a(libc_a-ssprint_r.o)
                0x001211b8                __ssprint_r
 .text.fiprintf
                0x0012125c       0x3c G:/devkitPro/devkitARM/bin/../lib/gcc/arm-none-eabi/14.2.0/../../../../arm-none-eabi/lib/armv6k/fpu\libg.a(libc_a-fiprintf.o)
                0x0012125c                fiprintf
 .text.__swbuf_r
                0x00121298      0x108 G:/devkitPro/devkitARM/bin/../lib/gcc/arm-none-eabi/14.2.0/../../../../arm-none-eabi/lib/armv6k/fpu\libg.a(libc_a-wbuf.o)
                0x00121298                __swbuf_r
 .text._wcsnrtombs_l
                0x001213a0      0x160 G:/devkitPro/devkitARM/bin/../lib/gcc/arm-none-eabi/14.2.0/../../../../arm-none-eabi/lib/armv6k/fpu\libg.a(libc_a-wcsnrtombs.o)
                0x001213a0                _wcsnrtombs_l
 .text._wcsnrtombs_r
                0x00121500       0x64 G:/devkitPro/devkitARM/bin/../lib/gcc/arm-none-eabi/14.2.0/../../../../arm-none-eabi/lib/armv6k/fpu\libg.a(libc_a-wcsnrtombs.o)
                0x00121500                _wcsnrtombs_r
 .text.__sprint_r
                0x00121564       0x30 G:/devkitPro/devkitARM/bin/../lib/gcc/arm-none-eabi/14.2.0/../../../../arm-none-eabi/lib/armv6k/fpu\libg.a(libc_a-sprint_r.o)
                0x00121564                __sprint_r
 .text.abort    0x00121594       0x14 G:/devkitPro/devkitARM/bin/../lib/gcc/arm-none-eabi/14.2.0/../../../../arm-none-eabi/lib/armv6k/fpu\libg.a(libc_a-abort.o)
                0x00121594                abort
 .text._calloc_r
                0x001215a8       0xc0 G:/devkitPro/devkitARM/bin/../lib/gcc/arm-none-eabi/14.2.0/../../../../arm-none-eabi/lib/armv6k/fpu\libg.a(libc_a-callocr.o)
                0x001215a8                _calloc_r
 .text.category
                0x00121668       0x90 G:/devkitPro/devkitARM/bin/../lib/gcc/arm-none-eabi/14.2.0/../../../../arm-none-eabi/lib/armv6k/fpu\libg.a(libc_a-categories.o)
                0x00121668                category
 .text.__ssputs_r
                0x001216f8      0x128 G:/devkitPro/devkitARM/bin/../lib/gcc/arm-none-eabi/14.2.0/../../../../arm-none-eabi/lib/armv6k/fpu\libg.a(libc_a-ssputs_r.o)
                0x001216f8                __ssputs_r
 .text._raise_r
                0x00121820       0x90 G:/devkitPro/devkitARM/bin/../lib/gcc/arm-none-eabi/14.2.0/../../../../arm-none-eabi/lib/armv6k/fpu\libg.a(libc_a-signal.o)
                0x00121820                _raise_r
 .text.raise    0x001218b0       0x18 G:/devkitPro/devkitARM/bin/../lib/gcc/arm-none-eabi/14.2.0/../../../../arm-none-eabi/lib/armv6k/fpu\libg.a(libc_a-signal.o)
                0x001218b0                raise
 .text.get_arg  0x001218c8      0x5e4 G:/devkitPro/devkitARM/bin/../lib/gcc/arm-none-eabi/14.2.0/../../../../arm-none-eabi/lib/armv6k/fpu\libg.a(libc_a-vfiprintf.o)
 .text._vfiprintf_r
                0x00121eac     0x2264 G:/devkitPro/devkitARM/bin/../lib/gcc/arm-none-eabi/14.2.0/../../../../arm-none-eabi/lib/armv6k/fpu\libg.a(libc_a-vfiprintf.o)
                0x00121eac                _vfiprintf_r
 .text.__sbprintf
                0x00124110       0xb8 G:/devkitPro/devkitARM/bin/../lib/gcc/arm-none-eabi/14.2.0/../../../../arm-none-eabi/lib/armv6k/fpu\libg.a(libc_a-vfiprintf.o)
 .text._exit    0x001241c8       0x20 G:/devkitPro/devkitARM/bin/../lib/gcc/arm-none-eabi/14.2.0/../../../../arm-none-eabi/lib/armv6k/fpu\libsysbase.a(libsysbase_libsysbase_a-_exit.o)
                0x001241c8                _exit
 .text.chdir    0x001241e8      0x13c G:/devkitPro/devkitARM/bin/../lib/gcc/arm-none-eabi/14.2.0/../../../../arm-none-eabi/lib/armv6k/fpu\libsysbase.a(libsysbase_libsysbase_a-chdir.o)
                0x001241e8                chdir
 .text._concatenate_path
                0x00124324      0x1cc G:/devkitPro/devkitARM/bin/../lib/gcc/arm-none-eabi/14.2.0/../../../../arm-none-eabi/lib/armv6k/fpu\libsysbase.a(libsysbase_libsysbase_a-concatenate.o)
                0x00124324                _concatenate_path
 .text.__dirnext
                0x001244f0       0x68 G:/devkitPro/devkitARM/bin/../lib/gcc/arm-none-eabi/14.2.0/../../../../arm-none-eabi/lib/armv6k/fpu\libsysbase.a(libsysbase_libsysbase_a-dirent.o)
 .text.opendir  0x00124558       0xf4 G:/devkitPro/devkitARM/bin/../lib/gcc/arm-none-eabi/14.2.0/../../../../arm-none-eabi/lib/armv6k/fpu\libsysbase.a(libsysbase_libsysbase_a-dirent.o)
                0x00124558                opendir
 .text.closedir
                0x0012464c       0x90 G:/devkitPro/devkitARM/bin/../lib/gcc/arm-none-eabi/14.2.0/../../../../arm-none-eabi/lib/armv6k/fpu\libsysbase.a(libsysbase_libsysbase_a-dirent.o)
                0x0012464c                closedir
 .text.readdir_r
                0x001246dc       0xec G:/devkitPro/devkitARM/bin/../lib/gcc/arm-none-eabi/14.2.0/../../../../arm-none-eabi/lib/armv6k/fpu\libsysbase.a(libsysbase_libsysbase_a-dirent.o)
                0x001246dc                readdir_r
 .text.readdir  0x001247c8       0x40 G:/devkitPro/devkitARM/bin/../lib/gcc/arm-none-eabi/14.2.0/../../../../arm-none-eabi/lib/armv6k/fpu\libsysbase.a(libsysbase_libsysbase_a-dirent.o)
                0x001247c8                readdir
 .text._fstat_r
                0x00124808       0x88 G:/devkitPro/devkitARM/bin/../lib/gcc/arm-none-eabi/14.2.0/../../../../arm-none-eabi/lib/armv6k/fpu\libsysbase.a(libsysbase_libsysbase_a-fstat.o)
                0x00124808                _fstat_r
 .text._getpid_r
                0x00124890       0x14 G:/devkitPro/devkitARM/bin/../lib/gcc/arm-none-eabi/14.2.0/../../../../arm-none-eabi/lib/armv6k/fpu\libsysbase.a(libsysbase_libsysbase_a-getpid.o)
                0x00124890                _getpid_r
 .text.__getreent
                0x001248a4       0x2c G:/devkitPro/devkitARM/bin/../lib/gcc/arm-none-eabi/14.2.0/../../../../arm-none-eabi/lib/armv6k/fpu\libsysbase.a(libsysbase_libsysbase_a-getreent.o)
                0x001248a4                __getreent
 .text.__release_handle
                0x001248d0       0x8c G:/devkitPro/devkitARM/bin/../lib/gcc/arm-none-eabi/14.2.0/../../../../arm-none-eabi/lib/armv6k/fpu\libsysbase.a(libsysbase_libsysbase_a-handle_manager.o)
                0x001248d0                __release_handle
 .text.__alloc_handle
                0x0012495c       0xb0 G:/devkitPro/devkitARM/bin/../lib/gcc/arm-none-eabi/14.2.0/../../../../arm-none-eabi/lib/armv6k/fpu\libsysbase.a(libsysbase_libsysbase_a-handle_manager.o)
                0x0012495c                __alloc_handle
 .text.__get_handle
                0x00124a0c       0x3c G:/devkitPro/devkitARM/bin/../lib/gcc/arm-none-eabi/14.2.0/../../../../arm-none-eabi/lib/armv6k/fpu\libsysbase.a(libsysbase_libsysbase_a-handle_manager.o)
                0x00124a0c                __get_handle
 .text._close_r
                0x00124a48       0xf4 G:/devkitPro/devkitARM/bin/../lib/gcc/arm-none-eabi/14.2.0/../../../../arm-none-eabi/lib/armv6k/fpu\libsysbase.a(libsysbase_libsysbase_a-handle_manager.o)
                0x00124a48                _close_r
 .text.null_write
                0x00124b3c        0x8 G:/devkitPro/devkitARM/bin/../lib/gcc/arm-none-eabi/14.2.0/../../../../arm-none-eabi/lib/armv6k/fpu\libsysbase.a(libsysbase_libsysbase_a-iosupport.o)
 .text.setDefaultDevice
                0x00124b44       0x18 G:/devkitPro/devkitARM/bin/../lib/gcc/arm-none-eabi/14.2.0/../../../../arm-none-eabi/lib/armv6k/fpu\libsysbase.a(libsysbase_libsysbase_a-iosupport.o)
                0x00124b44                setDefaultDevice
 .text.FindDevice
                0x00124b5c       0xc8 G:/devkitPro/devkitARM/bin/../lib/gcc/arm-none-eabi/14.2.0/../../../../arm-none-eabi/lib/armv6k/fpu\libsysbase.a(libsysbase_libsysbase_a-iosupport.o)
                0x00124b5c                FindDevice
 .text.RemoveDevice
                0x00124c24       0x28 G:/devkitPro/devkitARM/bin/../lib/gcc/arm-none-eabi/14.2.0/../../../../arm-none-eabi/lib/armv6k/fpu\libsysbase.a(libsysbase_libsysbase_a-iosupport.o)
                0x00124c24                RemoveDevice
 .text.AddDevice
                0x00124c4c       0x98 G:/devkitPro/devkitARM/bin/../lib/gcc/arm-none-eabi/14.2.0/../../../../arm-none-eabi/lib/armv6k/fpu\libsysbase.a(libsysbase_libsysbase_a-iosupport.o)
                0x00124c4c                AddDevice
 .text.GetDeviceOpTab
                0x00124ce4       0x20 G:/devkitPro/devkitARM/bin/../lib/gcc/arm-none-eabi/14.2.0/../../../../arm-none-eabi/lib/armv6k/fpu\libsysbase.a(libsysbase_libsysbase_a-iosupport.o)
                0x00124ce4                GetDeviceOpTab
 .text._isatty_r
                0x00124d04        0x8 G:/devkitPro/devkitARM/bin/../lib/gcc/arm-none-eabi/14.2.0/../../../../arm-none-eabi/lib/armv6k/fpu\libsysbase.a(libsysbase_libsysbase_a-isatty.o)
                0x00124d04                _isatty_r
 .text._kill_r  0x00124d0c       0x14 G:/devkitPro/devkitARM/bin/../lib/gcc/arm-none-eabi/14.2.0/../../../../arm-none-eabi/lib/armv6k/fpu\libsysbase.a(libsysbase_libsysbase_a-kill.o)
                0x00124d0c                _kill_r
 .text._lseek_r
                0x00124d20       0x8c G:/devkitPro/devkitARM/bin/../lib/gcc/arm-none-eabi/14.2.0/../../../../arm-none-eabi/lib/armv6k/fpu\libsysbase.a(libsysbase_libsysbase_a-lseek.o)
                0x00124d20                _lseek_r
 .text.mkdir    0x00124dac       0x60 G:/devkitPro/devkitARM/bin/../lib/gcc/arm-none-eabi/14.2.0/../../../../arm-none-eabi/lib/armv6k/fpu\libsysbase.a(libsysbase_libsysbase_a-mkdir.o)
                0x00124dac                mkdir
 .text._open_r  0x00124e0c       0xbc G:/devkitPro/devkitARM/bin/../lib/gcc/arm-none-eabi/14.2.0/../../../../arm-none-eabi/lib/armv6k/fpu\libsysbase.a(libsysbase_libsysbase_a-open.o)
                0x00124e0c                _open_r
 .text._read_r  0x00124ec8       0x88 G:/devkitPro/devkitARM/bin/../lib/gcc/arm-none-eabi/14.2.0/../../../../arm-none-eabi/lib/armv6k/fpu\libsysbase.a(libsysbase_libsysbase_a-read.o)
                0x00124ec8                _read_r
 .text._rename_r
                0x00124f50       0x80 G:/devkitPro/devkitARM/bin/../lib/gcc/arm-none-eabi/14.2.0/../../../../arm-none-eabi/lib/armv6k/fpu\libsysbase.a(libsysbase_libsysbase_a-rename.o)
                0x00124f50                _rename_r
 .text._rmdir_r
                0x00124fd0       0x68 G:/devkitPro/devkitARM/bin/../lib/gcc/arm-none-eabi/14.2.0/../../../../arm-none-eabi/lib/armv6k/fpu\libsysbase.a(libsysbase_libsysbase_a-rmdir.o)
                0x00124fd0                _rmdir_r
 .text.rmdir    0x00125038       0x18 G:/devkitPro/devkitARM/bin/../lib/gcc/arm-none-eabi/14.2.0/../../../../arm-none-eabi/lib/armv6k/fpu\libsysbase.a(libsysbase_libsysbase_a-rmdir.o)
                0x00125038                rmdir
 .text._sbrk_r  0x00125050       0x78 G:/devkitPro/devkitARM/bin/../lib/gcc/arm-none-eabi/14.2.0/../../../../arm-none-eabi/lib/armv6k/fpu\libsysbase.a(libsysbase_libsysbase_a-sbrk.o)
                0x00125050                _sbrk_r
 .text._stat_r  0x001250c8       0x70 G:/devkitPro/devkitARM/bin/../lib/gcc/arm-none-eabi/14.2.0/../../../../arm-none-eabi/lib/armv6k/fpu\libsysbase.a(libsysbase_libsysbase_a-stat.o)
                0x001250c8                _stat_r
 .text.__libc_lock_acquire
                0x00125138       0x1c G:/devkitPro/devkitARM/bin/../lib/gcc/arm-none-eabi/14.2.0/../../../../arm-none-eabi/lib/armv6k/fpu\libsysbase.a(libsysbase_libsysbase_a-syscall_support.o)
                0x00125138                __libc_lock_acquire
 .text.__libc_lock_release
                0x00125154       0x1c G:/devkitPro/devkitARM/bin/../lib/gcc/arm-none-eabi/14.2.0/../../../../arm-none-eabi/lib/armv6k/fpu\libsysbase.a(libsysbase_libsysbase_a-syscall_support.o)
                0x00125154                __libc_lock_release
 .text.__libc_lock_acquire_recursive
                0x00125170       0x1c G:/devkitPro/devkitARM/bin/../lib/gcc/arm-none-eabi/14.2.0/../../../../arm-none-eabi/lib/armv6k/fpu\libsysbase.a(libsysbase_libsysbase_a-syscall_support.o)
                0x00125170                __libc_lock_acquire_recursive
 .text.__libc_lock_release_recursive
                0x0012518c       0x1c G:/devkitPro/devkitARM/bin/../lib/gcc/arm-none-eabi/14.2.0/../../../../arm-none-eabi/lib/armv6k/fpu\libsysbase.a(libsysbase_libsysbase_a-syscall_support.o)
                0x0012518c                __libc_lock_release_recursive
 .text._unlink_r
                0x001251a8       0x64 G:/devkitPro/devkitARM/bin/../lib/gcc/arm-none-eabi/14.2.0/../../../../arm-none-eabi/lib/armv6k/fpu\libsysbase.a(libsysbase_libsysbase_a-unlink.o)
                0x001251a8                _unlink_r
 .text._write_r
                0x0012520c       0x88 G:/devkitPro/devkitARM/bin/../lib/gcc/arm-none-eabi/14.2.0/../../../../arm-none-eabi/lib/armv6k/fpu\libsysbase.a(libsysbase_libsysbase_a-write.o)
                0x0012520c                _write_r
 .text.__fixdfdi
                0x00125294       0x38 G:/devkitPro/devkitARM/bin/../lib/gcc/arm-none-eabi/14.2.0/armv6k/fpu\libgcc.a(_fixdfdi.o)
                0x00125294                __fixdfdi
                0x00125294                __aeabi_d2lz
 *fill*         0x001252cc        0x4 
 .text.__fixunsdfdi
                0x001252d0       0x40 G:/devkitPro/devkitARM/bin/../lib/gcc/arm-none-eabi/14.2.0/armv6k/fpu\libgcc.a(_fixunsdfdi.o)
                0x001252d0                __fixunsdfdi
                0x001252d0                __aeabi_d2ulz
 .text.strrchr  0x00125310       0x48 G:/devkitPro/devkitARM/bin/../lib/gcc/arm-none-eabi/14.2.0/../../../../arm-none-eabi/lib/armv6k/fpu\libg.a(libc_a-strrchr.o)
                0x00125310                strrchr
 *(.glue_7)
 .glue_7        0x00125358        0x0 linker stubs
 *(.glue_7t)
 .glue_7t       0x00125358        0x0 linker stubs
 *(.stub)
 *(.gnu.warning)
 *(.gnu.linkonce.t*)
                0x00125358                        . = ALIGN (0x4)
 *(.fini)
 .fini          0x00125358        0xc G:/devkitPro/devkitARM/bin/../lib/gcc/arm-none-eabi/14.2.0/armv6k/fpu/crti.o
                0x00125358                _fini
 .fini          0x00125364        0xc G:/devkitPro/devkitARM/bin/../lib/gcc/arm-none-eabi/14.2.0/armv6k/fpu/crtn.o
                0x00125370                        . = ALIGN (0x4)

.vfp11_veneer   0x00125370        0x0
 .vfp11_veneer  0x00125370        0x0 linker stubs

.v4_bx          0x00125370        0x0
 .v4_bx         0x00125370        0x0 linker stubs

.iplt           0x00125370        0x0
 .iplt          0x00125370        0x0 G:/devkitPro/devkitARM/bin/../lib/gcc/arm-none-eabi/14.2.0/../../../../arm-none-eabi/lib/armv6k/fpu/3dsx_crt0.o
                0x00126000                        . = ALIGN (0x1000)

.rodata         0x00126000     0x5aac
 *(.rodata)
 .rodata        0x00126000        0xc G:/devkitPro/libctru/lib\libctru.a(archive_dev.o)
 *(.roda)
 *(.rodata.*)
 .rodata.str1.4
                0x0012600c      0xe83 main.o
                                0x54c (size before relaxing)
 *fill*         0x00126e8f        0x1 
 .rodata.consoleHandleColorEsc
                0x00126e90       0x6c G:/devkitPro/libctru/lib\libctru.a(console.o)
 .rodata.consolePrintChar
                0x00126efc        0x6 G:/devkitPro/libctru/lib\libctru.a(console.o)
 .rodata.con_write
                0x00126f02       0x46 G:/devkitPro/libctru/lib\libctru.a(console.o)
 .rodata.str1.4
                0x00126f48       0x10 G:/devkitPro/libctru/lib\libctru.a(console.o)
 .rodata.dotab_stdout
                0x00126f48       0x80 G:/devkitPro/libctru/lib\libctru.a(console.o)
 .rodata.grayScale
                0x00126fc8       0x18 G:/devkitPro/libctru/lib\libctru.a(console.o)
 .rodata.colorCube
                0x00126fe0        0x6 G:/devkitPro/libctru/lib\libctru.a(console.o)
 *fill*         0x00126fe6        0x2 
 .rodata.colorTable
                0x00126fe8       0x30 G:/devkitPro/libctru/lib\libctru.a(console.o)
 .rodata.srvInit.str1.4
                0x00127018        0x5 G:/devkitPro/libctru/lib\libctru.a(srv.o)
 .rodata.gspInit.str1.4
                0x00127018        0x9 G:/devkitPro/libctru/lib\libctru.a(gspgpu.o)
 .rodata.amInit.str1.4
                0x00127018       0x17 G:/devkitPro/libctru/lib\libctru.a(am.o)
 .rodata.aptSendCommand.str1.4
                0x00127018       0x16 G:/devkitPro/libctru/lib\libctru.a(apt.o)
 .rodata.aptEventHandler
                0x00127018        0xb G:/devkitPro/libctru/lib\libctru.a(apt.o)
 .rodata.aptWaitForWakeUp.isra.0
                0x00127023       0x11 G:/devkitPro/libctru/lib\libctru.a(apt.o)
 .rodata.morton_y.2
                0x00127034        0x8 G:/devkitPro/libctru/lib\libctru.a(apt.o)
 .rodata.morton_x.3
                0x0012703c        0x8 G:/devkitPro/libctru/lib\libctru.a(apt.o)
 .rodata.s_sleepWakeEvents.4
                0x00127044        0x8 G:/devkitPro/libctru/lib\libctru.a(apt.o)
 .rodata.hidInit.str1.4
                0x0012704c       0x15 G:/devkitPro/libctru/lib\libctru.a(hid.o)
 .rodata.fsInit.str1.4
                0x0012704c        0x8 G:/devkitPro/libctru/lib\libctru.a(fs.o)
 .rodata.fsMakePath.str1.4
                0x0012704c        0x1 G:/devkitPro/libctru/lib\libctru.a(fs.o)
 .rodata.__system_initArgv.str1.4
                0x0012704c        0xa G:/devkitPro/libctru/lib\libctru.a(initArgv.o)
 .rodata.default_font_bin
                0x0012704c      0x800 G:/devkitPro/libctru/lib\libctru.a(default_font.bin.o)
                0x0012704c                default_font_bin
                0x0012784c                default_font_bin_end
 .rodata.irrstInit.str1.4
                0x0012784c        0x7 G:/devkitPro/libctru/lib\libctru.a(irrst.o)
 .rodata.ptmSysmInit.str1.4
                0x0012784c        0x9 G:/devkitPro/libctru/lib\libctru.a(ptmsysm.o)
 .rodata.archive_utf16path.str1.4
                0x0012784c        0x2 G:/devkitPro/libctru/lib\libctru.a(archive_dev.o)
 .rodata._archiveUnmountDeviceStruct.part.0.str1.4
                0x0012784c        0x2 G:/devkitPro/libctru/lib\libctru.a(archive_dev.o)
 .rodata._archiveMountDevice.str1.4
                0x0012784c        0xc G:/devkitPro/libctru/lib\libctru.a(archive_dev.o)
 .rodata.archiveMountSdmc.str1.4
                0x0012784c        0x5 G:/devkitPro/libctru/lib\libctru.a(archive_dev.o)
 .rodata.error_table
                0x0012784c       0x30 G:/devkitPro/libctru/lib\libctru.a(archive_dev.o)
 .rodata.str1.4
                0x0012787c        0x8 G:/devkitPro/libctru/lib\libctru.a(archive_dev.o)
 .rodata.archive_devoptab
                0x0012787c       0x80 G:/devkitPro/libctru/lib\libctru.a(archive_dev.o)
 .rodata._ctype_
                0x001278fc      0x101 G:/devkitPro/devkitARM/bin/../lib/gcc/arm-none-eabi/14.2.0/../../../../arm-none-eabi/lib/armv6k/fpu\libg.a(libc_a-ctype_.o)
                0x001278fc                _ctype_
 .rodata._puts_r.str1.4
                0x001279fd        0x2 G:/devkitPro/devkitARM/bin/../lib/gcc/arm-none-eabi/14.2.0/../../../../arm-none-eabi/lib/armv6k/fpu\libg.a(libc_a-puts.o)
 .rodata.__ssvfscanf_r.str1.1
                0x001279fd       0x40 G:/devkitPro/devkitARM/bin/../lib/gcc/arm-none-eabi/14.2.0/../../../../arm-none-eabi/lib/armv6k/fpu\libg.a(libc_a-svfscanf.o)
                                  0x6 (size before relaxing)
 *fill*         0x00127a3d        0x1 
 .rodata.__ssvfscanf_r
                0x00127a3e      0x114 G:/devkitPro/devkitARM/bin/../lib/gcc/arm-none-eabi/14.2.0/../../../../arm-none-eabi/lib/armv6k/fpu\libg.a(libc_a-svfscanf.o)
 *fill*         0x00127b52        0x2 
 .rodata.basefix.0
                0x00127b54       0x22 G:/devkitPro/devkitARM/bin/../lib/gcc/arm-none-eabi/14.2.0/../../../../arm-none-eabi/lib/armv6k/fpu\libg.a(libc_a-svfscanf.o)
 .rodata._perror_r.str1.4
                0x00127b76        0x6 G:/devkitPro/devkitARM/bin/../lib/gcc/arm-none-eabi/14.2.0/../../../../arm-none-eabi/lib/armv6k/fpu\libg.a(libc_a-perror.o)
 .rodata._mbrtowc_r.str1.4
                0x00127b76        0x1 G:/devkitPro/devkitARM/bin/../lib/gcc/arm-none-eabi/14.2.0/../../../../arm-none-eabi/lib/armv6k/fpu\libg.a(libc_a-mbrtowc.o)
 .rodata._strerror_r.str1.4
                0x00127b76      0x701 G:/devkitPro/devkitARM/bin/../lib/gcc/arm-none-eabi/14.2.0/../../../../arm-none-eabi/lib/armv6k/fpu\libg.a(libc_a-strerror.o)
 .rodata._strerror_r
                0x00127b76      0x11e G:/devkitPro/devkitARM/bin/../lib/gcc/arm-none-eabi/14.2.0/../../../../arm-none-eabi/lib/armv6k/fpu\libg.a(libc_a-strerror.o)
 .rodata.str1.4
                0x00127c94       0x4c G:/devkitPro/devkitARM/bin/../lib/gcc/arm-none-eabi/14.2.0/../../../../arm-none-eabi/lib/armv6k/fpu\libg.a(libc_a-locale.o)
 .rodata._strtod_l.str1.4
                0x00127c94       0x15 G:/devkitPro/devkitARM/bin/../lib/gcc/arm-none-eabi/14.2.0/../../../../arm-none-eabi/lib/armv6k/fpu\libg.a(libc_a-strtod.o)
 .rodata._strtod_l
                0x00127c94       0x61 G:/devkitPro/devkitARM/bin/../lib/gcc/arm-none-eabi/14.2.0/../../../../arm-none-eabi/lib/armv6k/fpu\libg.a(libc_a-strtod.o)
 *fill*         0x00127cf5        0x3 
 .rodata.fpinan.0
                0x00127cf8       0x14 G:/devkitPro/devkitARM/bin/../lib/gcc/arm-none-eabi/14.2.0/../../../../arm-none-eabi/lib/armv6k/fpu\libg.a(libc_a-strtod.o)
 .rodata.fpi.1  0x00127d0c       0x14 G:/devkitPro/devkitARM/bin/../lib/gcc/arm-none-eabi/14.2.0/../../../../arm-none-eabi/lib/armv6k/fpu\libg.a(libc_a-strtod.o)
 .rodata.tinytens
                0x00127d20       0x28 G:/devkitPro/devkitARM/bin/../lib/gcc/arm-none-eabi/14.2.0/../../../../arm-none-eabi/lib/armv6k/fpu\libg.a(libc_a-strtod.o)
 .rodata.__gethex.str1.4