Archive member included to satisfy reference by file (symbol)

C:/devkitPro/libctru/lib\libctru.a(console.o)
                              main.o (consoleInit)
C:/devkitPro/libctru/lib\libctru.a(srv.o)
                              main.o (srvInit)
C:/devkitPro/libctru/lib\libctru.a(gfx.o)
                              C:/devkitPro/libctru/lib\libctru.a(console.o) (gfxIsWide)
C:/devkitPro/libctru/lib\libctru.a(gspgpu.o)
                              C:/devkitPro/libctru/lib\libctru.a(gfx.o) (gspInit)
C:/devkitPro/libctru/lib\libctru.a(apt.o)
                              main.o (aptExit)
C:/devkitPro/libctru/lib\libctru.a(hid.o)
                              main.o (hidScanInput)
C:/devkitPro/libctru/lib\libctru.a(srvpm.o)
                              C:/devkitPro/libctru/lib\libctru.a(srv.o) (srvPmGetSessionHandle)
C:/devkitPro/libctru/lib\libctru.a(fs.o)
                              main.o (fsInit)
C:/devkitPro/libctru/lib\libctru.a(ctru_init.o)
                              C:/devkitPro/libctru/lib\libctru.a(apt.o) (__system_retAddr)
C:/devkitPro/libctru/lib\libctru.a(initArgv.o)
                              C:/devkitPro/libctru/lib\libctru.a(ctru_init.o) (__system_initArgv)
C:/devkitPro/libctru/lib\libctru.a(svc.o)
                              main.o (svcSleepThread)
C:/devkitPro/libctru/lib\libctru.a(stack_adjust.o)
                              C:/devkitPro/devkitARM/bin/../lib/gcc/arm-none-eabi/14.2.0/../../../../arm-none-eabi/lib/armv6k/fpu/3dsx_crt0.o (initSystem)
C:/devkitPro/libctru/lib\libctru.a(default_font.bin.o)
                              C:/devkitPro/libctru/lib\libctru.a(console.o) (default_font_bin)
C:/devkitPro/libctru/lib\libctru.a(vram.o)
                              C:/devkitPro/libctru/lib\libctru.a(gfx.o) (vramAlloc)
C:/devkitPro/libctru/lib\libctru.a(linear.o)
                              C:/devkitPro/libctru/lib\libctru.a(gfx.o) (linearAlloc)
C:/devkitPro/libctru/lib\libctru.a(mem_pool.o)
                              C:/devkitPro/libctru/lib\libctru.a(vram.o) (MemPool::Allocate(MemChunk&, unsigned long, int))
C:/devkitPro/libctru/lib\libctru.a(synchronization.o)
                              C:/devkitPro/libctru/lib\libctru.a(ctru_init.o) (__sync_init)
C:/devkitPro/libctru/lib\libctru.a(env.o)
                              C:/devkitPro/libctru/lib\libctru.a(srv.o) (envGetHandle)
C:/devkitPro/libctru/lib\libctru.a(os.o)
                              C:/devkitPro/libctru/lib\libctru.a(apt.o) (__ctru_speedup_config)
C:/devkitPro/libctru/lib\libctru.a(3dslink.o)
                              C:/devkitPro/libctru/lib\libctru.a(initArgv.o) (__3dslink_host)
C:/devkitPro/libctru/lib\libctru.a(thread.o)
                              C:/devkitPro/libctru/lib\libctru.a(gspgpu.o) (threadCreate)
C:/devkitPro/libctru/lib\libctru.a(mappable.o)
                              C:/devkitPro/libctru/lib\libctru.a(gspgpu.o) (mappableAlloc)
C:/devkitPro/libctru/lib\libctru.a(irrst.o)
                              C:/devkitPro/libctru/lib\libctru.a(hid.o) (irrstInit)
C:/devkitPro/libctru/lib\libctru.a(ptmsysm.o)
                              C:/devkitPro/libctru/lib\libctru.a(os.o) (ptmSysmInit)
C:/devkitPro/libctru/lib\libctru.a(soc_socket.o)
                              C:/devkitPro/libctru/lib\libctru.a(3dslink.o) (socket)
C:/devkitPro/libctru/lib\libctru.a(soc_connect.o)
                              C:/devkitPro/libctru/lib\libctru.a(3dslink.o) (connect)
C:/devkitPro/libctru/lib\libctru.a(soc_common.o)
                              C:/devkitPro/libctru/lib\libctru.a(soc_socket.o) (_net_convert_error)
C:/devkitPro/libctru/lib\libctru.a(rbtree_init.o)
                              C:/devkitPro/libctru/lib\libctru.a(vram.o) (rbtree_init)
C:/devkitPro/libctru/lib\libctru.a(rbtree_insert.o)
                              C:/devkitPro/libctru/lib\libctru.a(vram.o) (rbtree_insert)
C:/devkitPro/libctru/lib\libctru.a(rbtree_rotate.o)
                              C:/devkitPro/libctru/lib\libctru.a(rbtree_insert.o) (rbtree_rotate)
C:/devkitPro/libctru/lib\libctru.a(rbtree_remove.o)
                              C:/devkitPro/libctru/lib\libctru.a(vram.o) (rbtree_remove)
C:/devkitPro/libctru/lib\libctru.a(rbtree_find.o)
                              C:/devkitPro/libctru/lib\libctru.a(vram.o) (rbtree_find)
C:/devkitPro/libctru/lib\libctru.a(appInit.o)
                              C:/devkitPro/libctru/lib\libctru.a(stack_adjust.o) (__appInit)
C:/devkitPro/libctru/lib\libctru.a(syscalls.o)
                              C:/devkitPro/libctru/lib\libctru.a(thread.o) (initThreadVars)
C:/devkitPro/libctru/lib\libctru.a(allocateHeaps.o)
                              C:/devkitPro/libctru/lib\libctru.a(ctru_init.o) (__system_allocateHeaps)
C:/devkitPro/libctru/lib\libctru.a(appExit.o)
                              C:/devkitPro/libctru/lib\libctru.a(stack_adjust.o) (__appExit)
C:/devkitPro/libctru/lib\libctru.a(ctru_exit.o)
[...]
Memory Configuration

Name             Origin             Length             Attributes
*default*        0x00000000         0xffffffff

Linker script and memory map

                0x00000000                        __sync_synchronize = __sync_synchronize_dmb
                0x00100000                        PROVIDE (__start__ = 0x100000)
                0x00100000                        . = __start__

.text           0x00100000    0x24868
 *(.crt0)
 .crt0          0x00100000       0x94 C:/devkitPro/devkitARM/bin/../lib/gcc/arm-none-eabi/14.2.0/../../../../arm-none-eabi/lib/armv6k/fpu/3dsx_crt0.o
                0x00100000                _start
                0x00100008                __service_ptr
                0x0010000c                __apt_appid
                0x00100010                __heap_size
                0x00100014                __linear_heap_size
                0x00100018                __system_arglist
                0x0010001c                __system_runflags
 *(.init)
 .init          0x00100094        0xc C:/devkitPro/devkitARM/bin/../lib/gcc/arm-none-eabi/14.2.0/armv6k/fpu/crti.o
                0x00100094                _init
 .init          0x001000a0        0xc C:/devkitPro/devkitARM/bin/../lib/gcc/arm-none-eabi/14.2.0/armv6k/fpu/crtn.o
                0x001000ac                        . = ALIGN (0x4)
 *(.text)
 .text          0x001000ac      0x240 C:/devkitPro/devkitARM/bin/../lib/gcc/arm-none-eabi/14.2.0/armv6k/fpu\libgcc.a(_divsi3.o)
                0x001000ac                __divsi3
                0x001000ac                __aeabi_idiv
                0x001002cc                __aeabi_idivmod
 .text          0x001002ec        0x4 C:/devkitPro/devkitARM/bin/../lib/gcc/arm-none-eabi/14.2.0/armv6k/fpu\libgcc.a(_dvmd_tls.o)
                0x001002ec                __aeabi_idiv0
                0x001002ec                __aeabi_ldiv0
 .text          0x001002f0       0x3c C:/devkitPro/devkitARM/bin/../lib/gcc/arm-none-eabi/14.2.0/armv6k/fpu\libgcc.a(_aeabi_uldivmod.o)
                0x001002f0                __aeabi_uldivmod
 *fill*         0x0010032c       0x14 
 .text          0x00100340      0x390 C:/devkitPro/devkitARM/bin/../lib/gcc/arm-none-eabi/14.2.0/../../../../arm-none-eabi/lib/armv6k/fpu\libg.a(libc_a-strcmp.o)
                0x00100348                strcmp
 .text          0x001006d0      0x20c C:/devkitPro/devkitARM/bin/../lib/gcc/arm-none-eabi/14.2.0/armv6k/fpu\libgcc.a(_udivsi3.o)
                0x001006d0                __aeabi_uidiv
                0x001006d0                __udivsi3
                0x001008bc                __aeabi_uidivmod
 .text          0x001008dc      0x3c0 C:/devkitPro/devkitARM/bin/../lib/gcc/arm-none-eabi/14.2.0/armv6k/fpu\libgcc.a(_arm_addsubdf3.o)
                0x001008dc                __aeabi_drsub
                0x001008e4                __aeabi_dsub
                0x001008e4                __subdf3
                0x001008e8                __aeabi_dadd
                0x001008e8                __adddf3
                0x00100b94                __floatunsidf
                0x00100b94                __aeabi_ui2d
                0x00100bb8                __floatsidf
                0x00100bb8                __aeabi_i2d
                0x00100be0                __aeabi_f2d
                0x00100be0                __extendsfdf2
                0x00100c28                __floatundidf
                0x00100c28                __aeabi_ul2d
                0x00100c3c                __floatdidf
                0x00100c3c                __aeabi_l2d
 *(.text.*)
 .text.__do_global_dtors_aux
                0x00100c9c       0x40 C:/devkitPro/devkitARM/bin/../lib/gcc/arm-none-eabi/14.2.0/armv6k/fpu/crtbegin.o
 .text.frame_dummy
                0x00100cdc       0x2c C:/devkitPro/devkitARM/bin/../lib/gcc/arm-none-eabi/14.2.0/armv6k/fpu/crtbegin.o
 .text.compareSlotNumbers
                0x00100d08       0x10 main.o
                0x00100d08                compareSlotNumbers
 .text.selectRegion
                0x00100d18      0x110 main.o
                0x00100d18                selectRegion
 .text.listFolders
                0x00100e28       0xbc main.o
                0x00100e28                listFolders
 .text.selectFolder
                0x00100ee4      0x10c main.o
                0x00100ee4                selectFolder
 .text.copyDirectory
                0x00100ff0      0x28c main.o
                0x00100ff0                copyDirectory
 .text.createDirectoryRecursive
                0x0010127c       0xa8 main.o
                0x0010127c                createDirectoryRecursive
 .text.generateTemplateJson
                0x00101324      0x1b0 main.o
                0x00101324                generateTemplateJson
 .text.clearDirectory
                0x001014d4      0x114 main.o
                0x001014d4                clearDirectory
 .text.fwoOption
                0x001015e8      0x3b8 main.o
                0x001015e8                fwoOption
 .text.startup.main
                0x001019a0       0x34 main.o
                0x001019a0                main
 .text.consoleHandleColorEsc
                0x001019d4      0x45c C:/devkitPro/libctru/lib\libctru.a(console.o)
 .text.consoleColorStateShift
                0x00101e30       0xb8 C:/devkitPro/libctru/lib\libctru.a(console.o)
 .text.consoleDrawChar
                0x00101ee8      0x1ac C:/devkitPro/libctru/lib\libctru.a(console.o)
                0x00101ee8                consoleDrawChar
 .text.consolePrintChar
                0x00102094      0x11c C:/devkitPro/libctru/lib\libctru.a(console.o)
                0x00102094                consolePrintChar
 .text.con_write
                0x001021b0      0x5ec C:/devkitPro/libctru/lib\libctru.a(console.o)
                0x001021b0                con_write
 .text.newRow   0x0010279c      0x124 C:/devkitPro/libctru/lib\libctru.a(console.o)
 .text.consoleInit
                0x001028c0      0x18c C:/devkitPro/libctru/lib\libctru.a(console.o)
                0x001028c0                consoleInit
 .text.consoleClear
                0x00102a4c       0xb8 C:/devkitPro/libctru/lib\libctru.a(console.o)
                0x00102a4c                consoleClear
 .text.srvInit  0x00102b04      0x12c C:/devkitPro/libctru/lib\libctru.a(srv.o)
                0x00102b04                srvInit
 .text.srvExit  0x00102c30       0x58 C:/devkitPro/libctru/lib\libctru.a(srv.o)
                0x00102c30                srvExit
 .text.srvEnableNotification
                0x00102c88       0x60 C:/devkitPro/libctru/lib\libctru.a(srv.o)
                0x00102c88                srvEnableNotification
 .text.srvGetServiceHandleDirect
                0x00102ce8       0xa0 C:/devkitPro/libctru/lib\libctru.a(srv.o)
                0x00102ce8                srvGetServiceHandleDirect
 .text.srvGetServiceHandle
                0x00102d88       0x38 C:/devkitPro/libctru/lib\libctru.a(srv.o)
                0x00102d88                srvGetServiceHandle
 .text.srvSubscribe
                0x00102dc0       0x34 C:/devkitPro/libctru/lib\libctru.a(srv.o)
                0x00102dc0                srvSubscribe
 .text.srvReceiveNotification
                0x00102df4       0x60 C:/devkitPro/libctru/lib\libctru.a(srv.o)
                0x00102df4                srvReceiveNotification
 .text.srvPublishToSubscriber
                0x00102e54       0x38 C:/devkitPro/libctru/lib\libctru.a(srv.o)
                0x00102e54                srvPublishToSubscriber
 .text.gfxPresentFramebuffer
                0x00102e8c       0xd0 C:/devkitPro/libctru/lib\libctru.a(gfx.o)
 .text.gfxIsWide
                0x00102f5c       0x1c C:/devkitPro/libctru/lib\libctru.a(gfx.o)
                0x00102f5c                gfxIsWide
 .text.gfxSetScreenFormat
                0x00102f78       0xec C:/devkitPro/libctru/lib\libctru.a(gfx.o)
                0x00102f78                gfxSetScreenFormat
 .text.gfxSetDoubleBuffering
                0x00103064       0x10 C:/devkitPro/libctru/lib\libctru.a(gfx.o)
                0x00103064                gfxSetDoubleBuffering
 .text.gfxInit  0x00103074       0xd8 C:/devkitPro/libctru/lib\libctru.a(gfx.o)
                0x00103074                gfxInit
 .text.gfxInitDefault
                0x0010314c       0x10 C:/devkitPro/libctru/lib\libctru.a(gfx.o)
                0x0010314c                gfxInitDefault
 .text.gfxExit  0x0010315c       0xb4 C:/devkitPro/libctru/lib\libctru.a(gfx.o)
                0x0010315c                gfxExit
 .text.gfxGetFramebuffer
                0x00103210       0xa0 C:/devkitPro/libctru/lib\libctru.a(gfx.o)
                0x00103210                gfxGetFramebuffer
 .text.gfxFlushBuffers
                0x001032b0      0x100 C:/devkitPro/libctru/lib\libctru.a(gfx.o)
                0x001032b0                gfxFlushBuffers
 .text.gfxSwapBuffers
                0x001033b0       0x50 C:/devkitPro/libctru/lib\libctru.a(gfx.o)
                0x001033b0                gfxSwapBuffers
 .text.gfxSwapBuffersGpu
                0x00103400       0x50 C:/devkitPro/libctru/lib\libctru.a(gfx.o)
                0x00103400                gfxSwapBuffersGpu
 .text.gspHardwareInit
                0x00103450      0xc70 C:/devkitPro/libctru/lib\libctru.a(gspgpu.o)
 .text.gspInit  0x001040c0      0x248 C:/devkitPro/libctru/lib\libctru.a(gspgpu.o)
                0x001040c0                gspInit
 .text.gspExit  0x00104308       0xe4 C:/devkitPro/libctru/lib\libctru.a(gspgpu.o)
                0x00104308                gspExit
 .text.gspHasGpuRight
                0x001043ec       0x10 C:/devkitPro/libctru/lib\libctru.a(gspgpu.o)
                0x001043ec                gspHasGpuRight
 .text.gspPresentBuffer
                0x001043fc       0xa0 C:/devkitPro/libctru/lib\libctru.a(gspgpu.o)
                0x001043fc                gspPresentBuffer
 .text.gspWaitForEvent
                0x0010449c       0x44 C:/devkitPro/libctru/lib\libctru.a(gspgpu.o)
                0x0010449c                gspWaitForEvent
 .text.gxCmdQueueInterrupt
                0x001044e0        0x4 C:/devkitPro/libctru/lib\libctru.a(gspgpu.o)
                0x001044e0                gxCmdQueueInterrupt
 .text.gspEventThreadMain
                0x001044e4      0x160 C:/devkitPro/libctru/lib\libctru.a(gspgpu.o)
 .text.GSPGPU_FlushDataCache
                0x00104644       0x50 C:/devkitPro/libctru/lib\libctru.a(gspgpu.o)
                0x00104644                GSPGPU_FlushDataCache
 .text.GSPGPU_SetLcdForceBlack
                0x00104694       0x34 C:/devkitPro/libctru/lib\libctru.a(gspgpu.o)
                0x00104694                GSPGPU_SetLcdForceBlack
 .text.GSPGPU_AcquireRight
                0x001046c8       0x68 C:/devkitPro/libctru/lib\libctru.a(gspgpu.o)
                0x001046c8                GSPGPU_AcquireRight
 .text.GSPGPU_RestoreVramSysArea
                0x00104730       0x2c C:/devkitPro/libctru/lib\libctru.a(gspgpu.o)
                0x00104730                GSPGPU_RestoreVramSysArea
 .text.aptDspSleep
                0x0010475c        0x8 C:/devkitPro/libctru/lib\libctru.a(apt.o)
                0x0010475c                aptDspSleep
 .text.aptDspWakeup
                0x00104764        0x4 C:/devkitPro/libctru/lib\libctru.a(apt.o)
                0x00104764                aptDspWakeup
 .text.aptDspCancel
                0x00104768        0x4 C:/devkitPro/libctru/lib\libctru.a(apt.o)
                0x00104768                aptDspCancel
 .text.aptSendCommand
                0x0010476c      0x158 C:/devkitPro/libctru/lib\libctru.a(apt.o)
                0x0010476c                aptSendCommand
 *fill*         0x001048c4        0x4 
 .text.aptExitProcess
                0x001048c8       0x44 C:/devkitPro/libctru/lib\libctru.a(apt.o)
 .text.aptExit  0x0010490c      0x380 C:/devkitPro/libctru/lib\libctru.a(apt.o)
                0x0010490c                aptExit
 .text.APT_SleepIfShellClosed
                0x00104c8c       0x84 C:/devkitPro/libctru/lib\libctru.a(apt.o)
                0x00104c8c                APT_SleepIfShellClosed
 .text.APT_UnlockTransition
                0x00104d10       0x84 C:/devkitPro/libctru/lib\libctru.a(apt.o)
                0x00104d10                APT_UnlockTransition
 *fill*         0x00104d94        0x4 
 .text.aptEventHandler
                0x00104d98      0x478 C:/devkitPro/libctru/lib\libctru.a(apt.o)
 .text.APT_ReceiveParameter
                0x00105210       0xb0 C:/devkitPro/libctru/lib\libctru.a(apt.o)
                0x00105210                APT_ReceiveParameter
 .text.aptReceiveParameter.constprop.0
                0x001052c0       0xac C:/devkitPro/libctru/lib\libctru.a(apt.o)
 .text.aptWaitForWakeUp.isra.0
                0x0010536c      0x2c8 C:/devkitPro/libctru/lib\libctru.a(apt.o)
 .text.aptInit  0x00105634      0x22c C:/devkitPro/libctru/lib\libctru.a(apt.o)
                0x00105634                aptInit
 .text.APT_CheckNew3DS
                0x00105860       0x7c C:/devkitPro/libctru/lib\libctru.a(apt.o)
                0x00105860                APT_CheckNew3DS
 .text.hidShouldUseIrrst
                0x001058dc       0x24 C:/devkitPro/libctru/lib\libctru.a(hid.o)
                0x001058dc                hidShouldUseIrrst
 .text.hidInit  0x00105900      0x18c C:/devkitPro/libctru/lib\libctru.a(hid.o)
                0x00105900                hidInit
 .text.hidExit  0x00105a8c       0xe8 C:/devkitPro/libctru/lib\libctru.a(hid.o)
                0x00105a8c                hidExit
 .text.hidScanInput
                0x00105b74      0x2a4 C:/devkitPro/libctru/lib\libctru.a(hid.o)
                0x00105b74                hidScanInput
 .text.hidKeysDown
                0x00105e18       0x10 C:/devkitPro/libctru/lib\libctru.a(hid.o)
                0x00105e18                hidKeysDown
 .text.srvPmGetSessionHandle
                0x00105e28        0xc C:/devkitPro/libctru/lib\libctru.a(srvpm.o)
                0x00105e28                srvPmGetSessionHandle
 .text.fsInit   0x00105e34       0xd0 C:/devkitPro/libctru/lib\libctru.a(fs.o)
                0x00105e34                fsInit
 .text.fsExit   0x00105f04       0x3c C:/devkitPro/libctru/lib\libctru.a(fs.o)
                0x00105f04                fsExit
 .text.fsExemptFromSession
                0x00105f40       0x60 C:/devkitPro/libctru/lib\libctru.a(fs.o)
                0x00105f40                fsExemptFromSession
 .text.fsUnexemptFromSession
                0x00105fa0       0x50 C:/devkitPro/libctru/lib\libctru.a(fs.o)
                0x00105fa0                fsUnexemptFromSession
 .text.FSUSER_OpenFile
                0x00105ff0       0xcc C:/devkitPro/libctru/lib\libctru.a(fs.o)
                0x00105ff0                FSUSER_OpenFile
 .text.FSUSER_DeleteFile
                0x001060bc       0xbc C:/devkitPro/libctru/lib\libctru.a(fs.o)
                0x001060bc                FSUSER_DeleteFile
 .text.FSUSER_RenameFile
                0x00106178       0xf8 C:/devkitPro/libctru/lib\libctru.a(fs.o)
                0x00106178                FSUSER_RenameFile
 .text.FSUSER_DeleteDirectory
                0x00106270       0xbc C:/devkitPro/libctru/lib\libctru.a(fs.o)
                0x00106270                FSUSER_DeleteDirectory
 .text.FSUSER_CreateFile
                0x0010632c       0xd4 C:/devkitPro/libctru/lib\libctru.a(fs.o)
                0x0010632c                FSUSER_CreateFile
 .text.FSUSER_CreateDirectory
                0x00106400       0xc4 C:/devkitPro/libctru/lib\libctru.a(fs.o)
                0x00106400                FSUSER_CreateDirectory
 .text.FSUSER_RenameDirectory
                0x001064c4       0xf8 C:/devkitPro/libctru/lib\libctru.a(fs.o)
                0x001064c4                FSUSER_RenameDirectory
 .text.FSUSER_OpenDirectory
                0x001065bc       0xb4 C:/devkitPro/libctru/lib\libctru.a(fs.o)
                0x001065bc                FSUSER_OpenDirectory
 .text.FSUSER_OpenArchive
                0x00106670       0x94 C:/devkitPro/libctru/lib\libctru.a(fs.o)
                0x00106670                FSUSER_OpenArchive
 .text.FSUSER_CloseArchive
                0x00106704       0x8c C:/devkitPro/libctru/lib\libctru.a(fs.o)
                0x00106704                FSUSER_CloseArchive
 .text.FSUSER_GetSdmcArchiveResource
                0x00106790       0x74 C:/devkitPro/libctru/lib\libctru.a(fs.o)
                0x00106790                FSUSER_GetSdmcArchiveResource
 .text.FSUSER_IsSdmcWritable
                0x00106804       0x64 C:/devkitPro/libctru/lib\libctru.a(fs.o)
                0x00106804                FSUSER_IsSdmcWritable
 .text.FSFILE_Read
                0x00106868       0x58 C:/devkitPro/libctru/lib\libctru.a(fs.o)
                0x00106868                FSFILE_Read
 .text.FSFILE_Write
                0x001068c0       0x60 C:/devkitPro/libctru/lib\libctru.a(fs.o)
                0x001068c0                FSFILE_Write
 .text.FSFILE_GetSize
                0x00106920       0x38 C:/devkitPro/libctru/lib\libctru.a(fs.o)
                0x00106920                FSFILE_GetSize
 .text.FSFILE_SetSize
                0x00106958       0x28 C:/devkitPro/libctru/lib\libctru.a(fs.o)
                0x00106958                FSFILE_SetSize
 .text.FSFILE_Close
                0x00106980       0x3c C:/devkitPro/libctru/lib\libctru.a(fs.o)
                0x00106980                FSFILE_Close
 .text.FSFILE_Flush
                0x001069bc       0x24 C:/devkitPro/libctru/lib\libctru.a(fs.o)
                0x001069bc                FSFILE_Flush
 .text.FSDIR_Read
                0x001069e0       0x50 C:/devkitPro/libctru/lib\libctru.a(fs.o)
                0x001069e0                FSDIR_Read
 .text.FSDIR_Close
                0x00106a30       0x3c C:/devkitPro/libctru/lib\libctru.a(fs.o)
                0x00106a30                FSDIR_Close
 .text.__libctru_init
                0x00106a6c       0x38 C:/devkitPro/libctru/lib\libctru.a(ctru_init.o)
                0x00106a6c                __libctru_init
 .text.__system_initArgv
                0x00106aa4      0x160 C:/devkitPro/libctru/lib\libctru.a(initArgv.o)
                0x00106aa4                __system_initArgv
 .text.svcControlMemory
                0x00106c04       0x20 C:/devkitPro/libctru/lib\libctru.a(svc.o)
                0x00106c04                svcControlMemory
 .text.svcQueryMemory
                0x00106c24       0x30 C:/devkitPro/libctru/lib\libctru.a(svc.o)
                0x00106c24                svcQueryMemory
 .text.svcExitProcess
                0x00106c54        0x8 C:/devkitPro/libctru/lib\libctru.a(svc.o)
                0x00106c54                svcExitProcess
 .text.svcCreateThread
                0x00106c5c       0x20 C:/devkitPro/libctru/lib\libctru.a(svc.o)
                0x00106c5c                svcCreateThread
 .text.svcExitThread
                0x00106c7c        0x8 C:/devkitPro/libctru/lib\libctru.a(svc.o)
                0x00106c7c                svcExitThread
 .text.svcSleepThread
                0x00106c84        0x8 C:/devkitPro/libctru/lib\libctru.a(svc.o)
                0x00106c84                svcSleepThread
 .text.svcReleaseMutex
                0x00106c8c        0x8 C:/devkitPro/libctru/lib\libctru.a(svc.o)
                0x00106c8c                svcReleaseMutex
 .text.svcCreateEvent
                0x00106c94       0x14 C:/devkitPro/libctru/lib\libctru.a(svc.o)
                0x00106c94                svcCreateEvent
 .text.svcSignalEvent
                0x00106ca8        0x8 C:/devkitPro/libctru/lib\libctru.a(svc.o)
                0x00106ca8                svcSignalEvent
 .text.svcClearEvent
                0x00106cb0        0x8 C:/devkitPro/libctru/lib\libctru.a(svc.o)
                0x00106cb0                svcClearEvent
 .text.svcMapMemoryBlock
                0x00106cb8        0x8 C:/devkitPro/libctru/lib\libctru.a(svc.o)
                0x00106cb8                svcMapMemoryBlock
 .text.svcUnmapMemoryBlock
                0x00106cc0        0x8 C:/devkitPro/libctru/lib\libctru.a(svc.o)
                0x00106cc0                svcUnmapMemoryBlock
 .text.svcCreateAddressArbiter
                0x00106cc8       0x14 C:/devkitPro/libctru/lib\libctru.a(svc.o)
                0x00106cc8                svcCreateAddressArbiter
 .text.svcArbitrateAddressNoTimeout
                0x00106cdc        0x8 C:/devkitPro/libctru/lib\libctru.a(svc.o)
                0x00106cdc                svcArbitrateAddressNoTimeout
 .text.svcCloseHandle
                0x00106ce4        0x8 C:/devkitPro/libctru/lib\libctru.a(svc.o)
                0x00106ce4                svcCloseHandle
 .text.svcWaitSynchronization
                0x00106cec        0x8 C:/devkitPro/libctru/lib\libctru.a(svc.o)
                0x00106cec                svcWaitSynchronization
 .text.svcWaitSynchronizationN
                0x00106cf4       0x28 C:/devkitPro/libctru/lib\libctru.a(svc.o)
                0x00106cf4                svcWaitSynchronizationN
 .text.svcDuplicateHandle
                0x00106d1c       0x14 C:/devkitPro/libctru/lib\libctru.a(svc.o)
                0x00106d1c                svcDuplicateHandle
 .text.svcConnectToPort
                0x00106d30       0x14 C:/devkitPro/libctru/lib\libctru.a(svc.o)
                0x00106d30                svcConnectToPort
 .text.svcSendSyncRequest
                0x00106d44        0x8 C:/devkitPro/libctru/lib\libctru.a(svc.o)
                0x00106d44                svcSendSyncRequest
 .text.svcGetResourceLimit
                0x00106d4c       0x14 C:/devkitPro/libctru/lib\libctru.a(svc.o)
                0x00106d4c                svcGetResourceLimit
 .text.svcGetResourceLimitLimitValues
                0x00106d60        0x8 C:/devkitPro/libctru/lib\libctru.a(svc.o)
                0x00106d60                svcGetResourceLimitLimitValues
 .text.svcGetResourceLimitCurrentValues
                0x00106d68        0x8 C:/devkitPro/libctru/lib\libctru.a(svc.o)
                0x00106d68                svcGetResourceLimitCurrentValues
 .text.svcBreak
                0x00106d70        0x8 C:/devkitPro/libctru/lib\libctru.a(svc.o)
                0x00106d70                svcBreak
 .text.initSystem
                0x00106d78       0x50 C:/devkitPro/libctru/lib\libctru.a(stack_adjust.o)
                0x00106d78                initSystem
 .text.__ctru_exit
                0x00106dc8       0x14 C:/devkitPro/libctru/lib\libctru.a(stack_adjust.o)
                0x00106dc8                __ctru_exit
 .text._ZL21addrMapNodeComparatorPK11rbtree_nodeS1_
                0x00106ddc       0x24 C:/devkitPro/libctru/lib\libctru.a(vram.o)
 .text._ZL21addrMapNodeDestructorP11rbtree_node
                0x00106e00        0x4 C:/devkitPro/libctru/lib\libctru.a(vram.o)
 .text.vramMemAlignAt
                0x00106e04      0x244 C:/devkitPro/libctru/lib\libctru.a(vram.o)
                0x00106e04                vramMemAlignAt
 .text.vramAlloc
                0x00107048        0xc C:/devkitPro/libctru/lib\libctru.a(vram.o)
                0x00107048                vramAlloc
 .text.vramFree
                0x00107054       0x90 C:/devkitPro/libctru/lib\libctru.a(vram.o)
                0x00107054                vramFree
 .text._ZL21addrMapNodeComparatorPK11rbtree_nodeS1_
                0x001070e4       0x24 C:/devkitPro/libctru/lib\libctru.a(linear.o)
 .text._ZL21addrMapNodeDestructorP11rbtree_node
                0x00107108        0x4 C:/devkitPro/libctru/lib\libctru.a(linear.o)
 .text.linearMemAlign
                0x0010710c      0x120 C:/devkitPro/libctru/lib\libctru.a(linear.o)
                0x0010710c                linearMemAlign
 .text.linearAlloc
                0x0010722c        0x8 C:/devkitPro/libctru/lib\libctru.a(linear.o)
                0x0010722c                linearAlloc
 .text.linearFree
                0x00107234       0x5c C:/devkitPro/libctru/lib\libctru.a(linear.o)
                0x00107234                linearFree
 .text._ZN7MemPool13CoalesceRightEP8MemBlock
                0x00107290       0x84 C:/devkitPro/libctru/lib\libctru.a(mem_pool.o)
                0x00107290                MemPool::CoalesceRight(MemBlock*)
 .text._ZN7MemPool8AllocateER8MemChunkmi
                0x00107314      0x150 C:/devkitPro/libctru/lib\libctru.a(mem_pool.o)
                0x00107314                MemPool::Allocate(MemChunk&, unsigned long, int)
 .text._ZN7MemPool10DeallocateERK8MemChunk
                0x00107464       0xfc C:/devkitPro/libctru/lib\libctru.a(mem_pool.o)
                0x00107464                MemPool::Deallocate(MemChunk const&)
 .text._ZN7MemPool12GetFreeSpaceEv
                0x00107560       0x30 C:/devkitPro/libctru/lib\libctru.a(mem_pool.o)
                0x00107560                MemPool::GetFreeSpace()
 .text.__sync_init
                0x00107590        0xc C:/devkitPro/libctru/lib\libctru.a(synchronization.o)
                0x00107590                __sync_init
 .text.__sync_fini
                0x0010759c       0x18 C:/devkitPro/libctru/lib\libctru.a(synchronization.o)
                0x0010759c                __sync_fini
 .text.syncArbitrateAddress
                0x001075b4       0x2c C:/devkitPro/libctru/lib\libctru.a(synchronization.o)
                0x001075b4                syncArbitrateAddress
 .text.LightLock_Lock
                0x001075e0       0xb0 C:/devkitPro/libctru/lib\libctru.a(synchronization.o)
                0x001075e0                LightLock_Lock
 .text.LightLock_Unlock
                0x00107690       0x40 C:/devkitPro/libctru/lib\libctru.a(synchronization.o)
                0x00107690                LightLock_Unlock
 .text.RecursiveLock_Lock
                0x001076d0       0x30 C:/devkitPro/libctru/lib\libctru.a(synchronization.o)
                0x001076d0                RecursiveLock_Lock
 .text.RecursiveLock_Unlock
                0x00107700       0x54 C:/devkitPro/libctru/lib\libctru.a(synchronization.o)
                0x00107700                RecursiveLock_Unlock
 .text.LightEvent_Init
                0x00107754       0x40 C:/devkitPro/libctru/lib\libctru.a(synchronization.o)
                0x00107754                LightEvent_Init
 .text.LightEvent_Clear
                0x00107794       0xa4 C:/devkitPro/libctru/lib\libctru.a(synchronization.o)
                0x00107794                LightEvent_Clear
 .text.LightEvent_Signal
                0x00107838       0xc8 C:/devkitPro/libctru/lib\libctru.a(synchronization.o)
                0x00107838                LightEvent_Signal
 .text.LightEvent_TryWait
                0x00107900       0x50 C:/devkitPro/libctru/lib\libctru.a(synchronization.o)
                0x00107900                LightEvent_TryWait
 .text.LightEvent_Wait
                0x00107950       0xa0 C:/devkitPro/libctru/lib\libctru.a(synchronization.o)
                0x00107950                LightEvent_Wait
 .text.envGetHandle
                0x001079f0       0x84 C:/devkitPro/libctru/lib\libctru.a(env.o)
                0x001079f0                envGetHandle
 .text.envDestroyHandles
                0x00107a74       0x50 C:/devkitPro/libctru/lib\libctru.a(env.o)
                0x00107a74                envDestroyHandles
 .text.__ctru_speedup_config
                0x00107ac4       0x34 C:/devkitPro/libctru/lib\libctru.a(os.o)
                0x00107ac4                __ctru_speedup_config
 .text.threadCreate
                0x00107af8      0x1d4 C:/devkitPro/libctru/lib\libctru.a(thread.o)
                0x00107af8                threadCreate
 .text.threadFree
                0x00107ccc       0x2c C:/devkitPro/libctru/lib\libctru.a(thread.o)
                0x00107ccc                threadFree
 .text.threadJoin
                0x00107cf8       0x24 C:/devkitPro/libctru/lib\libctru.a(thread.o)
                0x00107cf8                threadJoin
 .text.threadGetCurrent
                0x00107d1c       0x30 C:/devkitPro/libctru/lib\libctru.a(thread.o)
                0x00107d1c                threadGetCurrent
 .text.threadExit
                0x00107d4c       0x40 C:/devkitPro/libctru/lib\libctru.a(thread.o)
                0x00107d4c                threadExit
 .text._thread_begin
                0x00107d8c       0x20 C:/devkitPro/libctru/lib\libctru.a(thread.o)
 .text.mappableFindAddressWithin
                0x00107dac       0x90 C:/devkitPro/libctru/lib\libctru.a(mappable.o)
 .text.mappableInit
                0x00107e3c       0x28 C:/devkitPro/libctru/lib\libctru.a(mappable.o)
                0x00107e3c                mappableInit
 .text.mappableAlloc
                0x00107e64       0x80 C:/devkitPro/libctru/lib\libctru.a(mappable.o)
                0x00107e64                mappableAlloc
 .text.mappableFree
                0x00107ee4        0x4 C:/devkitPro/libctru/lib\libctru.a(mappable.o)
                0x00107ee4                mappableFree
 .text.irrstInit
                0x00107ee8      0x160 C:/devkitPro/libctru/lib\libctru.a(irrst.o)
                0x00107ee8                irrstInit
 .text.irrstExit
                0x00108048       0xcc C:/devkitPro/libctru/lib\libctru.a(irrst.o)
                0x00108048                irrstExit
 .text.irrstScanInput
                0x00108114       0xb4 C:/devkitPro/libctru/lib\libctru.a(irrst.o)
                0x00108114                irrstScanInput
 .text.irrstKeysHeld
                0x001081c8       0x24 C:/devkitPro/libctru/lib\libctru.a(irrst.o)
                0x001081c8                irrstKeysHeld
 .text.ptmSysmInit
                0x001081ec       0x74 C:/devkitPro/libctru/lib\libctru.a(ptmsysm.o)
                0x001081ec                ptmSysmInit
 .text.ptmSysmExit
                0x00108260       0x3c C:/devkitPro/libctru/lib\libctru.a(ptmsysm.o)
                0x00108260                ptmSysmExit
 .text.PTMSYSM_ConfigureNew3DSCPU
                0x0010829c       0x34 C:/devkitPro/libctru/lib\libctru.a(ptmsysm.o)
                0x0010829c                PTMSYSM_ConfigureNew3DSCPU
 .text.rbtree_init
                0x001082d0       0x10 C:/devkitPro/libctru/lib\libctru.a(rbtree_init.o)
                0x001082d0                rbtree_init
 .text.do_insert
                0x001082e0      0x19c C:/devkitPro/libctru/lib\libctru.a(rbtree_insert.o)
 .text.rbtree_insert
                0x0010847c        0x8 C:/devkitPro/libctru/lib\libctru.a(rbtree_insert.o)
                0x0010847c                rbtree_insert
 .text.rbtree_rotate
                0x00108484       0x90 C:/devkitPro/libctru/lib\libctru.a(rbtree_rotate.o)
                0x00108484                rbtree_rotate
 .text.rbtree_remove
                0x00108514      0x310 C:/devkitPro/libctru/lib\libctru.a(rbtree_remove.o)
                0x00108514                rbtree_remove
 .text.rbtree_find
                0x00108824       0x74 C:/devkitPro/libctru/lib\libctru.a(rbtree_find.o)
                0x00108824                rbtree_find
 .text.__appInit
                0x00108898       0x30 C:/devkitPro/libctru/lib\libctru.a(appInit.o)
                0x00108898                __appInit
 .text.__syscall_getreent
                0x001088c8       0x30 C:/devkitPro/libctru/lib\libctru.a(syscalls.o)
                0x001088c8                __syscall_getreent
 .text.__syscall_lock_acquire
                0x001088f8        0x4 C:/devkitPro/libctru/lib\libctru.a(syscalls.o)
                0x001088f8                __syscall_lock_acquire
 .text.__syscall_lock_release
                0x001088fc        0x4 C:/devkitPro/libctru/lib\libctru.a(syscalls.o)
                0x001088fc                __syscall_lock_release
 .text.__syscall_lock_acquire_recursive
                0x00108900        0x4 C:/devkitPro/libctru/lib\libctru.a(syscalls.o)
                0x00108900                __syscall_lock_acquire_recursive
 .text.__syscall_lock_release_recursive
                0x00108904        0x4 C:/devkitPro/libctru/lib\libctru.a(syscalls.o)
                0x00108904                __syscall_lock_release_recursive
 .text.__syscall_exit
                0x00108908        0x4 C:/devkitPro/libctru/lib\libctru.a(syscalls.o)
                0x00108908                __syscall_exit
 .text.initThreadVars
                0x0010890c       0x50 C:/devkitPro/libctru/lib\libctru.a(syscalls.o)
                0x0010890c                initThreadVars
 .text.__system_initSyscalls
                0x0010895c       0x80 C:/devkitPro/libctru/lib\libctru.a(syscalls.o)
                0x0010895c                __system_initSyscalls
 *fill*         0x001089dc        0x4 
 .text.__system_allocateHeaps
                0x001089e0      0x1e0 C:/devkitPro/libctru/lib\libctru.a(allocateHeaps.o)
                0x001089e0                __system_allocateHeaps
 .text.__appExit
                0x00108bc0       0x30 C:/devkitPro/libctru/lib\libctru.a(appExit.o)
                0x00108bc0                __appExit
 .text.__libctru_exit
                0x00108bf0       0x90 C:/devkitPro/libctru/lib\libctru.a(ctru_exit.o)
                0x00108bf0                __libctru_exit
 .text.archive_link
                0x00108c80       0x14 C:/devkitPro/libctru/lib\libctru.a(archive_dev.o)
 .text.archive_dirreset
                0x00108c94       0x14 C:/devkitPro/libctru/lib\libctru.a(archive_dev.o)
 .text.archive_chmod
                0x00108ca8       0x14 C:/devkitPro/libctru/lib\libctru.a(archive_dev.o)
 .text.error_cmp
                0x00108cbc       0x24 C:/devkitPro/libctru/lib\libctru.a(archive_dev.o)
 .text.archive_translate_error
                0x00108ce0       0x50 C:/devkitPro/libctru/lib\libctru.a(archive_dev.o)
 .text.archive_seek
                0x00108d30       0xc4 C:/devkitPro/libctru/lib\libctru.a(archive_dev.o)
 .text._archiveInit.part.0
                0x00108df4       0x78 C:/devkitPro/libctru/lib\libctru.a(archive_dev.o)
 .text.archiveFindDevice.part.0
                0x00108e6c       0xc4 C:/devkitPro/libctru/lib\libctru.a(archive_dev.o)
 .text.archive_utf16path
                0x00108f30      0x290 C:/devkitPro/libctru/lib\libctru.a(archive_dev.o)
 .text._archiveUnmountDeviceStruct.part.0
                0x001091c0       0x9c C:/devkitPro/libctru/lib\libctru.a(archive_dev.o)
 .text.archive_statvfs
                0x0010925c       0x14 C:/devkitPro/libctru/lib\libctru.a(archive_dev.o)
 .text.archive_fchmod
                0x00109270       0x14 C:/devkitPro/libctru/lib\libctru.a(archive_dev.o)
 .text._archiveMountDevice
                0x00109284      0x168 C:/devkitPro/libctru/lib\libctru.a(archive_dev.o)
 .text.archive_diropen
                0x001093ec       0xe8 C:/devkitPro/libctru/lib\libctru.a(archive_dev.o)
 .text.archive_fstat
                0x001094d4       0xa4 C:/devkitPro/libctru/lib\libctru.a(archive_dev.o)
 .text.archive_fsync
                0x00109578       0x6c C:/devkitPro/libctru/lib\libctru.a(archive_dev.o)
 .text.archive_close
                0x001095e4       0x6c C:/devkitPro/libctru/lib\libctru.a(archive_dev.o)
 .text.archive_dirclose
                0x00109650       0x70 C:/devkitPro/libctru/lib\libctru.a(archive_dev.o)
 .text.sdmc_statvfs
                0x001096c0       0xe4 C:/devkitPro/libctru/lib\libctru.a(archive_dev.o)
 .text.archive_chdir
                0x001097a4       0xec C:/devkitPro/libctru/lib\libctru.a(archive_dev.o)
 .text.archive_ftruncate
                0x00109890       0x7c C:/devkitPro/libctru/lib\libctru.a(archive_dev.o)
 .text.archive_read
                0x0010990c       0xac C:/devkitPro/libctru/lib\libctru.a(archive_dev.o)
 .text.archive_unlink
                0x001099b8       0xa4 C:/devkitPro/libctru/lib\libctru.a(archive_dev.o)
 .text.archive_rmdir
                0x00109a5c       0xbc C:/devkitPro/libctru/lib\libctru.a(archive_dev.o)
 .text.archive_mkdir
                0x00109b18       0xdc C:/devkitPro/libctru/lib\libctru.a(archive_dev.o)
 .text.archive_stat
                0x00109bf4      0x194 C:/devkitPro/libctru/lib\libctru.a(archive_dev.o)
 .text.archive_dirnext
                0x00109d88      0x15c C:/devkitPro/libctru/lib\libctru.a(archive_dev.o)
 .text.archive_write
                0x00109ee4      0x124 C:/devkitPro/libctru/lib\libctru.a(archive_dev.o)
 .text.archive_open
                0x0010a008      0x210 C:/devkitPro/libctru/lib\libctru.a(archive_dev.o)
 .text.archive_rename
                0x0010a218      0x268 C:/devkitPro/libctru/lib\libctru.a(archive_dev.o)
 .text.archiveMountSdmc
                0x0010a480      0x19c C:/devkitPro/libctru/lib\libctru.a(archive_dev.o)
                0x0010a480                archiveMountSdmc
 .text.archiveUnmountAll
                0x0010a61c       0x54 C:/devkitPro/libctru/lib\libctru.a(archive_dev.o)
                0x0010a61c                archiveUnmountAll
 .text.rbtree_node_next
                0x0010a670       0x5c C:/devkitPro/libctru/lib\libctru.a(rbtree_iterator.o)
                0x0010a670                rbtree_node_next
 .text.utf16_to_utf8
                0x0010a6cc       0xe8 C:/devkitPro/libctru/lib\libctru.a(utf16_to_utf8.o)
                0x0010a6cc                utf16_to_utf8
 .text.decode_utf16
                0x0010a7b4       0x64 C:/devkitPro/libctru/lib\libctru.a(decode_utf16.o)
                0x0010a7b4                decode_utf16
 .text.decode_utf8
                0x0010a818      0x13c C:/devkitPro/libctru/lib\libctru.a(decode_utf8.o)
                0x0010a818                decode_utf8
 .text.utf8_to_utf16
                0x0010a954       0xc0 C:/devkitPro/libctru/lib\libctru.a(utf8_to_utf16.o)
                0x0010a954                utf8_to_utf16
 .text.__aeabi_read_tp
                0x0010aa14        0xc C:/devkitPro/libctru/lib\libctru.a(readtp.o)
                0x0010aa14                __aeabi_read_tp
 .text.encode_utf16
                0x0010aa20       0x54 C:/devkitPro/libctru/lib\libctru.a(encode_utf16.o)
                0x0010aa20                encode_utf16
 .text.encode_utf8
                0x0010aa74       0xe0 C:/devkitPro/libctru/lib\libctru.a(encode_utf8.o)
                0x0010aa74                encode_utf8
 .text.__udivmoddi4
                0x0010ab54      0x120 C:/devkitPro/devkitARM/bin/../lib/gcc/arm-none-eabi/14.2.0/armv6k/fpu\libgcc.a(_udivmoddi4.o)
                0x0010ab54                __udivmoddi4
 .text.strncmp  0x0010ac74       0xd8 C:/devkitPro/devkitARM/bin/../lib/gcc/arm-none-eabi/14.2.0/../../../../arm-none-eabi/lib/armv6k/fpu\libg.a(libc_a-strncmp.o)
                0x0010ac74                strncmp
 .text.strlen   0x0010ad4c       0x5c C:/devkitPro/devkitARM/bin/../lib/gcc/arm-none-eabi/14.2.0/../../../../arm-none-eabi/lib/armv6k/fpu\libg.a(libc_a-strlen-stub.o)
                0x0010ad4c                strlen
 .text._fwrite_r
                0x0010ada8       0xf4 C:/devkitPro/devkitARM/bin/../lib/gcc/arm-none-eabi/14.2.0/../../../../arm-none-eabi/lib/armv6k/fpu\libg.a(libc_a-fwrite.o)
                0x0010ada8                _fwrite_r
 .text.fwrite   0x0010ae9c       0x38 C:/devkitPro/devkitARM/bin/../lib/gcc/arm-none-eabi/14.2.0/../../../../arm-none-eabi/lib/armv6k/fpu\libg.a(libc_a-fwrite.o)
                0x0010ae9c                fwrite
 .text.__sfvwrite_r
                0x0010aed4      0x480 C:/devkitPro/devkitARM/bin/../lib/gcc/arm-none-eabi/14.2.0/../../../../arm-none-eabi/lib/armv6k/fpu\libg.a(libc_a-fvwrite.o)
                0x0010aed4                __sfvwrite_r
 .text.memchr   0x0010b354       0xe0 C:/devkitPro/devkitARM/bin/../lib/gcc/arm-none-eabi/14.2.0/../../../../arm-none-eabi/lib/armv6k/fpu\libg.a(libc_a-memchr-stub.o)
                0x0010b354                memchr
 .text.rename   0x0010b434       0x20 C:/devkitPro/devkitARM/bin/../lib/gcc/arm-none-eabi/14.2.0/../../../../arm-none-eabi/lib/armv6k/fpu\libg.a(libc_a-rename.o)
                0x0010b434                rename
 .text._strtoul_l.isra.0
                0x0010b454      0x1e4 C:/devkitPro/devkitARM/bin/../lib/gcc/arm-none-eabi/14.2.0/../../../../arm-none-eabi/lib/armv6k/fpu\libg.a(libc_a-strtoul.o)
 .text._strtoul_r
                0x0010b638       0x30 C:/devkitPro/devkitARM/bin/../lib/gcc/arm-none-eabi/14.2.0/../../../../arm-none-eabi/lib/armv6k/fpu\libg.a(libc_a-strtoul.o)
                0x0010b638                _strtoul_r
 .text.strtoul  0x0010b668       0x34 C:/devkitPro/devkitARM/bin/../lib/gcc/arm-none-eabi/14.2.0/../../../../arm-none-eabi/lib/armv6k/fpu\libg.a(libc_a-strtoul.o)
                0x0010b668                strtoul
 .text.strncat  0x0010b69c       0xe4 C:/devkitPro/devkitARM/bin/../lib/gcc/arm-none-eabi/14.2.0/../../../../arm-none-eabi/lib/armv6k/fpu\libg.a(libc_a-strncat.o)
                0x0010b69c                strncat
 .text.bsearch  0x0010b780       0x78 C:/devkitPro/devkitARM/bin/../lib/gcc/arm-none-eabi/14.2.0/../../../../arm-none-eabi/lib/armv6k/fpu\libg.a(libc_a-bsearch.o)
                0x0010b780                bsearch
 .text._fread_r
                0x0010b7f8      0x344 C:/devkitPro/devkitARM/bin/../lib/gcc/arm-none-eabi/14.2.0/../../../../arm-none-eabi/lib/armv6k/fpu\libg.a(libc_a-fread.o)
                0x0010b7f8                _fread_r
 .text.fread    0x0010bb3c       0x38 C:/devkitPro/devkitARM/bin/../lib/gcc/arm-none-eabi/14.2.0/../../../../arm-none-eabi/lib/armv6k/fpu\libg.a(libc_a-fread.o)
                0x0010bb3c                fread
 .text.qsort    0x0010bb74      0x96c C:/devkitPro/devkitARM/bin/../lib/gcc/arm-none-eabi/14.2.0/../../../../arm-none-eabi/lib/armv6k/fpu\libg.a(libc_a-qsort.o)
                0x0010bb74                qsort
 .text.lflush   0x0010c4e0       0x38 C:/devkitPro/devkitARM/bin/../lib/gcc/arm-none-eabi/14.2.0/../../../../arm-none-eabi/lib/armv6k/fpu\libg.a(libc_a-refill.o)
 .text.__srefill_r
                0x0010c518      0x19c C:/devkitPro/devkitARM/bin/../lib/gcc/arm-none-eabi/14.2.0/../../../../arm-none-eabi/lib/armv6k/fpu\libg.a(libc_a-refill.o)
                0x0010c518                __srefill_r
 .text._fclose_r
                0x0010c6b4      0x148 C:/devkitPro/devkitARM/bin/../lib/gcc/arm-none-eabi/14.2.0/../../../../arm-none-eabi/lib/armv6k/fpu\libg.a(libc_a-fclose.o)
                0x0010c6b4                _fclose_r
 .text.fclose   0x0010c7fc       0x18 C:/devkitPro/devkitARM/bin/../lib/gcc/arm-none-eabi/14.2.0/../../../../arm-none-eabi/lib/armv6k/fpu\libg.a(libc_a-fclose.o)
                0x0010c7fc                fclose
 .text.fprintf  0x0010c814       0x3c C:/devkitPro/devkitARM/bin/../lib/gcc/arm-none-eabi/14.2.0/../../../../arm-none-eabi/lib/armv6k/fpu\libg.a(libc_a-fprintf.o)
                0x0010c814                fprintf
 .text.__smakebuf_r
                0x0010c850      0x144 C:/devkitPro/devkitARM/bin/../lib/gcc/arm-none-eabi/14.2.0/../../../../arm-none-eabi/lib/armv6k/fpu\libg.a(libc_a-makebuf.o)
                0x0010c850                __smakebuf_r
 .text.__swhatbuf_r
                0x0010c994       0x8c C:/devkitPro/devkitARM/bin/../lib/gcc/arm-none-eabi/14.2.0/../../../../arm-none-eabi/lib/armv6k/fpu\libg.a(libc_a-makebuf.o)
                0x0010c994                __swhatbuf_r
 .text.memalign
                0x0010ca20       0x20 C:/devkitPro/devkitARM/bin/../lib/gcc/arm-none-eabi/14.2.0/../../../../arm-none-eabi/lib/armv6k/fpu\libg.a(libc_a-malign.o)
                0x0010ca20                memalign
 .text.stdio_exit_handler
                0x0010ca40       0x1c C:/devkitPro/devkitARM/bin/../lib/gcc/arm-none-eabi/14.2.0/../../../../arm-none-eabi/lib/armv6k/fpu\libg.a(libc_a-findfp.o)
 .text.cleanup_stdio
                0x0010ca5c       0x5c C:/devkitPro/devkitARM/bin/../lib/gcc/arm-none-eabi/14.2.0/../../../../arm-none-eabi/lib/armv6k/fpu\libg.a(libc_a-findfp.o)
 .text.global_stdio_init.part.0
                0x0010cab8      0x154 C:/devkitPro/devkitARM/bin/../lib/gcc/arm-none-eabi/14.2.0/../../../../arm-none-eabi/lib/armv6k/fpu\libg.a(libc_a-findfp.o)
 .text.__sfp    0x0010cc0c      0x134 C:/devkitPro/devkitARM/bin/../lib/gcc/arm-none-eabi/14.2.0/../../../../arm-none-eabi/lib/armv6k/fpu\libg.a(libc_a-findfp.o)
                0x0010cc0c                __sfp
 .text.__sinit  0x0010cd40       0x5c C:/devkitPro/devkitARM/bin/../lib/gcc/arm-none-eabi/14.2.0/../../../../arm-none-eabi/lib/armv6k/fpu\libg.a(libc_a-findfp.o)
                0x0010cd40                __sinit
 .text.__sfp_lock_acquire
                0x0010cd9c        0xc C:/devkitPro/devkitARM/bin/../lib/gcc/arm-none-eabi/14.2.0/../../../../arm-none-eabi/lib/armv6k/fpu\libg.a(libc_a-findfp.o)
                0x0010cd9c                __sfp_lock_acquire
 .text.__sfp_lock_release
                0x0010cda8        0xc C:/devkitPro/devkitARM/bin/../lib/gcc/arm-none-eabi/14.2.0/../../../../arm-none-eabi/lib/armv6k/fpu\libg.a(libc_a-findfp.o)
                0x0010cda8                __sfp_lock_release
 .text._malloc_r
                0x0010cdb4      0x7e8 C:/devkitPro/devkitARM/bin/../lib/gcc/arm-none-eabi/14.2.0/../../../../arm-none-eabi/lib/armv6k/fpu\libg.a(libc_a-mallocr.o)
                0x0010cdb4                _malloc_r
 .text._malloc_trim_r
                0x0010d59c       0xf8 C:/devkitPro/devkitARM/bin/../lib/gcc/arm-none-eabi/14.2.0/../../../../arm-none-eabi/lib/armv6k/fpu\libg.a(libc_a-freer.o)
                0x0010d59c                _malloc_trim_r
 .text._free_r  0x0010d694      0x300 C:/devkitPro/devkitARM/bin/../lib/gcc/arm-none-eabi/14.2.0/../../../../arm-none-eabi/lib/armv6k/fpu\libg.a(libc_a-freer.o)
                0x0010d694                _free_r
 .text.remove   0x0010d994       0x58 C:/devkitPro/devkitARM/bin/../lib/gcc/arm-none-eabi/14.2.0/../../../../arm-none-eabi/lib/armv6k/fpu\libg.a(libc_a-remove.o)
                0x0010d994                remove
 .text.setvbuf  0x0010d9ec      0x294 C:/devkitPro/devkitARM/bin/../lib/gcc/arm-none-eabi/14.2.0/../../../../arm-none-eabi/lib/armv6k/fpu\libg.a(libc_a-setvbuf.o)
                0x0010d9ec                setvbuf
 .text.strnlen  0x0010dc80       0x4c C:/devkitPro/devkitARM/bin/../lib/gcc/arm-none-eabi/14.2.0/../../../../arm-none-eabi/lib/armv6k/fpu\libg.a(libc_a-strnlen.o)
                0x0010dc80                strnlen
 .text.__errno  0x0010dccc        0xc C:/devkitPro/devkitARM/bin/../lib/gcc/arm-none-eabi/14.2.0/../../../../arm-none-eabi/lib/armv6k/fpu\libg.a(libc_a-errno.o)
                0x0010dccc                __errno
 .text.malloc   0x0010dcd8       0x34 C:/devkitPro/devkitARM/bin/../lib/gcc/arm-none-eabi/14.2.0/../../../../arm-none-eabi/lib/armv6k/fpu\libg.a(libc_a-malloc.o)
                0x0010dcd8                malloc
 .text.free     0x0010dd0c       0x18 C:/devkitPro/devkitARM/bin/../lib/gcc/arm-none-eabi/14.2.0/../../../../arm-none-eabi/lib/armv6k/fpu\libg.a(libc_a-malloc.o)
                0x0010dd0c                free
 .text.memcpy   0x0010dd24      0x130 C:/devkitPro/devkitARM/bin/../lib/gcc/arm-none-eabi/14.2.0/../../../../arm-none-eabi/lib/armv6k/fpu\libg.a(libc_a-memcpy-stub.o)
                0x0010dd24                memcpy
 .text.printf   0x0010de54       0x34 C:/devkitPro/devkitARM/bin/../lib/gcc/arm-none-eabi/14.2.0/../../../../arm-none-eabi/lib/armv6k/fpu\libg.a(libc_a-printf.o)
                0x0010de54                printf
 .text.sscanf   0x0010de88       0x78 C:/devkitPro/devkitARM/bin/../lib/gcc/arm-none-eabi/14.2.0/../../../../arm-none-eabi/lib/armv6k/fpu\libg.a(libc_a-sscanf.o)
                0x0010de88                sscanf
 .text._fopen_r
                0x0010df00      0x134 C:/devkitPro/devkitARM/bin/../lib/gcc/arm-none-eabi/14.2.0/../../../../arm-none-eabi/lib/armv6k/fpu\libg.a(libc_a-fopen.o)
                0x0010df00                _fopen_r
 .text.fopen    0x0010e034       0x20 C:/devkitPro/devkitARM/bin/../lib/gcc/arm-none-eabi/14.2.0/../../../../arm-none-eabi/lib/armv6k/fpu\libg.a(libc_a-fopen.o)
                0x0010e034                fopen
 .text._puts_r  0x0010e054       0xe0 C:/devkitPro/devkitARM/bin/../lib/gcc/arm-none-eabi/14.2.0/../../../../arm-none-eabi/lib/armv6k/fpu\libg.a(libc_a-puts.o)
                0x0010e054                _puts_r
 .text.puts     0x0010e134       0x18 C:/devkitPro/devkitARM/bin/../lib/gcc/arm-none-eabi/14.2.0/../../../../arm-none-eabi/lib/armv6k/fpu\libg.a(libc_a-puts.o)
                0x0010e134                puts
 .text.critical_factorization
                0x0010e14c      0x128 C:/devkitPro/devkitARM/bin/../lib/gcc/arm-none-eabi/14.2.0/../../../../arm-none-eabi/lib/armv6k/fpu\libg.a(libc_a-strstr.o)
 .text.two_way_long_needle
                0x0010e274      0x35c C:/devkitPro/devkitARM/bin/../lib/gcc/arm-none-eabi/14.2.0/../../../../arm-none-eabi/lib/armv6k/fpu\libg.a(libc_a-strstr.o)
 .text.strstr   0x0010e5d0      0x23c C:/devkitPro/devkitARM/bin/../lib/gcc/arm-none-eabi/14.2.0/../../../../arm-none-eabi/lib/armv6k/fpu\libg.a(libc_a-strstr.o)
                0x0010e5d0                strstr
 .text.memset   0x0010e80c       0xe8 C:/devkitPro/devkitARM/bin/../lib/gcc/arm-none-eabi/14.2.0/../../../../arm-none-eabi/lib/armv6k/fpu\libg.a(libc_a-memset.o)
                0x0010e80c                memset
 .text.fputc    0x0010e8f4       0x94 C:/devkitPro/devkitARM/bin/../lib/gcc/arm-none-eabi/14.2.0/../../../../arm-none-eabi/lib/armv6k/fpu\libg.a(libc_a-fputc.o)
                0x0010e8f4                fputc
 .text._realloc_r
                0x0010e988      0x4a4 C:/devkitPro/devkitARM/bin/../lib/gcc/arm-none-eabi/14.2.0/../../../../arm-none-eabi/lib/armv6k/fpu\libg.a(libc_a-reallocr.o)
                0x0010e988                _realloc_r
 .text._fwalk_sglue
                0x0010ee2c       0x70 C:/devkitPro/devkitARM/bin/../lib/gcc/arm-none-eabi/14.2.0/../../../../arm-none-eabi/lib/armv6k/fpu\libg.a(libc_a-fwalk.o)
                0x0010ee2c                _fwalk_sglue
 .text.__malloc_lock
                0x0010ee9c        0xc C:/devkitPro/devkitARM/bin/../lib/gcc/arm-none-eabi/14.2.0/../../../../arm-none-eabi/lib/armv6k/fpu\libg.a(libc_a-mlock.o)
                0x0010ee9c                __malloc_lock
 .text.__malloc_unlock
                0x0010eea8        0xc C:/devkitPro/devkitARM/bin/../lib/gcc/arm-none-eabi/14.2.0/../../../../arm-none-eabi/lib/armv6k/fpu\libg.a(libc_a-mlock.o)
                0x0010eea8                __malloc_unlock
 .text.stat     0x0010eeb4       0x20 C:/devkitPro/devkitARM/bin/../lib/gcc/arm-none-eabi/14.2.0/../../../../arm-none-eabi/lib/armv6k/fpu\libg.a(libc_a-sysstat.o)
                0x0010eeb4                stat
 .text.strcpy   0x0010eed4       0xf0 C:/devkitPro/devkitARM/bin/../lib/gcc/arm-none-eabi/14.2.0/../../../../arm-none-eabi/lib/armv6k/fpu\libg.a(libc_a-strcpy.o)
                0x0010eed4                strcpy
 .text.__call_exitprocs
                0x0010efc4        0x4 C:/devkitPro/devkitARM/bin/../lib/gcc/arm-none-eabi/14.2.0/../../../../arm-none-eabi/lib/armv6k/fpu\libg.a(libc_a-exit.o)
                0x0010efc4                __call_exitprocs
 .text.exit     0x0010efc8       0x30 C:/devkitPro/devkitARM/bin/../lib/gcc/arm-none-eabi/14.2.0/../../../../arm-none-eabi/lib/armv6k/fpu\libg.a(libc_a-exit.o)
                0x0010efc8                exit
 .text.get_arg  0x0010eff8       0x50 C:/devkitPro/devkitARM/bin/../lib/gcc/arm-none-eabi/14.2.0/../../../../arm-none-eabi/lib/armv6k/fpu\libg.a(libc_a-svfscanf.o)
 .text.__ssvfscanf_r
                0x0010f048     0x2b4c C:/devkitPro/devkitARM/bin/../lib/gcc/arm-none-eabi/14.2.0/../../../../arm-none-eabi/lib/armv6k/fpu\libg.a(libc_a-svfscanf.o)
                0x0010f048                __ssvfscanf_r
 .text._fseek_r
                0x00111b94       0x1c C:/devkitPro/devkitARM/bin/../lib/gcc/arm-none-eabi/14.2.0/../../../../arm-none-eabi/lib/armv6k/fpu\libg.a(libc_a-fseek.o)
                0x00111b94                _fseek_r
 .text.snprintf
                0x00111bb0       0xd4 C:/devkitPro/devkitARM/bin/../lib/gcc/arm-none-eabi/14.2.0/../../../../arm-none-eabi/lib/armv6k/fpu\libg.a(libc_a-snprintf.o)
                0x00111bb0                snprintf
 .text.strncpy  0x00111c84       0xc4 C:/devkitPro/devkitARM/bin/../lib/gcc/arm-none-eabi/14.2.0/../../../../arm-none-eabi/lib/armv6k/fpu\libg.a(libc_a-strncpy.o)
                0x00111c84                strncpy
 .text._strtoull_l.isra.0
                0x00111d48      0x264 C:/devkitPro/devkitARM/bin/../lib/gcc/arm-none-eabi/14.2.0/../../../../arm-none-eabi/lib/armv6k/fpu\libg.a(libc_a-strtoull.o)
 .text._strtoull_r
                0x00111fac       0x30 C:/devkitPro/devkitARM/bin/../lib/gcc/arm-none-eabi/14.2.0/../../../../arm-none-eabi/lib/armv6k/fpu\libg.a(libc_a-strtoull.o)
                0x00111fac                _strtoull_r
 .text._perror_r
                0x00111fdc      0x1e0 C:/devkitPro/devkitARM/bin/../lib/gcc/arm-none-eabi/14.2.0/../../../../arm-none-eabi/lib/armv6k/fpu\libg.a(libc_a-perror.o)
                0x00111fdc                _perror_r
 .text.perror   0x001121bc       0x18 C:/devkitPro/devkitARM/bin/../lib/gcc/arm-none-eabi/14.2.0/../../../../arm-none-eabi/lib/armv6k/fpu\libg.a(libc_a-perror.o)
                0x001121bc                perror
 .text.__sflags
                0x001121d4       0xb4 C:/devkitPro/devkitARM/bin/../lib/gcc/arm-none-eabi/14.2.0/../../../../arm-none-eabi/lib/armv6k/fpu\libg.a(libc_a-flags.o)
                0x001121d4                __sflags
 .text._mbrtowc_r
                0x00112288       0xb4 C:/devkitPro/devkitARM/bin/../lib/gcc/arm-none-eabi/14.2.0/../../../../arm-none-eabi/lib/armv6k/fpu\libg.a(libc_a-mbrtowc.o)
                0x00112288                _mbrtowc_r
 .text.__libc_init_array
                0x0011233c       0x84 C:/devkitPro/devkitARM/bin/../lib/gcc/arm-none-eabi/14.2.0/../../../../arm-none-eabi/lib/armv6k/fpu\libg.a(libc_a-init.o)
                0x0011233c                __libc_init_array
 .text.__swsetup_r
                0x001123c0      0x194 C:/devkitPro/devkitARM/bin/../lib/gcc/arm-none-eabi/14.2.0/../../../../arm-none-eabi/lib/armv6k/fpu\libg.a(libc_a-wsetup.o)
                0x001123c0                __swsetup_r
 .text.__sflush_r
                0x00112554      0x228 C:/devkitPro/devkitARM/bin/../lib/gcc/arm-none-eabi/14.2.0/../../../../arm-none-eabi/lib/armv6k/fpu\libg.a(libc_a-fflush.o)
                0x00112554                __sflush_r
 .text._fflush_r
                0x0011277c       0x94 C:/devkitPro/devkitARM/bin/../lib/gcc/arm-none-eabi/14.2.0/../../../../arm-none-eabi/lib/armv6k/fpu\libg.a(libc_a-fflush.o)
                0x0011277c                _fflush_r
 .text.nanf     0x00112810        0xc C:/devkitPro/devkitARM/bin/../lib/gcc/arm-none-eabi/14.2.0/../../../../arm-none-eabi/lib/armv6k/fpu\libg.a(libm_a-sf_nan.o)
                0x00112810                nanf
 .text.strchr   0x0011281c      0x130 C:/devkitPro/devkitARM/bin/../lib/gcc/arm-none-eabi/14.2.0/../../../../arm-none-eabi/lib/armv6k/fpu\libg.a(libc_a-strchr.o)
                0x0011281c                strchr
 .text.memmove  0x0011294c      0x160 C:/devkitPro/devkitARM/bin/../lib/gcc/arm-none-eabi/14.2.0/../../../../arm-none-eabi/lib/armv6k/fpu\libg.a(libc_a-memmove.o)
                0x0011294c                memmove
 .text._strerror_r
                0x00112aac      0x414 C:/devkitPro/devkitARM/bin/../lib/gcc/arm-none-eabi/14.2.0/../../../../arm-none-eabi/lib/armv6k/fpu\libg.a(libc_a-strerror.o)
                0x00112aac                _strerror_r
 .text._user_strerror
                0x00112ec0        0x8 C:/devkitPro/devkitARM/bin/../lib/gcc/arm-none-eabi/14.2.0/../../../../arm-none-eabi/lib/armv6k/fpu\libg.a(libc_a-u_strerr.o)
                0x00112ec0                _user_strerror
 .text._strtoll_l.isra.0
                0x00112ec8      0x47c C:/devkitPro/devkitARM/bin/../lib/gcc/arm-none-eabi/14.2.0/../../../../arm-none-eabi/lib/armv6k/fpu\libg.a(libc_a-strtoll.o)
 .text._strtoll_r
                0x00113344       0x30 C:/devkitPro/devkitARM/bin/../lib/gcc/arm-none-eabi/14.2.0/../../../../arm-none-eabi/lib/armv6k/fpu\libg.a(libc_a-strtoll.o)
                0x00113344                _strtoll_r
 .text.__locale_mb_cur_max
                0x00113374       0x24 C:/devkitPro/devkitARM/bin/../lib/gcc/arm-none-eabi/14.2.0/../../../../arm-none-eabi/lib/armv6k/fpu\libg.a(libc_a-locale.o)
                0x00113374                __locale_mb_cur_max
 .text.sulp     0x00113398       0x64 C:/devkitPro/devkitARM/bin/../lib/gcc/arm-none-eabi/14.2.0/../../../../arm-none-eabi/lib/armv6k/fpu\libg.a(libc_a-strtod.o)
 *fill*         0x001133fc        0x4 
 .text._strtod_l
                0x00113400     0x13f0 C:/devkitPro/devkitARM/bin/../lib/gcc/arm-none-eabi/14.2.0/../../../../arm-none-eabi/lib/armv6k/fpu\libg.a(libc_a-strtod.o)
                0x00113400                _strtod_l
 .text._strtod_r
                0x001147f0       0x3c C:/devkitPro/devkitARM/bin/../lib/gcc/arm-none-eabi/14.2.0/../../../../arm-none-eabi/lib/armv6k/fpu\libg.a(libc_a-strtod.o)
                0x001147f0                _strtod_r
 .text.sprintf  0x0011482c       0x68 C:/devkitPro/devkitARM/bin/../lib/gcc/arm-none-eabi/14.2.0/../../../../arm-none-eabi/lib/armv6k/fpu\libg.a(libc_a-sprintf.o)
                0x0011482c                sprintf
 .text._memalign_r
                0x00114894      0x150 C:/devkitPro/devkitARM/bin/../lib/gcc/arm-none-eabi/14.2.0/../../../../arm-none-eabi/lib/armv6k/fpu\libg.a(libc_a-malignr.o)
                0x00114894                _memalign_r
 .text._sungetc_r
                0x001149e4       0xe0 C:/devkitPro/devkitARM/bin/../lib/gcc/arm-none-eabi/14.2.0/../../../../arm-none-eabi/lib/armv6k/fpu\libg.a(libc_a-svfiscanf.o)
                0x001149e4                _sungetc_r
 .text.__ssrefill_r
                0x00114ac4       0x6c C:/devkitPro/devkitARM/bin/../lib/gcc/arm-none-eabi/14.2.0/../../../../arm-none-eabi/lib/armv6k/fpu\libg.a(libc_a-svfiscanf.o)
                0x00114ac4                __ssrefill_r
 .text._sfread_r
                0x00114b30       0xc4 C:/devkitPro/devkitARM/bin/../lib/gcc/arm-none-eabi/14.2.0/../../../../arm-none-eabi/lib/armv6k/fpu\libg.a(libc_a-svfiscanf.o)
                0x00114b30                _sfread_r
 .text.rshift   0x00114bf4       0xf4 C:/devkitPro/devkitARM/bin/../lib/gcc/arm-none-eabi/14.2.0/../../../../arm-none-eabi/lib/armv6k/fpu\libg.a(libc_a-gdtoa-gethex.o)
 .text.__gethex
                0x00114ce8      0x8e8 C:/devkitPro/devkitARM/bin/../lib/gcc/arm-none-eabi/14.2.0/../../../../arm-none-eabi/lib/armv6k/fpu\libg.a(libc_a-gdtoa-gethex.o)
                0x00114ce8                __gethex
 .text.memcmp   0x001155d0       0xd4 C:/devkitPro/devkitARM/bin/../lib/gcc/arm-none-eabi/14.2.0/../../../../arm-none-eabi/lib/armv6k/fpu\libg.a(libc_a-memcmp.o)
                0x001155d0                memcmp
 .text.__utf8_mbtowc
                0x001156a4      0x324 C:/devkitPro/devkitARM/bin/../lib/gcc/arm-none-eabi/14.2.0/../../../../arm-none-eabi/lib/armv6k/fpu\libg.a(libc_a-mbtowc_r.o)
                0x001156a4                __utf8_mbtowc
 .text.__libc_fini_array
                0x001159c8       0x3c C:/devkitPro/devkitARM/bin/../lib/gcc/arm-none-eabi/14.2.0/../../../../arm-none-eabi/lib/armv6k/fpu\libg.a(libc_a-fini.o)
                0x001159c8                __libc_fini_array
 .text._fseeko_r
                0x00115a04      0x58c C:/devkitPro/devkitARM/bin/../lib/gcc/arm-none-eabi/14.2.0/../../../../arm-none-eabi/lib/armv6k/fpu\libg.a(libc_a-fseeko.o)
                0x00115a04                _fseeko_r
 .text.__sread  0x00115f90       0x44 C:/devkitPro/devkitARM/bin/../lib/gcc/arm-none-eabi/14.2.0/../../../../arm-none-eabi/lib/armv6k/fpu\libg.a(libc_a-stdio.o)
                0x00115f90                __sread
 .text.__seofread
                0x00115fd4        0x8 C:/devkitPro/devkitARM/bin/../lib/gcc/arm-none-eabi/14.2.0/../../../../arm-none-eabi/lib/armv6k/fpu\libg.a(libc_a-stdio.o)
                0x00115fd4                __seofread
 .text.__swrite
                0x00115fdc       0x68 C:/devkitPro/devkitARM/bin/../lib/gcc/arm-none-eabi/14.2.0/../../../../arm-none-eabi/lib/armv6k/fpu\libg.a(libc_a-stdio.o)
                0x00115fdc                __swrite
 .text.__sseek  0x00116044       0x40 C:/devkitPro/devkitARM/bin/../lib/gcc/arm-none-eabi/14.2.0/../../../../arm-none-eabi/lib/armv6k/fpu\libg.a(libc_a-stdio.o)
                0x00116044                __sseek
 .text.__sclose
                0x00116084        0x8 C:/devkitPro/devkitARM/bin/../lib/gcc/arm-none-eabi/14.2.0/../../../../arm-none-eabi/lib/armv6k/fpu\libg.a(libc_a-stdio.o)
                0x00116084                __sclose
 .text.iswspace
                0x0011608c        0x8 C:/devkitPro/devkitARM/bin/../lib/gcc/arm-none-eabi/14.2.0/../../../../arm-none-eabi/lib/armv6k/fpu\libg.a(libc_a-iswspace.o)
                0x0011608c                iswspace
 .text.__sccl   0x00116094       0xf0 C:/devkitPro/devkitARM/bin/../lib/gcc/arm-none-eabi/14.2.0/../../../../arm-none-eabi/lib/armv6k/fpu\libg.a(libc_a-sccl.o)
                0x00116094                __sccl
 .text._localeconv_r
                0x00116184       0x24 C:/devkitPro/devkitARM/bin/../lib/gcc/arm-none-eabi/14.2.0/../../../../arm-none-eabi/lib/armv6k/fpu\libg.a(libc_a-localeconv.o)
                0x00116184                _localeconv_r
 .text.get_arg  0x001161a8      0x5e4 C:/devkitPro/devkitARM/bin/../lib/gcc/arm-none-eabi/14.2.0/../../../../arm-none-eabi/lib/armv6k/fpu\libg.a(libc_a-vfprintf.o)
 *fill*         0x0011678c        0x4 
 .text._vfprintf_r
                0x00116790     0x342c C:/devkitPro/devkitARM/bin/../lib/gcc/arm-none-eabi/14.2.0/../../../../arm-none-eabi/lib/armv6k/fpu\libg.a(libc_a-vfprintf.o)
                0x00116790                _vfprintf_r
 .text.__sbprintf
                0x00119bbc       0xb8 C:/devkitPro/devkitARM/bin/../lib/gcc/arm-none-eabi/14.2.0/../../../../arm-none-eabi/lib/armv6k/fpu\libg.a(libc_a-vfprintf.o)
 .text.realloc  0x00119c74       0x20 C:/devkitPro/devkitARM/bin/../lib/gcc/arm-none-eabi/14.2.0/../../../../arm-none-eabi/lib/armv6k/fpu\libg.a(libc_a-realloc.o)
                0x00119c74                realloc
 .text._putc_r  0x00119c94       0xdc C:/devkitPro/devkitARM/bin/../lib/gcc/arm-none-eabi/14.2.0/../../../../arm-none-eabi/lib/armv6k/fpu\libg.a(libc_a-putc.o)
                0x00119c94                _putc_r
 .text.quorem   0x00119d70      0x1b4 C:/devkitPro/devkitARM/bin/../lib/gcc/arm-none-eabi/14.2.0/../../../../arm-none-eabi/lib/armv6k/fpu\libg.a(libc_a-dtoa.o)
 *fill*         0x00119f24        0x4 
 .text._dtoa_r  0x00119f28     0x1370 C:/devkitPro/devkitARM/bin/../lib/gcc/arm-none-eabi/14.2.0/../../../../arm-none-eabi/lib/armv6k/fpu\libg.a(libc_a-dtoa.o)
                0x00119f28                _dtoa_r
 .text._wcrtomb_r
                0x0011b298       0xa0 C:/devkitPro/devkitARM/bin/../lib/gcc/arm-none-eabi/14.2.0/../../../../arm-none-eabi/lib/armv6k/fpu\libg.a(libc_a-wcrtomb.o)
                0x0011b298                _wcrtomb_r
 .text.get_arg  0x0011b338      0x5e4 C:/devkitPro/devkitARM/bin/../lib/gcc/arm-none-eabi/14.2.0/../../../../arm-none-eabi/lib/armv6k/fpu\libg.a(libc_a-svfprintf.o)
 *fill*         0x0011b91c        0x4 
 .text._svfprintf_r
                0x0011b920     0x335c C:/devkitPro/devkitARM/bin/../lib/gcc/arm-none-eabi/14.2.0/../../../../arm-none-eabi/lib/armv6k/fpu\libg.a(libc_a-svfprintf.o)
                0x0011b920                _svfprintf_r
 .text._strtol_l.part.0
                0x0011ec7c      0x344 C:/devkitPro/devkitARM/bin/../lib/gcc/arm-none-eabi/14.2.0/../../../../arm-none-eabi/lib/armv6k/fpu\libg.a(libc_a-strtol.o)
 .text._strtol_r
                0x0011efc0       0x60 C:/devkitPro/devkitARM/bin/../lib/gcc/arm-none-eabi/14.2.0/../../../../arm-none-eabi/lib/armv6k/fpu\libg.a(libc_a-strtol.o)
                0x0011efc0                _strtol_r
 .text.stpncpy  0x0011f020       0xdc C:/devkitPro/devkitARM/bin/../lib/gcc/arm-none-eabi/14.2.0/../../../../arm-none-eabi/lib/armv6k/fpu\libg.a(libc_a-stpncpy.o)
                0x0011f020                stpncpy
 .text.fileno   0x0011f0fc       0xac C:/devkitPro/devkitARM/bin/../lib/gcc/arm-none-eabi/14.2.0/../../../../arm-none-eabi/lib/armv6k/fpu\libg.a(libc_a-fileno.o)
                0x0011f0fc                fileno
 .text.__utf8_wctomb
                0x0011f1a8       0xf0 C:/devkitPro/devkitARM/bin/../lib/gcc/arm-none-eabi/14.2.0/../../../../arm-none-eabi/lib/armv6k/fpu\libg.a(libc_a-wctomb_r.o)
                0x0011f1a8                __utf8_wctomb
 .text._wcsrtombs_r
                0x0011f298       0x28 C:/devkitPro/devkitARM/bin/../lib/gcc/arm-none-eabi/14.2.0/../../../../arm-none-eabi/lib/armv6k/fpu\libg.a(libc_a-wcsrtombs.o)
                0x0011f298                _wcsrtombs_r
 .text.__match  0x0011f2c0       0x4c C:/devkitPro/devkitARM/bin/../lib/gcc/arm-none-eabi/14.2.0/../../../../arm-none-eabi/lib/armv6k/fpu\libg.a(libc_a-gdtoa-hexnan.o)
                0x0011f2c0                __match
 .text.__hexnan
                0x0011f30c      0x2a4 C:/devkitPro/devkitARM/bin/../lib/gcc/arm-none-eabi/14.2.0/../../../../arm-none-eabi/lib/armv6k/fpu\libg.a(libc_a-gdtoa-hexnan.o)
                0x0011f30c                __hexnan
 .text.nan      0x0011f5b0       0x10 C:/devkitPro/devkitARM/bin/../lib/gcc/arm-none-eabi/14.2.0/../../../../arm-none-eabi/lib/armv6k/fpu\libg.a(libm_a-s_nan.o)
                0x0011f5b0                nan
 .text.frexp    0x0011f5c0       0x88 C:/devkitPro/devkitARM/bin/../lib/gcc/arm-none-eabi/14.2.0/../../../../arm-none-eabi/lib/armv6k/fpu\libg.a(libm_a-s_frexp.o)
                0x0011f5c0                frexp
 .text.__submore
                0x0011f648       0xa8 C:/devkitPro/devkitARM/bin/../lib/gcc/arm-none-eabi/14.2.0/../../../../arm-none-eabi/lib/armv6k/fpu\libg.a(libc_a-ungetc.o)
                0x0011f648                __submore
 .text.__assert_func
                0x0011f6f0       0x5c C:/devkitPro/devkitARM/bin/../lib/gcc/arm-none-eabi/14.2.0/../../../../arm-none-eabi/lib/armv6k/fpu\libg.a(libc_a-assert.o)
                0x0011f6f0                __assert_func
 .text.iswspace_l
                0x0011f74c       0x38 C:/devkitPro/devkitARM/bin/../lib/gcc/arm-none-eabi/14.2.0/../../../../arm-none-eabi/lib/armv6k/fpu\libg.a(libc_a-iswspace_l.o)
                0x0011f74c                iswspace_l
 .text._Balloc  0x0011f784       0x88 C:/devkitPro/devkitARM/bin/../lib/gcc/arm-none-eabi/14.2.0/../../../../arm-none-eabi/lib/armv6k/fpu\libg.a(libc_a-mprec.o)
                0x0011f784                _Balloc
 .text._Bfree   0x0011f80c       0x1c C:/devkitPro/devkitARM/bin/../lib/gcc/arm-none-eabi/14.2.0/../../../../arm-none-eabi/lib/armv6k/fpu\libg.a(libc_a-mprec.o)
                0x0011f80c                _Bfree
 .text.__multadd
                0x0011f828       0xf4 C:/devkitPro/devkitARM/bin/../lib/gcc/arm-none-eabi/14.2.0/../../../../arm-none-eabi/lib/armv6k/fpu\libg.a(libc_a-mprec.o)
                0x0011f828                __multadd
 .text.__s2b    0x0011f91c      0x110 C:/devkitPro/devkitARM/bin/../lib/gcc/arm-none-eabi/14.2.0/../../../../arm-none-eabi/lib/armv6k/fpu\libg.a(libc_a-mprec.o)
                0x0011f91c                __s2b
 .text.__hi0bits
                0x0011fa2c       0x80 C:/devkitPro/devkitARM/bin/../lib/gcc/arm-none-eabi/14.2.0/../../../../arm-none-eabi/lib/armv6k/fpu\libg.a(libc_a-mprec.o)
                0x0011fa2c                __hi0bits
 .text.__lo0bits
                0x0011faac       0xf4 C:/devkitPro/devkitARM/bin/../lib/gcc/arm-none-eabi/14.2.0/../../../../arm-none-eabi/lib/armv6k/fpu\libg.a(libc_a-mprec.o)
                0x0011faac                __lo0bits
 .text.__i2b    0x0011fba0       0xa4 C:/devkitPro/devkitARM/bin/../lib/gcc/arm-none-eabi/14.2.0/../../../../arm-none-eabi/lib/armv6k/fpu\libg.a(libc_a-mprec.o)
                0x0011fba0                __i2b
 .text.__multiply
                0x0011fc44      0x208 C:/devkitPro/devkitARM/bin/../lib/gcc/arm-none-eabi/14.2.0/../../../../arm-none-eabi/lib/armv6k/fpu\libg.a(libc_a-mprec.o)
                0x0011fc44                __multiply
 .text.__pow5mult
                0x0011fe4c      0x130 C:/devkitPro/devkitARM/bin/../lib/gcc/arm-none-eabi/14.2.0/../../../../arm-none-eabi/lib/armv6k/fpu\libg.a(libc_a-mprec.o)
                0x0011fe4c                __pow5mult
 .text.__lshift
                0x0011ff7c      0x138 C:/devkitPro/devkitARM/bin/../lib/gcc/arm-none-eabi/14.2.0/../../../../arm-none-eabi/lib/armv6k/fpu\libg.a(libc_a-mprec.o)
                0x0011ff7c                __lshift
 .text.__mcmp   0x001200b4       0x58 C:/devkitPro/devkitARM/bin/../lib/gcc/arm-none-eabi/14.2.0/../../../../arm-none-eabi/lib/armv6k/fpu\libg.a(libc_a-mprec.o)
                0x001200b4                __mcmp
 .text.__mdiff  0x0012010c      0x1f0 C:/devkitPro/devkitARM/bin/../lib/gcc/arm-none-eabi/14.2.0/../../../../arm-none-eabi/lib/armv6k/fpu\libg.a(libc_a-mprec.o)
                0x0012010c                __mdiff
 .text.__ulp    0x001202fc       0x68 C:/devkitPro/devkitARM/bin/../lib/gcc/arm-none-eabi/14.2.0/../../../../arm-none-eabi/lib/armv6k/fpu\libg.a(libc_a-mprec.o)
                0x001202fc                __ulp
 .text.__b2d    0x00120364       0xd0 C:/devkitPro/devkitARM/bin/../lib/gcc/arm-none-eabi/14.2.0/../../../../arm-none-eabi/lib/armv6k/fpu\libg.a(libc_a-mprec.o)
                0x00120364                __b2d
 .text.__d2b    0x00120434      0x120 C:/devkitPro/devkitARM/bin/../lib/gcc/arm-none-eabi/14.2.0/../../../../arm-none-eabi/lib/armv6k/fpu\libg.a(libc_a-mprec.o)
                0x00120434                __d2b
 .text.__ratio  0x00120554       0x78 C:/devkitPro/devkitARM/bin/../lib/gcc/arm-none-eabi/14.2.0/../../../../arm-none-eabi/lib/armv6k/fpu\libg.a(libc_a-mprec.o)
                0x00120554                __ratio
 .text.__copybits
                0x001205cc       0x88 C:/devkitPro/devkitARM/bin/../lib/gcc/arm-none-eabi/14.2.0/../../../../arm-none-eabi/lib/armv6k/fpu\libg.a(libc_a-mprec.o)
                0x001205cc                __copybits
 .text.__any_on
                0x00120654       0x5c C:/devkitPro/devkitARM/bin/../lib/gcc/arm-none-eabi/14.2.0/../../../../arm-none-eabi/lib/armv6k/fpu\libg.a(libc_a-mprec.o)
                0x00120654                __any_on
 .text.__ssprint_r
                0x001206b0       0xa4 C:/devkitPro/devkitARM/bin/../lib/gcc/arm-none-eabi/14.2.0/../../../../arm-none-eabi/lib/armv6k/fpu\libg.a(libc_a-ssprint_r.o)
                0x001206b0                __ssprint_r
 .text.fiprintf
                0x00120754       0x3c C:/devkitPro/devkitARM/bin/../lib/gcc/arm-none-eabi/14.2.0/../../../../arm-none-eabi/lib/armv6k/fpu\libg.a(libc_a-fiprintf.o)
                0x00120754                fiprintf
 .text.__swbuf_r
                0x00120790      0x108 C:/devkitPro/devkitARM/bin/../lib/gcc/arm-none-eabi/14.2.0/../../../../arm-none-eabi/lib/armv6k/fpu\libg.a(libc_a-wbuf.o)
                0x00120790                __swbuf_r
 .text._wcsnrtombs_l
                0x00120898      0x160 C:/devkitPro/devkitARM/bin/../lib/gcc/arm-none-eabi/14.2.0/../../../../arm-none-eabi/lib/armv6k/fpu\libg.a(libc_a-wcsnrtombs.o)
                0x00120898                _wcsnrtombs_l
 .text._wcsnrtombs_r
                0x001209f8       0x64 C:/devkitPro/devkitARM/bin/../lib/gcc/arm-none-eabi/14.2.0/../../../../arm-none-eabi/lib/armv6k/fpu\libg.a(libc_a-wcsnrtombs.o)
                0x001209f8                _wcsnrtombs_r
 .text.__sprint_r
                0x00120a5c       0x30 C:/devkitPro/devkitARM/bin/../lib/gcc/arm-none-eabi/14.2.0/../../../../arm-none-eabi/lib/armv6k/fpu\libg.a(libc_a-sprint_r.o)
                0x00120a5c                __sprint_r
 .text.abort    0x00120a8c       0x14 C:/devkitPro/devkitARM/bin/../lib/gcc/arm-none-eabi/14.2.0/../../../../arm-none-eabi/lib/armv6k/fpu\libg.a(libc_a-abort.o)
                0x00120a8c                abort
 .text._calloc_r
                0x00120aa0       0xc0 C:/devkitPro/devkitARM/bin/../lib/gcc/arm-none-eabi/14.2.0/../../../../arm-none-eabi/lib/armv6k/fpu\libg.a(libc_a-callocr.o)
                0x00120aa0                _calloc_r
 .text.category
                0x00120b60       0x90 C:/devkitPro/devkitARM/bin/../lib/gcc/arm-none-eabi/14.2.0/../../../../arm-none-eabi/lib/armv6k/fpu\libg.a(libc_a-categories.o)
                0x00120b60                category
 .text.__ssputs_r
                0x00120bf0      0x128 C:/devkitPro/devkitARM/bin/../lib/gcc/arm-none-eabi/14.2.0/../../../../arm-none-eabi/lib/armv6k/fpu\libg.a(libc_a-ssputs_r.o)
                0x00120bf0                __ssputs_r
 .text._raise_r
                0x00120d18       0x90 C:/devkitPro/devkitARM/bin/../lib/gcc/arm-none-eabi/14.2.0/../../../../arm-none-eabi/lib/armv6k/fpu\libg.a(libc_a-signal.o)
                0x00120d18                _raise_r
 .text.raise    0x00120da8       0x18 C:/devkitPro/devkitARM/bin/../lib/gcc/arm-none-eabi/14.2.0/../../../../arm-none-eabi/lib/armv6k/fpu\libg.a(libc_a-signal.o)
                0x00120da8                raise
 .text.get_arg  0x00120dc0      0x5e4 C:/devkitPro/devkitARM/bin/../lib/gcc/arm-none-eabi/14.2.0/../../../../arm-none-eabi/lib/armv6k/fpu\libg.a(libc_a-vfiprintf.o)
 .text._vfiprintf_r
                0x001213a4     0x2264 C:/devkitPro/devkitARM/bin/../lib/gcc/arm-none-eabi/14.2.0/../../../../arm-none-eabi/lib/armv6k/fpu\libg.a(libc_a-vfiprintf.o)
                0x001213a4                _vfiprintf_r
 .text.__sbprintf
                0x00123608       0xb8 C:/devkitPro/devkitARM/bin/../lib/gcc/arm-none-eabi/14.2.0/../../../../arm-none-eabi/lib/armv6k/fpu\libg.a(libc_a-vfiprintf.o)
 .text._exit    0x001236c0       0x20 C:/devkitPro/devkitARM/bin/../lib/gcc/arm-none-eabi/14.2.0/../../../../arm-none-eabi/lib/armv6k/fpu\libsysbase.a(libsysbase_libsysbase_a-_exit.o)
                0x001236c0                _exit
 .text.chdir    0x001236e0      0x13c C:/devkitPro/devkitARM/bin/../lib/gcc/arm-none-eabi/14.2.0/../../../../arm-none-eabi/lib/armv6k/fpu\libsysbase.a(libsysbase_libsysbase_a-chdir.o)
                0x001236e0                chdir
 .text._concatenate_path
                0x0012381c      0x1cc C:/devkitPro/devkitARM/bin/../lib/gcc/arm-none-eabi/14.2.0/../../../../arm-none-eabi/lib/armv6k/fpu\libsysbase.a(libsysbase_libsysbase_a-concatenate.o)
                0x0012381c                _concatenate_path
 .text.__dirnext
                0x001239e8       0x68 C:/devkitPro/devkitARM/bin/../lib/gcc/arm-none-eabi/14.2.0/../../../../arm-none-eabi/lib/armv6k/fpu\libsysbase.a(libsysbase_libsysbase_a-dirent.o)
 .text.opendir  0x00123a50       0xf4 C:/devkitPro/devkitARM/bin/../lib/gcc/arm-none-eabi/14.2.0/../../../../arm-none-eabi/lib/armv6k/fpu\libsysbase.a(libsysbase_libsysbase_a-dirent.o)
                0x00123a50                opendir
 .text.closedir
                0x00123b44       0x90 C:/devkitPro/devkitARM/bin/../lib/gcc/arm-none-eabi/14.2.0/../../../../arm-none-eabi/lib/armv6k/fpu\libsysbase.a(libsysbase_libsysbase_a-dirent.o)
                0x00123b44                closedir
 .text.readdir_r
                0x00123bd4       0xec C:/devkitPro/devkitARM/bin/../lib/gcc/arm-none-eabi/14.2.0/../../../../arm-none-eabi/lib/armv6k/fpu\libsysbase.a(libsysbase_libsysbase_a-dirent.o)
                0x00123bd4                readdir_r
 .text.readdir  0x00123cc0       0x40 C:/devkitPro/devkitARM/bin/../lib/gcc/arm-none-eabi/14.2.0/../../../../arm-none-eabi/lib/armv6k/fpu\libsysbase.a(libsysbase_libsysbase_a-dirent.o)
                0x00123cc0                readdir
 .text._fstat_r
                0x00123d00       0x88 C:/devkitPro/devkitARM/bin/../lib/gcc/arm-none-eabi/14.2.0/../../../../arm-none-eabi/lib/armv6k/fpu\libsysbase.a(libsysbase_libsysbase_a-fstat.o)
                0x00123d00                _fstat_r
 .text._getpid_r
                0x00123d88       0x14 C:/devkitPro/devkitARM/bin/../lib/gcc/arm-none-eabi/14.2.0/../../../../arm-none-eabi/lib/armv6k/fpu\libsysbase.a(libsysbase_libsysbase_a-getpid.o)
                0x00123d88                _getpid_r
 .text.__getreent
                0x00123d9c       0x2c C:/devkitPro/devkitARM/bin/../lib/gcc/arm-none-eabi/14.2.0/../../../../arm-none-eabi/lib/armv6k/fpu\libsysbase.a(libsysbase_libsysbase_a-getreent.o)
                0x00123d9c                __getreent
 .text.__release_handle
                0x00123dc8       0x8c C:/devkitPro/devkitARM/bin/../lib/gcc/arm-none-eabi/14.2.0/../../../../arm-none-eabi/lib/armv6k/fpu\libsysbase.a(libsysbase_libsysbase_a-handle_manager.o)
                0x00123dc8                __release_handle
 .text.__alloc_handle
                0x00123e54       0xb0 C:/devkitPro/devkitARM/bin/../lib/gcc/arm-none-eabi/14.2.0/../../../../arm-none-eabi/lib/armv6k/fpu\libsysbase.a(libsysbase_libsysbase_a-handle_manager.o)
                0x00123e54                __alloc_handle
 .text.__get_handle
                0x00123f04       0x3c C:/devkitPro/devkitARM/bin/../lib/gcc/arm-none-eabi/14.2.0/../../../../arm-none-eabi/lib/armv6k/fpu\libsysbase.a(libsysbase_libsysbase_a-handle_manager.o)
                0x00123f04                __get_handle
 .text._close_r
                0x00123f40       0xf4 C:/devkitPro/devkitARM/bin/../lib/gcc/arm-none-eabi/14.2.0/../../../../arm-none-eabi/lib/armv6k/fpu\libsysbase.a(libsysbase_libsysbase_a-handle_manager.o)
                0x00123f40                _close_r
 .text.null_write
                0x00124034        0x8 C:/devkitPro/devkitARM/bin/../lib/gcc/arm-none-eabi/14.2.0/../../../../arm-none-eabi/lib/armv6k/fpu\libsysbase.a(libsysbase_libsysbase_a-iosupport.o)
 .text.setDefaultDevice
                0x0012403c       0x18 C:/devkitPro/devkitARM/bin/../lib/gcc/arm-none-eabi/14.2.0/../../../../arm-none-eabi/lib/armv6k/fpu\libsysbase.a(libsysbase_libsysbase_a-iosupport.o)
                0x0012403c                setDefaultDevice
 .text.FindDevice
                0x00124054       0xc8 C:/devkitPro/devkitARM/bin/../lib/gcc/arm-none-eabi/14.2.0/../../../../arm-none-eabi/lib/armv6k/fpu\libsysbase.a(libsysbase_libsysbase_a-iosupport.o)
                0x00124054                FindDevice
 .text.RemoveDevice
                0x0012411c       0x28 C:/devkitPro/devkitARM/bin/../lib/gcc/arm-none-eabi/14.2.0/../../../../arm-none-eabi/lib/armv6k/fpu\libsysbase.a(libsysbase_libsysbase_a-iosupport.o)
                0x0012411c                RemoveDevice
 .text.AddDevice
                0x00124144       0x98 C:/devkitPro/devkitARM/bin/../lib/gcc/arm-none-eabi/14.2.0/../../../../arm-none-eabi/lib/armv6k/fpu\libsysbase.a(libsysbase_libsysbase_a-iosupport.o)
                0x00124144                AddDevice
 .text.GetDeviceOpTab
                0x001241dc       0x20 C:/devkitPro/devkitARM/bin/../lib/gcc/arm-none-eabi/14.2.0/../../../../arm-none-eabi/lib/armv6k/fpu\libsysbase.a(libsysbase_libsysbase_a-iosupport.o)
                0x001241dc                GetDeviceOpTab
 .text._isatty_r
                0x001241fc        0x8 C:/devkitPro/devkitARM/bin/../lib/gcc/arm-none-eabi/14.2.0/../../../../arm-none-eabi/lib/armv6k/fpu\libsysbase.a(libsysbase_libsysbase_a-isatty.o)
                0x001241fc                _isatty_r
 .text._kill_r  0x00124204       0x14 C:/devkitPro/devkitARM/bin/../lib/gcc/arm-none-eabi/14.2.0/../../../../arm-none-eabi/lib/armv6k/fpu\libsysbase.a(libsysbase_libsysbase_a-kill.o)
                0x00124204                _kill_r
 .text._lseek_r
                0x00124218       0x8c C:/devkitPro/devkitARM/bin/../lib/gcc/arm-none-eabi/14.2.0/../../../../arm-none-eabi/lib/armv6k/fpu\libsysbase.a(libsysbase_libsysbase_a-lseek.o)
                0x00124218                _lseek_r
 .text.mkdir    0x001242a4       0x60 C:/devkitPro/devkitARM/bin/../lib/gcc/arm-none-eabi/14.2.0/../../../../arm-none-eabi/lib/armv6k/fpu\libsysbase.a(libsysbase_libsysbase_a-mkdir.o)
                0x001242a4                mkdir
 .text._open_r  0x00124304       0xbc C:/devkitPro/devkitARM/bin/../lib/gcc/arm-none-eabi/14.2.0/../../../../arm-none-eabi/lib/armv6k/fpu\libsysbase.a(libsysbase_libsysbase_a-open.o)
                0x00124304                _open_r
 .text._read_r  0x001243c0       0x88 C:/devkitPro/devkitARM/bin/../lib/gcc/arm-none-eabi/14.2.0/../../../../arm-none-eabi/lib/armv6k/fpu\libsysbase.a(libsysbase_libsysbase_a-read.o)
                0x001243c0                _read_r
 .text._rename_r
                0x00124448       0x80 C:/devkitPro/devkitARM/bin/../lib/gcc/arm-none-eabi/14.2.0/../../../../arm-none-eabi/lib/armv6k/fpu\libsysbase.a(libsysbase_libsysbase_a-rename.o)
                0x00124448                _rename_r
 .text._rmdir_r
                0x001244c8       0x68 C:/devkitPro/devkitARM/bin/../lib/gcc/arm-none-eabi/14.2.0/../../../../arm-none-eabi/lib/armv6k/fpu\libsysbase.a(libsysbase_libsysbase_a-rmdir.o)
                0x001244c8                _rmdir_r
 .text.rmdir    0x00124530       0x18 C:/devkitPro/devkitARM/bin/../lib/gcc/arm-none-eabi/14.2.0/../../../../arm-none-eabi/lib/armv6k/fpu\libsysbase.a(libsysbase_libsysbase_a-rmdir.o)
                0x00124530                rmdir
 .text._sbrk_r  0x00124548       0x78 C:/devkitPro/devkitARM/bin/../lib/gcc/arm-none-eabi/14.2.0/../../../../arm-none-eabi/lib/armv6k/fpu\libsysbase.a(libsysbase_libsysbase_a-sbrk.o)
                0x00124548                _sbrk_r
 .text._stat_r  0x001245c0       0x70 C:/devkitPro/devkitARM/bin/../lib/gcc/arm-none-eabi/14.2.0/../../../../arm-none-eabi/lib/armv6k/fpu\libsysbase.a(libsysbase_libsysbase_a-stat.o)
                0x001245c0                _stat_r
 .text.__libc_lock_acquire
                0x00124630       0x1c C:/devkitPro/devkitARM/bin/../lib/gcc/arm-none-eabi/14.2.0/../../../../arm-none-eabi/lib/armv6k/fpu\libsysbase.a(libsysbase_libsysbase_a-syscall_support.o)
                0x00124630                __libc_lock_acquire
 .text.__libc_lock_release
                0x0012464c       0x1c C:/devkitPro/devkitARM/bin/../lib/gcc/arm-none-eabi/14.2.0/../../../../arm-none-eabi/lib/armv6k/fpu\libsysbase.a(libsysbase_libsysbase_a-syscall_support.o)
                0x0012464c                __libc_lock_release
 .text.__libc_lock_acquire_recursive
                0x00124668       0x1c C:/devkitPro/devkitARM/bin/../lib/gcc/arm-none-eabi/14.2.0/../../../../arm-none-eabi/lib/armv6k/fpu\libsysbase.a(libsysbase_libsysbase_a-syscall_support.o)
                0x00124668                __libc_lock_acquire_recursive
 .text.__libc_lock_release_recursive
                0x00124684       0x1c C:/devkitPro/devkitARM/bin/../lib/gcc/arm-none-eabi/14.2.0/../../../../arm-none-eabi/lib/armv6k/fpu\libsysbase.a(libsysbase_libsysbase_a-syscall_support.o)
                0x00124684                __libc_lock_release_recursive
 .text._unlink_r
                0x001246a0       0x64 C:/devkitPro/devkitARM/bin/../lib/gcc/arm-none-eabi/14.2.0/../../../../arm-none-eabi/lib/armv6k/fpu\libsysbase.a(libsysbase_libsysbase_a-unlink.o)
                0x001246a0                _unlink_r
 .text._write_r
                0x00124704       0x88 C:/devkitPro/devkitARM/bin/../lib/gcc/arm-none-eabi/14.2.0/../../../../arm-none-eabi/lib/armv6k/fpu\libsysbase.a(libsysbase_libsysbase_a-write.o)
                0x00124704                _write_r
 .text.__fixdfdi
                0x0012478c       0x38 C:/devkitPro/devkitARM/bin/../lib/gcc/arm-none-eabi/14.2.0/armv6k/fpu\libgcc.a(_fixdfdi.o)
                0x0012478c                __fixdfdi
                0x0012478c                __aeabi_d2lz
 *fill*         0x001247c4        0x4 
 .text.__fixunsdfdi
                0x001247c8       0x40 C:/devkitPro/devkitARM/bin/../lib/gcc/arm-none-eabi/14.2.0/armv6k/fpu\libgcc.a(_fixunsdfdi.o)
                0x001247c8                __fixunsdfdi
                0x001247c8                __aeabi_d2ulz
 .text.strrchr  0x00124808       0x48 C:/devkitPro/devkitARM/bin/../lib/gcc/arm-none-eabi/14.2.0/../../../../arm-none-eabi/lib/armv6k/fpu\libg.a(libc_a-strrchr.o)
                0x00124808                strrchr
 *(.glue_7)
 .glue_7        0x00124850        0x0 linker stubs
 *(.glue_7t)
 .glue_7t       0x00124850        0x0 linker stubs
 *(.stub)
 *(.gnu.warning)
 *(.gnu.linkonce.t*)
                0x00124850                        . = ALIGN (0x4)
 *(.fini)
 .fini          0x00124850        0xc C:/devkitPro/devkitARM/bin/../lib/gcc/arm-none-eabi/14.2.0/armv6k/fpu/crti.o
                0x00124850                _fini
 .fini          0x0012485c        0xc C:/devkitPro/devkitARM/bin/../lib/gcc/arm-none-eabi/14.2.0/armv6k/fpu/crtn.o
                0x00124868                        . = ALIGN (0x4)

.vfp11_veneer   0x00124868        0x0
 .vfp11_veneer  0x00124868        0x0 linker stubs

.v4_bx          0x00124868        0x0
 .v4_bx         0x00124868        0x0 linker stubs

.iplt           0x00124868        0x0
 .iplt          0x00124868        0x0 C:/devkitPro/devkitARM/bin/../lib/gcc/arm-none-eabi/14.2.0/../../../../arm-none-eabi/lib/armv6k/fpu/3dsx_crt0.o
                0x00125000                        . = ALIGN (0x1000)

.rodata         0x00125000     0x5a74
 *(.rodata)
 .rodata        0x00125000        0xc C:/devkitPro/libctru/lib\libctru.a(archive_dev.o)
 *(.roda)
 *(.rodata.*)
 .rodata.str1.4
                0x0012500c      0xe5b main.o
                                0x538 (size before relaxing)
 *fill*         0x00125e67        0x1 
 .rodata.consoleHandleColorEsc
                0x00125e68       0x6c C:/devkitPro/libctru/lib\libctru.a(console.o)
 .rodata.consolePrintChar
                0x00125ed4        0x6 C:/devkitPro/libctru/lib\libctru.a(console.o)
 .rodata.con_write
                0x00125eda       0x46 C:/devkitPro/libctru/lib\libctru.a(console.o)
 .rodata.str1.4
                0x00125f20       0x10 C:/devkitPro/libctru/lib\libctru.a(console.o)
 .rodata.dotab_stdout
                0x00125f20       0x80 C:/devkitPro/libctru/lib\libctru.a(console.o)
 .rodata.grayScale
                0x00125fa0       0x18 C:/devkitPro/libctru/lib\libctru.a(console.o)
 .rodata.colorCube
                0x00125fb8        0x6 C:/devkitPro/libctru/lib\libctru.a(console.o)
 *fill*         0x00125fbe        0x2 
 .rodata.colorTable
                0x00125fc0       0x30 C:/devkitPro/libctru/lib\libctru.a(console.o)
 .rodata.srvInit.str1.4
                0x00125ff0        0x5 C:/devkitPro/libctru/lib\libctru.a(srv.o)
 .rodata.gspInit.str1.4
                0x00125ff0        0x9 C:/devkitPro/libctru/lib\libctru.a(gspgpu.o)
 .rodata.aptSendCommand.str1.4
                0x00125ff0       0x16 C:/devkitPro/libctru/lib\libctru.a(apt.o)
 .rodata.aptEventHandler
                0x00125ff0        0xb C:/devkitPro/libctru/lib\libctru.a(apt.o)
 .rodata.aptWaitForWakeUp.isra.0
                0x00125ffb       0x11 C:/devkitPro/libctru/lib\libctru.a(apt.o)
 .rodata.s_sleepWakeEvents.4
                0x0012600c        0x8 C:/devkitPro/libctru/lib\libctru.a(apt.o)
 .rodata.hidInit.str1.4
                0x00126014       0x15 C:/devkitPro/libctru/lib\libctru.a(hid.o)
 .rodata.fsInit.str1.4
                0x00126014        0x8 C:/devkitPro/libctru/lib\libctru.a(fs.o)
 .rodata.__system_initArgv.str1.4
                0x00126014        0xa C:/devkitPro/libctru/lib\libctru.a(initArgv.o)
 .rodata.default_font_bin
                0x00126014      0x800 C:/devkitPro/libctru/lib\libctru.a(default_font.bin.o)
                0x00126014                default_font_bin
                0x00126814                default_font_bin_end
 .rodata.irrstInit.str1.4
                0x00126814        0x7 C:/devkitPro/libctru/lib\libctru.a(irrst.o)
 .rodata.ptmSysmInit.str1.4
                0x00126814        0x9 C:/devkitPro/libctru/lib\libctru.a(ptmsysm.o)
 .rodata.archive_utf16path.str1.4
                0x00126814        0x2 C:/devkitPro/libctru/lib\libctru.a(archive_dev.o)
 .rodata._archiveUnmountDeviceStruct.part.0.str1.4
                0x00126814        0x2 C:/devkitPro/libctru/lib\libctru.a(archive_dev.o)
 .rodata._archiveMountDevice.str1.4
                0x00126814        0xc C:/devkitPro/libctru/lib\libctru.a(archive_dev.o)
 .rodata.archiveMountSdmc.str1.4
                0x00126814        0x5 C:/devkitPro/libctru/lib\libctru.a(archive_dev.o)
 .rodata.error_table
                0x00126814       0x30 C:/devkitPro/libctru/lib\libctru.a(archive_dev.o)
 .rodata.str1.4
                0x00126844        0x8 C:/devkitPro/libctru/lib\libctru.a(archive_dev.o)
 .rodata.archive_devoptab
                0x00126844       0x80 C:/devkitPro/libctru/lib\libctru.a(archive_dev.o)
 .rodata._ctype_
                0x001268c4      0x101 C:/devkitPro/devkitARM/bin/../lib/gcc/arm-none-eabi/14.2.0/../../../../arm-none-eabi/lib/armv6k/fpu\libg.a(libc_a-ctype_.o)
                0x001268c4                _ctype_
 .rodata._puts_r.str1.4
                0x001269c5        0x2 C:/devkitPro/devkitARM/bin/../lib/gcc/arm-none-eabi/14.2.0/../../../../arm-none-eabi/lib/armv6k/fpu\libg.a(libc_a-puts.o)
 .rodata.__ssvfscanf_r.str1.1
                0x001269c5       0x40 C:/devkitPro/devkitARM/bin/../lib/gcc/arm-none-eabi/14.2.0/../../../../arm-none-eabi/lib/armv6k/fpu\libg.a(libc_a-svfscanf.o)
                                  0x6 (size before relaxing)
 *fill*         0x00126a05        0x1 
 .rodata.__ssvfscanf_r
                0x00126a06      0x114 C:/devkitPro/devkitARM/bin/../lib/gcc/arm-none-eabi/14.2.0/../../../../arm-none-eabi/lib/armv6k/fpu\libg.a(libc_a-svfscanf.o)
 *fill*         0x00126b1a        0x2 
 .rodata.basefix.0
                0x00126b1c       0x22 C:/devkitPro/devkitARM/bin/../lib/gcc/arm-none-eabi/14.2.0/../../../../arm-none-eabi/lib/armv6k/fpu\libg.a(libc_a-svfscanf.o)
 .rodata._perror_r.str1.4
                0x00126b3e        0x6 C:/devkitPro/devkitARM/bin/../lib/gcc/arm-none-eabi/14.2.0/../../../../arm-none-eabi/lib/armv6k/fpu\libg.a(libc_a-perror.o)
 .rodata._mbrtowc_r.str1.4
                0x00126b3e        0x1 C:/devkitPro/devkitARM/bin/../lib/gcc/arm-none-eabi/14.2.0/../../../../arm-none-eabi/lib/armv6k/fpu\libg.a(libc_a-mbrtowc.o)
 .rodata._strerror_r.str1.4
                0x00126b3e      0x701 C:/devkitPro/devkitARM/bin/../lib/gcc/arm-none-eabi/14.2.0/../../../../arm-none-eabi/lib/armv6k/fpu\libg.a(libc_a-strerror.o)
 .rodata._strerror_r
                0x00126b3e      0x11e C:/devkitPro/devkitARM/bin/../lib/gcc/arm-none-eabi/14.2.0/../../../../arm-none-eabi/lib/armv6k/fpu\libg.a(libc_a-strerror.o)
 .rodata.str1.4
                0x00126c5c       0x4c C:/devkitPro/devkitARM/bin/../lib/gcc/arm-none-eabi/14.2.0/../../../../arm-none-eabi/lib/armv6k/fpu\libg.a(libc_a-locale.o)
 .rodata._strtod_l.str1.4
                0x00126c5c       0x15 C:/devkitPro/devkitARM/bin/../lib/gcc/arm-none-eabi/14.2.0/../../../../arm-none-eabi/lib/armv6k/fpu\libg.a(libc_a-strtod.o)
 .rodata._strtod_l
                0x00126c5c       0x61 C:/devkitPro/devkitARM/bin/../lib/gcc/arm-none-eabi/14.2.0/../../../../arm-none-eabi/lib/armv6k/fpu\libg.a(libc_a-strtod.o)
 *fill*         0x00126cbd        0x3 
 .rodata.fpinan.0
                0x00126cc0       0x14 C:/devkitPro/devkitARM/bin/../lib/gcc/arm-none-eabi/14.2.0/../../../../arm-none-eabi/lib/armv6k/fpu\libg.a(libc_a-strtod.o)
 .rodata.fpi.1  0x00126cd4       0x14 C:/devkitPro/devkitARM/bin/../lib/gcc/arm-none-eabi/14.2.0/../../../../arm-none-eabi/lib/armv6k/fpu\libg.a(libc_a-strtod.o)
 .rodata.tinytens
                0x00126ce8       0x28 C:/devkitPro/devkitARM/bin/../lib/gcc/arm-none-eabi/14.2.0/../../../../arm-none-eabi/lib/armv6k/fpu\libg.a(libc_a-strtod.o)
 .rodata.__gethex.str1.4
                0x00126d10       0x62 C:/devkitPro/devkitARM/bin/../lib/gcc/arm-none-eabi/14.2.0/../../../../arm-none-eabi/lib/armv6k/fpu\libg.a(libc_a-gdtoa-gethex.o)
 .rodata.__hexdig
                0x00126d10      0x100 C:/devkitPro/devkitARM/bin/../lib/gcc/arm-none-eabi/14.2.0/../../../../arm-none-eabi/lib/armv6k/fpu\libg.a(libc_a-gdtoa-gethex.o)
                0x00126d10                __hexdig
 .rodata.get_arg
                0x00126e10       0x34 C:/devkitPro/devkitARM/bin/../lib/gcc/arm-none-eabi/14.2.0/../../../../arm-none-eabi/lib/armv6k/fpu\libg.a(libc_a-vfprintf.o)
 .rodata._vfprintf_r.str1.1
                0x00126e44       0x3b C:/devkitPro/devkitARM/bin/../lib/gcc/arm-none-eabi/14.2.0/../../../../arm-none-eabi/lib/armv6k/fpu\libg.a(libc_a-vfprintf.o)
 .rodata._vfprintf_r
                0x00126e44       0xb6 C:/devkitPro/devkitARM/bin/../lib/gcc/arm-none-eabi/14.2.0/../../../../arm-none-eabi/lib/armv6k/fpu\libg.a(libc_a-vfprintf.o)
 *fill*         0x00126efa        0x2 
 .rodata.zeroes.0
                0x00126efc       0x10 C:/devkitPro/devkitARM/bin/../lib/gcc/arm-none-eabi/14.2.0/../../../../arm-none-eabi/lib/armv6k/fpu\libg.a(libc_a-vfprintf.o)
 .rodata.blanks.1
                0x00126f0c       0x10 C:/devkitPro/devkitARM/bin/../lib/gcc/arm-none-eabi/14.2.0/../../../../arm-none-eabi/lib/armv6k/fpu\libg.a(libc_a-vfprintf.o)
 .rodata._dtoa_r.str1.4
                0x00126f1c       0x6a C:/devkitPro/devkitARM/bin/../lib/gcc/arm-none-eabi/14.2.0/../../../../arm-none-eabi/lib/armv6k/fpu\libg.a(libc_a-dtoa.o)
 .rodata._dtoa_r
                0x00126f1c        0x8 C:/devkitPro/devkitARM/bin/../lib/gcc/arm-none-eabi/14.2.0/../../../../arm-none-eabi/lib/armv6k/fpu\libg.a(libc_a-dtoa.o)
 .rodata.get_arg
                0x00126f24       0x34 C:/devkitPro/devkitARM/bin/../lib/gcc/arm-none-eabi/14.2.0/../../../../arm-none-eabi/lib/armv6k/fpu\libg.a(libc_a-svfprintf.o)
 .rodata._svfprintf_r.str1.1
                0x00126f58       0x3b C:/devkitPro/devkitARM/bin/../lib/gcc/arm-none-eabi/14.2.0/../../../../arm-none-eabi/lib/armv6k/fpu\libg.a(libc_a-svfprintf.o)
 .rodata._svfprintf_r
                0x00126f58       0xb6 C:/devkitPro/devkitARM/bin/../lib/gcc/arm-none-eabi/14.2.0/../../../../arm-none-eabi/lib/armv6k/fpu\libg.a(libc_a-svfprintf.o)